Component: ARM Compiler 5.06 update 6 (build 750) Tool: armlink [4d35ed]

==============================================================================

Section Cross References

    startup_stm32l011xx.o(RESET) refers to startup_stm32l011xx.o(STACK) for __initial_sp
    startup_stm32l011xx.o(RESET) refers to startup_stm32l011xx.o(.text) for Reset_Handler
    startup_stm32l011xx.o(RESET) refers to stm32l0xx_it.o(i.NMI_Handler) for NMI_Handler
    startup_stm32l011xx.o(RESET) refers to stm32l0xx_it.o(i.HardFault_Handler) for HardFault_Handler
    startup_stm32l011xx.o(RESET) refers to stm32l0xx_it.o(i.SVC_Handler) for SVC_Handler
    startup_stm32l011xx.o(RESET) refers to stm32l0xx_it.o(i.PendSV_Handler) for PendSV_Handler
    startup_stm32l011xx.o(RESET) refers to stm32l0xx_it.o(i.SysTick_Handler) for SysTick_Handler
    startup_stm32l011xx.o(RESET) refers to stm32l0xx_it.o(i.USART2_IRQHandler) for USART2_IRQHandler
    startup_stm32l011xx.o(.text) refers to startup_stm32l011xx.o(STACK) for __initial_sp
    startup_stm32l011xx.o(.text) refers to system_stm32l0xx.o(i.SystemInit) for SystemInit
    startup_stm32l011xx.o(.text) refers to entry.o(.ARM.Collect$$$$00000000) for __main
    hs300x.o(i.HS300X_Init) refers to stm32l0xx_hal_i2c.o(i.HAL_I2C_Mem_Write) for HAL_I2C_Mem_Write
    hs300x.o(i.HS300X_Init) refers to stm32l0xx_hal.o(i.HAL_Delay) for HAL_Delay
    hs300x.o(i.HS300X_Init) refers to stm32l0xx_hal_i2c.o(i.HAL_I2C_Master_Transmit) for HAL_I2C_Master_Transmit
    hs300x.o(i.HS300X_Init) refers to stm32l0xx_hal_i2c.o(i.HAL_I2C_Master_Receive) for HAL_I2C_Master_Receive
    hs300x.o(i.HS300X_Start_Measurement) refers to stm32l0xx_hal_i2c.o(i.HAL_I2C_Master_Transmit) for HAL_I2C_Master_Transmit
    hs300x.o(i.HS300X_Start_Measurement) refers to stm32l0xx_hal.o(i.HAL_Delay) for HAL_Delay
    hs300x.o(i.HS300X_Start_Measurement) refers to stm32l0xx_hal_i2c.o(i.HAL_I2C_Master_Receive) for HAL_I2C_Master_Receive
    hs300x.o(i.HS300X_Start_Measurement) refers to ffltui.o(.text) for __aeabi_ui2f
    hs300x.o(i.HS300X_Start_Measurement) refers to fdiv.o(.text) for __aeabi_fdiv
    hs300x.o(i.HS300X_Start_Measurement) refers to fmul.o(.text) for __aeabi_fmul
    hs300x.o(i.HS300X_Start_Measurement) refers to ffixi.o(.text) for __aeabi_f2iz
    hs300x.o(i.HS300X_Start_Measurement) refers to fadd.o(.text) for __aeabi_fsub
    hs300x.o(i.HS300X_Start_Measurement) refers to hs300x.o(.data) for .data
    user_modbus_rtu.o(i.ModRTU_Master_Read_Frame) refers to user_modbus_rtu.o(i.ModRTU_CRC) for ModRTU_CRC
    user_modbus_rtu.o(i.ModRTU_Master_Write_Frame) refers to user_modbus_rtu.o(i.ModRTU_CRC) for ModRTU_CRC
    user_modbus_rtu.o(i.ModRTU_Slave_ACK_Read_Frame) refers to user_modbus_rtu.o(i.ModRTU_CRC) for ModRTU_CRC
    user_modbus_rtu.o(i.ModRTU_Slave_ACK_Write_Frame) refers to user_modbus_rtu.o(i.ModRTU_CRC) for ModRTU_CRC
    user_modbus_rtu.o(i.Response_Error) refers to user_modbus_rtu.o(i.ModRTU_CRC) for ModRTU_CRC
    user_uart.o(i.Check_CountBuffer_Complete_Uart) refers to stm32l0xx_hal.o(i.HAL_GetTick) for HAL_GetTick
    user_uart.o(i.Check_CountBuffer_Complete_Uart) refers to user_uart.o(.data) for .data
    user_uart.o(i.Transmit_Data_Uart) refers to strlen.o(.text) for strlen
    user_uart.o(i.Transmit_Data_Uart) refers to stm32l0xx_hal_uart.o(i.HAL_UART_Transmit) for HAL_UART_Transmit
    uart_modbus_rtu.o(i.AT_Command_IF) refers to uart_modbus_rtu.o(i.Get_Length_Variable) for Get_Length_Variable
    uart_modbus_rtu.o(i.AT_Command_IF) refers to uidiv.o(.text) for __aeabi_uidivmod
    uart_modbus_rtu.o(i.AT_Command_IF) refers to uart_modbus_rtu.o(i.Send_Data_Terminal) for Send_Data_Terminal
    uart_modbus_rtu.o(i.AT_Command_IF) refers to uart_modbus_rtu.o(.bss) for .bss
    uart_modbus_rtu.o(i.AT_Command_IF) refers to uart_modbus_rtu.o(.data) for .data
    uart_modbus_rtu.o(i.Change_Baudrate_AddrSlave_Calib) refers to uart_modbus_rtu.o(i.Terminal_Receive) for Terminal_Receive
    uart_modbus_rtu.o(i.Change_Baudrate_AddrSlave_Calib) refers to uart_modbus_rtu.o(i.Send_Data_Terminal) for Send_Data_Terminal
    uart_modbus_rtu.o(i.Change_Baudrate_AddrSlave_Calib) refers to uart_modbus_rtu.o(i.Uart2_Init) for Uart2_Init
    uart_modbus_rtu.o(i.Change_Baudrate_AddrSlave_Calib) refers to stm32l0xx_hal_uart.o(i.HAL_UART_Receive_IT) for HAL_UART_Receive_IT
    uart_modbus_rtu.o(i.Change_Baudrate_AddrSlave_Calib) refers to uart_modbus_rtu.o(i.FLASH_WritePage) for FLASH_WritePage
    uart_modbus_rtu.o(i.Change_Baudrate_AddrSlave_Calib) refers to uart_modbus_rtu.o(i.AT_Command_IF) for AT_Command_IF
    uart_modbus_rtu.o(i.Change_Baudrate_AddrSlave_Calib) refers to uart_modbus_rtu.o(.data) for .data
    uart_modbus_rtu.o(i.FLASH_WritePage) refers to stm32l0xx_hal_flash.o(i.HAL_FLASH_Unlock) for HAL_FLASH_Unlock
    uart_modbus_rtu.o(i.FLASH_WritePage) refers to stm32l0xx_hal_flash_ex.o(i.HAL_FLASHEx_Erase) for HAL_FLASHEx_Erase
[...]
    stm32l0xx_hal_uart.o(i.UART_Start_Receive_IT) refers to stm32l0xx_hal_uart.o(i.UART_RxISR_8BIT) for UART_RxISR_8BIT
    stm32l0xx_hal_uart.o(i.UART_Start_Receive_IT) refers to stm32l0xx_hal_uart.o(i.UART_RxISR_16BIT) for UART_RxISR_16BIT
    stm32l0xx_hal_uart.o(i.UART_WaitOnFlagUntilTimeout) refers to stm32l0xx_hal.o(i.HAL_GetTick) for HAL_GetTick
    stm32l0xx_hal_uart.o(i.UART_WaitOnFlagUntilTimeout) refers to stm32l0xx_hal_uart.o(i.UART_EndRxTransfer) for UART_EndRxTransfer
    stm32l0xx_hal_uart_ex.o(i.HAL_MultiProcessorEx_AddressLength_Set) refers to stm32l0xx_hal_uart.o(i.UART_CheckIdleState) for UART_CheckIdleState
    stm32l0xx_hal_uart_ex.o(i.HAL_RS485Ex_Init) refers to stm32l0xx_hal_msp.o(i.HAL_UART_MspInit) for HAL_UART_MspInit
    stm32l0xx_hal_uart_ex.o(i.HAL_RS485Ex_Init) refers to stm32l0xx_hal_uart.o(i.UART_SetConfig) for UART_SetConfig
    stm32l0xx_hal_uart_ex.o(i.HAL_RS485Ex_Init) refers to stm32l0xx_hal_uart.o(i.UART_AdvFeatureConfig) for UART_AdvFeatureConfig
    stm32l0xx_hal_uart_ex.o(i.HAL_RS485Ex_Init) refers to stm32l0xx_hal_uart.o(i.UART_CheckIdleState) for UART_CheckIdleState
    stm32l0xx_hal_uart_ex.o(i.HAL_UARTEx_ReceiveToIdle) refers to stm32l0xx_hal.o(i.HAL_GetTick) for HAL_GetTick
    stm32l0xx_hal_uart_ex.o(i.HAL_UARTEx_ReceiveToIdle_DMA) refers to stm32l0xx_hal_uart.o(i.UART_Start_Receive_DMA) for UART_Start_Receive_DMA
    stm32l0xx_hal_uart_ex.o(i.HAL_UARTEx_ReceiveToIdle_IT) refers to stm32l0xx_hal_uart.o(i.UART_Start_Receive_IT) for UART_Start_Receive_IT
    stm32l0xx_hal_uart_ex.o(i.HAL_UARTEx_StopModeWakeUpSourceConfig) refers to stm32l0xx_hal.o(i.HAL_GetTick) for HAL_GetTick
    stm32l0xx_hal_uart_ex.o(i.HAL_UARTEx_StopModeWakeUpSourceConfig) refers to stm32l0xx_hal_uart.o(i.UART_WaitOnFlagUntilTimeout) for UART_WaitOnFlagUntilTimeout
    system_stm32l0xx.o(i.SystemCoreClockUpdate) refers to uidiv.o(.text) for __aeabi_uidivmod
    system_stm32l0xx.o(i.SystemCoreClockUpdate) refers to system_stm32l0xx.o(.data) for .data
    system_stm32l0xx.o(i.SystemCoreClockUpdate) refers to system_stm32l0xx.o(.constdata) for .constdata
    entry.o(.ARM.Collect$$$$00000000) refers (Special) to entry10a.o(.ARM.Collect$$$$0000000D) for __rt_final_cpp
    entry.o(.ARM.Collect$$$$00000000) refers (Special) to entry11a.o(.ARM.Collect$$$$0000000F) for __rt_final_exit
    entry.o(.ARM.Collect$$$$00000000) refers (Special) to entry7b.o(.ARM.Collect$$$$00000008) for _main_clock
    entry.o(.ARM.Collect$$$$00000000) refers (Special) to entry8b.o(.ARM.Collect$$$$0000000A) for _main_cpp_init
    entry.o(.ARM.Collect$$$$00000000) refers (Special) to entry9a.o(.ARM.Collect$$$$0000000B) for _main_init
    entry.o(.ARM.Collect$$$$00000000) refers (Special) to entry5.o(.ARM.Collect$$$$00000004) for _main_scatterload
    entry.o(.ARM.Collect$$$$00000000) refers (Special) to entry2.o(.ARM.Collect$$$$00000001) for _main_stk
    uldiv.o(.text) refers to llushr.o(.text) for __aeabi_llsr
    uldiv.o(.text) refers to llshl.o(.text) for __aeabi_llsl
    fadd.o(.text) refers (Special) to iusefp.o(.text) for __I$use$fp
    fadd.o(.text) refers to fepilogue.o(.text) for _float_epilogue
    fmul.o(.text) refers (Special) to iusefp.o(.text) for __I$use$fp
    fdiv.o(.text) refers (Special) to iusefp.o(.text) for __I$use$fp
    fdiv.o(.text) refers to fepilogue.o(.text) for _float_round
    ffltui.o(.text) refers (Special) to iusefp.o(.text) for __I$use$fp
    ffltui.o(.text) refers to fepilogue.o(.text) for _float_epilogue
    ffixi.o(.text) refers (Special) to iusefp.o(.text) for __I$use$fp
    entry2.o(.ARM.Collect$$$$00000001) refers to entry2.o(.ARM.Collect$$$$00002712) for __lit__00000000
    entry2.o(.ARM.Collect$$$$00002712) refers to startup_stm32l011xx.o(STACK) for __initial_sp
    entry2.o(__vectab_stack_and_reset_area) refers to startup_stm32l011xx.o(STACK) for __initial_sp
    entry2.o(__vectab_stack_and_reset_area) refers to entry.o(.ARM.Collect$$$$00000000) for __main
    entry5.o(.ARM.Collect$$$$00000004) refers to init.o(.text) for __scatterload
    entry9a.o(.ARM.Collect$$$$0000000B) refers to main.o(i.main) for main
    entry9b.o(.ARM.Collect$$$$0000000C) refers to main.o(i.main) for main
    init.o(.text) refers to entry5.o(.ARM.Collect$$$$00000004) for __main_after_scatterload


==============================================================================

Removing Unused input sections from the image.

    Removing startup_stm32l011xx.o(HEAP), (512 bytes).
    Removing hs300x.o(.rev16_text), (4 bytes).
    Removing hs300x.o(.revsh_text), (4 bytes).
    Removing hs300x.o(i.HS300X_Init), (264 bytes).
    Removing user_modbus_rtu.o(.rev16_text), (4 bytes).
    Removing user_modbus_rtu.o(.revsh_text), (4 bytes).
    Removing user_modbus_rtu.o(i.ModRTU_Convert_Special_Byte), (66 bytes).
    Removing user_modbus_rtu.o(i.ModRTU_Master_Read_Frame), (60 bytes).
    Removing user_modbus_rtu.o(i.ModRTU_Master_Write_Frame), (118 bytes).
    Removing user_uart.o(.rev16_text), (4 bytes).
    Removing user_uart.o(.revsh_text), (4 bytes).
    Removing user_uart.o(i.Transmit_Data_Uart), (48 bytes).
    Removing uart_modbus_rtu.o(.rev16_text), (4 bytes).
    Removing uart_modbus_rtu.o(.revsh_text), (4 bytes).
    Removing main.o(.rev16_text), (4 bytes).
    Removing main.o(.revsh_text), (4 bytes).
    Removing main.o(i.Error_Handler), (4 bytes).
    Removing stm32l0xx_it.o(.rev16_text), (4 bytes).
    Removing stm32l0xx_it.o(.revsh_text), (4 bytes).
    Removing stm32l0xx_hal_msp.o(.rev16_text), (4 bytes).
    Removing stm32l0xx_hal_msp.o(.revsh_text), (4 bytes).
    Removing stm32l0xx_hal_msp.o(i.HAL_I2C_MspDeInit), (56 bytes).
    Removing stm32l0xx_hal_msp.o(i.HAL_UART_MspDeInit), (48 bytes).
    Removing stm32l0xx_hal_i2c.o(.rev16_text), (4 bytes).
    Removing stm32l0xx_hal_i2c.o(.revsh_text), (4 bytes).
    Removing stm32l0xx_hal_i2c.o(i.HAL_I2C_AbortCpltCallback), (2 bytes).
    Removing stm32l0xx_hal_i2c.o(i.HAL_I2C_AddrCallback), (2 bytes).
    Removing stm32l0xx_hal_i2c.o(i.HAL_I2C_DeInit), (48 bytes).
    Removing stm32l0xx_hal_i2c.o(i.HAL_I2C_DisableListen_IT), (50 bytes).
    Removing stm32l0xx_hal_i2c.o(i.HAL_I2C_ER_IRQHandler), (94 bytes).
    Removing stm32l0xx_hal_i2c.o(i.HAL_I2C_EV_IRQHandler), (16 bytes).
    Removing stm32l0xx_hal_i2c.o(i.HAL_I2C_EnableListen_IT), (40 bytes).
    Removing stm32l0xx_hal_i2c.o(i.HAL_I2C_ErrorCallback), (2 bytes).
    Removing stm32l0xx_hal_i2c.o(i.HAL_I2C_GetError), (4 bytes).
    Removing stm32l0xx_hal_i2c.o(i.HAL_I2C_GetMode), (6 bytes).
    Removing stm32l0xx_hal_i2c.o(i.HAL_I2C_GetState), (6 bytes).
    Removing stm32l0xx_hal_i2c.o(i.HAL_I2C_IsDeviceReady), (292 bytes).
    Removing stm32l0xx_hal_i2c.o(i.HAL_I2C_ListenCpltCallback), (2 bytes).
    Removing stm32l0xx_hal_i2c.o(i.HAL_I2C_MasterRxCpltCallback), (2 bytes).
    Removing stm32l0xx_hal_i2c.o(i.HAL_I2C_MasterTxCpltCallback), (2 bytes).
    Removing stm32l0xx_hal_i2c.o(i.HAL_I2C_Master_Abort_IT), (112 bytes).
    Removing stm32l0xx_hal_i2c.o(i.HAL_I2C_Master_Receive_DMA), (280 bytes).
    Removing stm32l0xx_hal_i2c.o(i.HAL_I2C_Master_Receive_IT), (128 bytes).
    Removing stm32l0xx_hal_i2c.o(i.HAL_I2C_Master_Seq_Receive_DMA), (320 bytes).
    Removing stm32l0xx_hal_i2c.o(i.HAL_I2C_Master_Seq_Receive_IT), (156 bytes).
    Removing stm32l0xx_hal_i2c.o(i.HAL_I2C_Master_Seq_Transmit_DMA), (316 bytes).
    Removing stm32l0xx_hal_i2c.o(i.HAL_I2C_Master_Seq_Transmit_IT), (156 bytes).
    Removing stm32l0xx_hal_i2c.o(i.HAL_I2C_Master_Transmit_DMA), (284 bytes).
    Removing stm32l0xx_hal_i2c.o(i.HAL_I2C_Master_Transmit_IT), (128 bytes).
    Removing stm32l0xx_hal_i2c.o(i.HAL_I2C_MemRxCpltCallback), (2 bytes).
    Removing stm32l0xx_hal_i2c.o(i.HAL_I2C_MemTxCpltCallback), (2 bytes).
    Removing stm32l0xx_hal_i2c.o(i.HAL_I2C_Mem_Read), (340 bytes).
    Removing stm32l0xx_hal_i2c.o(i.HAL_I2C_Mem_Read_DMA), (252 bytes).
    Removing stm32l0xx_hal_i2c.o(i.HAL_I2C_Mem_Read_IT), (156 bytes).
    Removing stm32l0xx_hal_i2c.o(i.HAL_I2C_Mem_Write), (332 bytes).
    Removing stm32l0xx_hal_i2c.o(i.HAL_I2C_Mem_Write_DMA), (248 bytes).
    Removing stm32l0xx_hal_i2c.o(i.HAL_I2C_Mem_Write_IT), (156 bytes).
    Removing stm32l0xx_hal_i2c.o(i.HAL_I2C_MspDeInit), (2 bytes).
    Removing stm32l0xx_hal_i2c.o(i.HAL_I2C_MspInit), (2 bytes).
    Removing stm32l0xx_hal_i2c.o(i.HAL_I2C_SlaveRxCpltCallback), (2 bytes).
    Removing stm32l0xx_hal_i2c.o(i.HAL_I2C_SlaveTxCpltCallback), (2 bytes).
    Removing stm32l0xx_hal_i2c.o(i.HAL_I2C_Slave_Receive), (294 bytes).
    Removing stm32l0xx_hal_i2c.o(i.HAL_I2C_Slave_Receive_DMA), (200 bytes).
    Removing stm32l0xx_hal_i2c.o(i.HAL_I2C_Slave_Receive_IT), (88 bytes).
    Removing stm32l0xx_hal_i2c.o(i.HAL_I2C_Slave_Seq_Receive_DMA), (372 bytes).
    Removing stm32l0xx_hal_i2c.o(i.HAL_I2C_Slave_Seq_Receive_IT), (212 bytes).
    Removing stm32l0xx_hal_i2c.o(i.HAL_I2C_Slave_Seq_Transmit_DMA), (376 bytes).
    Removing stm32l0xx_hal_i2c.o(i.HAL_I2C_Slave_Seq_Transmit_IT), (216 bytes).
    Removing stm32l0xx_hal_i2c.o(i.HAL_I2C_Slave_Transmit), (342 bytes).
    Removing stm32l0xx_hal_i2c.o(i.HAL_I2C_Slave_Transmit_DMA), (260 bytes).
    Removing stm32l0xx_hal_i2c.o(i.HAL_I2C_Slave_Transmit_IT), (124 bytes).
    Removing stm32l0xx_hal_i2c.o(i.I2C_ConvertOtherXferOptions), (28 bytes).
    Removing stm32l0xx_hal_i2c.o(i.I2C_DMAAbort), (28 bytes).
    Removing stm32l0xx_hal_i2c.o(i.I2C_DMAError), (24 bytes).
    Removing stm32l0xx_hal_i2c.o(i.I2C_DMAMasterReceiveCplt), (84 bytes).
    Removing stm32l0xx_hal_i2c.o(i.I2C_DMAMasterTransmitCplt), (84 bytes).
    Removing stm32l0xx_hal_i2c.o(i.I2C_DMASlaveReceiveCplt), (42 bytes).
    Removing stm32l0xx_hal_i2c.o(i.I2C_DMASlaveTransmitCplt), (36 bytes).
    Removing stm32l0xx_hal_i2c.o(i.I2C_Disable_IRQ), (82 bytes).
    Removing stm32l0xx_hal_i2c.o(i.I2C_Enable_IRQ), (128 bytes).
    Removing stm32l0xx_hal_i2c.o(i.I2C_ITAddrCplt), (124 bytes).
    Removing stm32l0xx_hal_i2c.o(i.I2C_ITError), (276 bytes).
    Removing stm32l0xx_hal_i2c.o(i.I2C_ITListenCplt), (100 bytes).
    Removing stm32l0xx_hal_i2c.o(i.I2C_ITMasterCplt), (216 bytes).
    Removing stm32l0xx_hal_i2c.o(i.I2C_ITMasterSeqCplt), (70 bytes).
    Removing stm32l0xx_hal_i2c.o(i.I2C_ITSlaveCplt), (316 bytes).
    Removing stm32l0xx_hal_i2c.o(i.I2C_ITSlaveSeqCplt), (106 bytes).
    Removing stm32l0xx_hal_i2c.o(i.I2C_Master_ISR_DMA), (268 bytes).
    Removing stm32l0xx_hal_i2c.o(i.I2C_Master_ISR_IT), (304 bytes).
    Removing stm32l0xx_hal_i2c.o(i.I2C_Mem_ISR_DMA), (272 bytes).
    Removing stm32l0xx_hal_i2c.o(i.I2C_Mem_ISR_IT), (292 bytes).
    Removing stm32l0xx_hal_i2c.o(i.I2C_RequestMemoryRead), (96 bytes).
    Removing stm32l0xx_hal_i2c.o(i.I2C_RequestMemoryWrite), (96 bytes).
    Removing stm32l0xx_hal_i2c.o(i.I2C_Slave_ISR_DMA), (274 bytes).
    Removing stm32l0xx_hal_i2c.o(i.I2C_Slave_ISR_IT), (304 bytes).
    Removing stm32l0xx_hal_i2c.o(i.I2C_TreatErrorCallback), (38 bytes).
    Removing stm32l0xx_hal_i2c_ex.o(.rev16_text), (4 bytes).
    Removing stm32l0xx_hal_i2c_ex.o(.revsh_text), (4 bytes).
    Removing stm32l0xx_hal_i2c_ex.o(i.HAL_I2CEx_DisableFastModePlus), (28 bytes).
    Removing stm32l0xx_hal_i2c_ex.o(i.HAL_I2CEx_DisableWakeUp), (66 bytes).
    Removing stm32l0xx_hal_i2c_ex.o(i.HAL_I2CEx_EnableFastModePlus), (28 bytes).
    Removing stm32l0xx_hal_i2c_ex.o(i.HAL_I2CEx_EnableWakeUp), (66 bytes).
    Removing stm32l0xx_hal.o(.rev16_text), (4 bytes).
    Removing stm32l0xx_hal.o(.revsh_text), (4 bytes).
    Removing stm32l0xx_hal.o(i.HAL_DBGMCU_DBG_DisableLowPowerConfig), (16 bytes).
    Removing stm32l0xx_hal.o(i.HAL_DBGMCU_DBG_EnableLowPowerConfig), (16 bytes).
    Removing stm32l0xx_hal.o(i.HAL_DBGMCU_DisableDBGSleepMode), (16 bytes).
    Removing stm32l0xx_hal.o(i.HAL_DBGMCU_DisableDBGStandbyMode), (16 bytes).
    Removing stm32l0xx_hal.o(i.HAL_DBGMCU_DisableDBGStopMode), (16 bytes).
    Removing stm32l0xx_hal.o(i.HAL_DBGMCU_EnableDBGSleepMode), (16 bytes).
    Removing stm32l0xx_hal.o(i.HAL_DBGMCU_EnableDBGStandbyMode), (16 bytes).
    Removing stm32l0xx_hal.o(i.HAL_DBGMCU_EnableDBGStopMode), (16 bytes).
    Removing stm32l0xx_hal.o(i.HAL_DeInit), (40 bytes).
    Removing stm32l0xx_hal.o(i.HAL_GetDEVID), (16 bytes).
    Removing stm32l0xx_hal.o(i.HAL_GetHalVersion), (8 bytes).
    Removing stm32l0xx_hal.o(i.HAL_GetREVID), (12 bytes).
    Removing stm32l0xx_hal.o(i.HAL_GetTickFreq), (12 bytes).
    Removing stm32l0xx_hal.o(i.HAL_GetTickPrio), (12 bytes).
    Removing stm32l0xx_hal.o(i.HAL_GetUIDw0), (12 bytes).
    Removing stm32l0xx_hal.o(i.HAL_GetUIDw1), (12 bytes).
    Removing stm32l0xx_hal.o(i.HAL_GetUIDw2), (12 bytes).
    Removing stm32l0xx_hal.o(i.HAL_MspDeInit), (2 bytes).
    Removing stm32l0xx_hal.o(i.HAL_MspInit), (2 bytes).
    Removing stm32l0xx_hal.o(i.HAL_ResumeTick), (16 bytes).
    Removing stm32l0xx_hal.o(i.HAL_SYSCFG_Disable_Lock_VREFINT), (16 bytes).
    Removing stm32l0xx_hal.o(i.HAL_SYSCFG_Enable_Lock_VREFINT), (16 bytes).
    Removing stm32l0xx_hal.o(i.HAL_SYSCFG_GetBootMode), (16 bytes).
    Removing stm32l0xx_hal.o(i.HAL_SYSCFG_VREFINT_OutputSelect), (24 bytes).
    Removing stm32l0xx_hal.o(i.HAL_SetTickFreq), (36 bytes).
    Removing stm32l0xx_hal.o(i.HAL_SuspendTick), (16 bytes).
    Removing stm32l0xx_hal_rcc.o(.rev16_text), (4 bytes).
    Removing stm32l0xx_hal_rcc.o(.revsh_text), (4 bytes).
    Removing stm32l0xx_hal_rcc.o(i.HAL_RCC_DeInit), (208 bytes).
    Removing stm32l0xx_hal_rcc.o(i.HAL_RCC_GetClockConfig), (64 bytes).
    Removing stm32l0xx_hal_rcc.o(i.HAL_RCC_GetHCLKFreq), (12 bytes).
    Removing stm32l0xx_hal_rcc.o(i.HAL_RCC_GetOscConfig), (184 bytes).
    Removing stm32l0xx_hal_rcc.o(i.HAL_RCC_MCOConfig), (96 bytes).
    Removing stm32l0xx_hal_rcc_ex.o(.rev16_text), (4 bytes).
    Removing stm32l0xx_hal_rcc_ex.o(.revsh_text), (4 bytes).
    Removing stm32l0xx_hal_rcc_ex.o(i.HAL_RCCEx_DisableLSECSS), (32 bytes).
    Removing stm32l0xx_hal_rcc_ex.o(i.HAL_RCCEx_EnableLSECSS), (20 bytes).
    Removing stm32l0xx_hal_rcc_ex.o(i.HAL_RCCEx_EnableLSECSS_IT), (52 bytes).
    Removing stm32l0xx_hal_rcc_ex.o(i.HAL_RCCEx_GetPeriphCLKConfig), (84 bytes).
    Removing stm32l0xx_hal_rcc_ex.o(i.HAL_RCCEx_GetPeriphCLKFreq), (268 bytes).
    Removing stm32l0xx_hal_rcc_ex.o(i.HAL_RCCEx_LSECSS_Callback), (2 bytes).
    Removing stm32l0xx_hal_rcc_ex.o(i.HAL_RCCEx_LSECSS_IRQHandler), (24 bytes).
    Removing stm32l0xx_hal_flash_ramfunc.o(.rev16_text), (4 bytes).
    Removing stm32l0xx_hal_flash_ramfunc.o(.revsh_text), (4 bytes).
    Removing stm32l0xx_hal_flash_ramfunc.o(i.FLASHRAM_SetErrorCode), (144 bytes).
    Removing stm32l0xx_hal_flash_ramfunc.o(i.FLASHRAM_WaitForLastOperation), (96 bytes).
    Removing stm32l0xx_hal_flash_ramfunc.o(i.HAL_FLASHEx_DisableRunPowerDown), (36 bytes).
    Removing stm32l0xx_hal_flash_ramfunc.o(i.HAL_FLASHEx_EnableRunPowerDown), (36 bytes).
    Removing stm32l0xx_hal_flash_ramfunc.o(i.HAL_FLASHEx_GetError), (16 bytes).
    Removing stm32l0xx_hal_flash_ramfunc.o(i.HAL_FLASHEx_HalfPageProgram), (84 bytes).
    Removing stm32l0xx_hal_flash.o(.rev16_text), (4 bytes).
    Removing stm32l0xx_hal_flash.o(.revsh_text), (4 bytes).
    Removing stm32l0xx_hal_flash.o(i.HAL_FLASH_EndOfOperationCallback), (2 bytes).
    Removing stm32l0xx_hal_flash.o(i.HAL_FLASH_GetError), (12 bytes).
    Removing stm32l0xx_hal_flash.o(i.HAL_FLASH_IRQHandler), (220 bytes).
    Removing stm32l0xx_hal_flash.o(i.HAL_FLASH_OB_Launch), (32 bytes).
    Removing stm32l0xx_hal_flash.o(i.HAL_FLASH_OB_Lock), (20 bytes).
    Removing stm32l0xx_hal_flash.o(i.HAL_FLASH_OB_Unlock), (68 bytes).
    Removing stm32l0xx_hal_flash.o(i.HAL_FLASH_OperationErrorCallback), (2 bytes).
    Removing stm32l0xx_hal_flash.o(i.HAL_FLASH_Program_IT), (52 bytes).
    Removing stm32l0xx_hal_flash_ex.o(.rev16_text), (4 bytes).
    Removing stm32l0xx_hal_flash_ex.o(.revsh_text), (4 bytes).
    Removing stm32l0xx_hal_flash_ex.o(i.FLASH_OB_ProtectedSectorsConfig), (80 bytes).
    Removing stm32l0xx_hal_flash_ex.o(i.HAL_FLASHEx_AdvOBGetConfig), (24 bytes).
    Removing stm32l0xx_hal_flash_ex.o(i.HAL_FLASHEx_AdvOBProgram), (24 bytes).
    Removing stm32l0xx_hal_flash_ex.o(i.HAL_FLASHEx_DATAEEPROM_DisableFixedTimeProgram), (16 bytes).
    Removing stm32l0xx_hal_flash_ex.o(i.HAL_FLASHEx_DATAEEPROM_EnableFixedTimeProgram), (16 bytes).
    Removing stm32l0xx_hal_flash_ex.o(i.HAL_FLASHEx_DATAEEPROM_Erase), (40 bytes).
    Removing stm32l0xx_hal_flash_ex.o(i.HAL_FLASHEx_DATAEEPROM_Lock), (20 bytes).
    Removing stm32l0xx_hal_flash_ex.o(i.HAL_FLASHEx_DATAEEPROM_Program), (88 bytes).
    Removing stm32l0xx_hal_flash_ex.o(i.HAL_FLASHEx_DATAEEPROM_Unlock), (52 bytes).
    Removing stm32l0xx_hal_flash_ex.o(i.HAL_FLASHEx_Erase_IT), (92 bytes).
    Removing stm32l0xx_hal_flash_ex.o(i.HAL_FLASHEx_OBGetConfig), (56 bytes).
    Removing stm32l0xx_hal_flash_ex.o(i.HAL_FLASHEx_OBProgram), (288 bytes).
    Removing stm32l0xx_hal_flash_ex.o(i.HAL_FLASHEx_OB_DeSelectPCROP), (52 bytes).
    Removing stm32l0xx_hal_flash_ex.o(i.HAL_FLASHEx_OB_SelectPCROP), (56 bytes).
    Removing stm32l0xx_hal_gpio.o(.rev16_text), (4 bytes).
    Removing stm32l0xx_hal_gpio.o(.revsh_text), (4 bytes).
    Removing stm32l0xx_hal_gpio.o(i.HAL_GPIO_DeInit), (188 bytes).
    Removing stm32l0xx_hal_gpio.o(i.HAL_GPIO_EXTI_Callback), (2 bytes).
    Removing stm32l0xx_hal_gpio.o(i.HAL_GPIO_EXTI_IRQHandler), (24 bytes).
    Removing stm32l0xx_hal_gpio.o(i.HAL_GPIO_LockPin), (36 bytes).
    Removing stm32l0xx_hal_gpio.o(i.HAL_GPIO_ReadPin), (10 bytes).
    Removing stm32l0xx_hal_gpio.o(i.HAL_GPIO_TogglePin), (16 bytes).
    Removing stm32l0xx_hal_dma.o(.rev16_text), (4 bytes).
    Removing stm32l0xx_hal_dma.o(.revsh_text), (4 bytes).
    Removing stm32l0xx_hal_dma.o(i.DMA_SetConfig), (44 bytes).
    Removing stm32l0xx_hal_dma.o(i.HAL_DMA_DeInit), (104 bytes).
    Removing stm32l0xx_hal_dma.o(i.HAL_DMA_GetError), (4 bytes).
    Removing stm32l0xx_hal_dma.o(i.HAL_DMA_GetState), (6 bytes).
    Removing stm32l0xx_hal_dma.o(i.HAL_DMA_IRQHandler), (168 bytes).
    Removing stm32l0xx_hal_dma.o(i.HAL_DMA_Init), (144 bytes).
    Removing stm32l0xx_hal_dma.o(i.HAL_DMA_PollForTransfer), (198 bytes).
    Removing stm32l0xx_hal_dma.o(i.HAL_DMA_RegisterCallback), (72 bytes).
    Removing stm32l0xx_hal_dma.o(i.HAL_DMA_Start), (74 bytes).
    Removing stm32l0xx_hal_dma.o(i.HAL_DMA_Start_IT), (104 bytes).
    Removing stm32l0xx_hal_dma.o(i.HAL_DMA_UnRegisterCallback), (78 bytes).
    Removing stm32l0xx_hal_pwr.o(.rev16_text), (4 bytes).
    Removing stm32l0xx_hal_pwr.o(.revsh_text), (4 bytes).
    Removing stm32l0xx_hal_pwr.o(i.HAL_PWR_ConfigPVD), (104 bytes).
    Removing stm32l0xx_hal_pwr.o(i.HAL_PWR_DeInit), (24 bytes).
    Removing stm32l0xx_hal_pwr.o(i.HAL_PWR_DisableBkUpAccess), (16 bytes).
    Removing stm32l0xx_hal_pwr.o(i.HAL_PWR_DisablePVD), (16 bytes).
    Removing stm32l0xx_hal_pwr.o(i.HAL_PWR_DisableSEVOnPend), (16 bytes).
    Removing stm32l0xx_hal_pwr.o(i.HAL_PWR_DisableSleepOnExit), (16 bytes).
    Removing stm32l0xx_hal_pwr.o(i.HAL_PWR_DisableWakeUpPin), (16 bytes).
    Removing stm32l0xx_hal_pwr.o(i.HAL_PWR_EnableBkUpAccess), (16 bytes).
    Removing stm32l0xx_hal_pwr.o(i.HAL_PWR_EnablePVD), (16 bytes).
    Removing stm32l0xx_hal_pwr.o(i.HAL_PWR_EnableSEVOnPend), (16 bytes).
    Removing stm32l0xx_hal_pwr.o(i.HAL_PWR_EnableSleepOnExit), (16 bytes).
    Removing stm32l0xx_hal_pwr.o(i.HAL_PWR_EnableWakeUpPin), (16 bytes).
    Removing stm32l0xx_hal_pwr.o(i.HAL_PWR_EnterSLEEPMode), (96 bytes).
    Removing stm32l0xx_hal_pwr.o(i.HAL_PWR_EnterSTANDBYMode), (32 bytes).
    Removing stm32l0xx_hal_pwr.o(i.HAL_PWR_EnterSTOPMode), (100 bytes).
    Removing stm32l0xx_hal_pwr.o(i.HAL_PWR_PVDCallback), (2 bytes).
    Removing stm32l0xx_hal_pwr.o(i.HAL_PWR_PVD_IRQHandler), (28 bytes).
    Removing stm32l0xx_hal_pwr_ex.o(.rev16_text), (4 bytes).
    Removing stm32l0xx_hal_pwr_ex.o(.revsh_text), (4 bytes).
    Removing stm32l0xx_hal_pwr_ex.o(i.HAL_PWREx_DisableFastWakeUp), (16 bytes).
    Removing stm32l0xx_hal_pwr_ex.o(i.HAL_PWREx_DisableLowPowerRunMode), (76 bytes).
    Removing stm32l0xx_hal_pwr_ex.o(i.HAL_PWREx_DisableUltraLowPower), (16 bytes).
    Removing stm32l0xx_hal_pwr_ex.o(i.HAL_PWREx_EnableFastWakeUp), (16 bytes).
    Removing stm32l0xx_hal_pwr_ex.o(i.HAL_PWREx_EnableLowPowerRunMode), (24 bytes).
    Removing stm32l0xx_hal_pwr_ex.o(i.HAL_PWREx_EnableUltraLowPower), (16 bytes).
    Removing stm32l0xx_hal_pwr_ex.o(i.HAL_PWREx_GetVoltageRange), (16 bytes).
    Removing stm32l0xx_hal_cortex.o(.rev16_text), (4 bytes).
    Removing stm32l0xx_hal_cortex.o(.revsh_text), (4 bytes).
    Removing stm32l0xx_hal_cortex.o(i.HAL_NVIC_ClearPendingIRQ), (24 bytes).
    Removing stm32l0xx_hal_cortex.o(i.HAL_NVIC_DisableIRQ), (32 bytes).
    Removing stm32l0xx_hal_cortex.o(i.HAL_NVIC_GetPendingIRQ), (32 bytes).
    Removing stm32l0xx_hal_cortex.o(i.HAL_NVIC_GetPriority), (52 bytes).
    Removing stm32l0xx_hal_cortex.o(i.HAL_NVIC_SetPendingIRQ), (24 bytes).
    Removing stm32l0xx_hal_cortex.o(i.HAL_NVIC_SystemReset), (28 bytes).
    Removing stm32l0xx_hal_cortex.o(i.HAL_SYSTICK_CLKSourceConfig), (24 bytes).
    Removing stm32l0xx_hal_exti.o(.rev16_text), (4 bytes).
    Removing stm32l0xx_hal_exti.o(.revsh_text), (4 bytes).
    Removing stm32l0xx_hal_exti.o(i.HAL_EXTI_ClearConfigLine), (100 bytes).
    Removing stm32l0xx_hal_exti.o(i.HAL_EXTI_ClearPending), (20 bytes).
    Removing stm32l0xx_hal_exti.o(i.HAL_EXTI_GenerateSWI), (20 bytes).
    Removing stm32l0xx_hal_exti.o(i.HAL_EXTI_GetConfigLine), (132 bytes).
    Removing stm32l0xx_hal_exti.o(i.HAL_EXTI_GetHandle), (14 bytes).
    Removing stm32l0xx_hal_exti.o(i.HAL_EXTI_GetPending), (24 bytes).
    Removing stm32l0xx_hal_exti.o(i.HAL_EXTI_IRQHandler), (36 bytes).
    Removing stm32l0xx_hal_exti.o(i.HAL_EXTI_RegisterCallback), (16 bytes).
    Removing stm32l0xx_hal_exti.o(i.HAL_EXTI_SetConfigLine), (148 bytes).
    Removing stm32l0xx_hal_iwdg.o(.rev16_text), (4 bytes).
    Removing stm32l0xx_hal_iwdg.o(.revsh_text), (4 bytes).
    Removing stm32l0xx_hal_tim.o(.rev16_text), (4 bytes).
    Removing stm32l0xx_hal_tim.o(.revsh_text), (4 bytes).
    Removing stm32l0xx_hal_tim_ex.o(.rev16_text), (4 bytes).
    Removing stm32l0xx_hal_tim_ex.o(.revsh_text), (4 bytes).
    Removing stm32l0xx_hal_uart.o(.rev16_text), (4 bytes).
    Removing stm32l0xx_hal_uart.o(.revsh_text), (4 bytes).
    Removing stm32l0xx_hal_uart.o(i.HAL_HalfDuplex_EnableReceiver), (78 bytes).
    Removing stm32l0xx_hal_uart.o(i.HAL_HalfDuplex_EnableTransmitter), (78 bytes).
    Removing stm32l0xx_hal_uart.o(i.HAL_HalfDuplex_Init), (116 bytes).
    Removing stm32l0xx_hal_uart.o(i.HAL_LIN_Init), (146 bytes).
    Removing stm32l0xx_hal_uart.o(i.HAL_LIN_SendBreak), (44 bytes).
    Removing stm32l0xx_hal_uart.o(i.HAL_MultiProcessor_DisableMuteMode), (58 bytes).
    Removing stm32l0xx_hal_uart.o(i.HAL_MultiProcessor_EnableMuteMode), (58 bytes).
    Removing stm32l0xx_hal_uart.o(i.HAL_MultiProcessor_EnterMuteMode), (12 bytes).
    Removing stm32l0xx_hal_uart.o(i.HAL_MultiProcessor_Init), (142 bytes).
    Removing stm32l0xx_hal_uart.o(i.HAL_UART_Abort), (250 bytes).
    Removing stm32l0xx_hal_uart.o(i.HAL_UART_AbortCpltCallback), (2 bytes).
    Removing stm32l0xx_hal_uart.o(i.HAL_UART_AbortReceive), (184 bytes).
    Removing stm32l0xx_hal_uart.o(i.HAL_UART_AbortReceiveCpltCallback), (2 bytes).
    Removing stm32l0xx_hal_uart.o(i.HAL_UART_AbortReceive_IT), (204 bytes).
    Removing stm32l0xx_hal_uart.o(i.HAL_UART_AbortTransmit), (112 bytes).
    Removing stm32l0xx_hal_uart.o(i.HAL_UART_AbortTransmitCpltCallback), (2 bytes).
    Removing stm32l0xx_hal_uart.o(i.HAL_UART_AbortTransmit_IT), (116 bytes).
    Removing stm32l0xx_hal_uart.o(i.HAL_UART_Abort_IT), (292 bytes).
    Removing stm32l0xx_hal_uart.o(i.HAL_UART_DMAPause), (130 bytes).
    Removing stm32l0xx_hal_uart.o(i.HAL_UART_DMAResume), (128 bytes).
    Removing stm32l0xx_hal_uart.o(i.HAL_UART_DMAStop), (154 bytes).
    Removing stm32l0xx_hal_uart.o(i.HAL_UART_DeInit), (66 bytes).
    Removing stm32l0xx_hal_uart.o(i.HAL_UART_DisableReceiverTimeout), (68 bytes).
    Removing stm32l0xx_hal_uart.o(i.HAL_UART_EnableReceiverTimeout), (68 bytes).
    Removing stm32l0xx_hal_uart.o(i.HAL_UART_GetError), (6 bytes).
    Removing stm32l0xx_hal_uart.o(i.HAL_UART_GetState), (10 bytes).
    Removing stm32l0xx_hal_uart.o(i.HAL_UART_MspDeInit), (2 bytes).
    Removing stm32l0xx_hal_uart.o(i.HAL_UART_MspInit), (2 bytes).
    Removing stm32l0xx_hal_uart.o(i.HAL_UART_Receive), (256 bytes).
    Removing stm32l0xx_hal_uart.o(i.HAL_UART_Receive_DMA), (100 bytes).
    Removing stm32l0xx_hal_uart.o(i.HAL_UART_ReceiverTimeout_Config), (24 bytes).
    Removing stm32l0xx_hal_uart.o(i.HAL_UART_RxCpltCallback), (2 bytes).
    Removing stm32l0xx_hal_uart.o(i.HAL_UART_RxHalfCpltCallback), (2 bytes).
    Removing stm32l0xx_hal_uart.o(i.HAL_UART_Transmit_DMA), (172 bytes).
    Removing stm32l0xx_hal_uart.o(i.HAL_UART_Transmit_IT), (120 bytes).
    Removing stm32l0xx_hal_uart.o(i.HAL_UART_TxHalfCpltCallback), (2 bytes).
    Removing stm32l0xx_hal_uart.o(i.UART_DMAError), (76 bytes).
    Removing stm32l0xx_hal_uart.o(i.UART_DMAReceiveCplt), (154 bytes).
    Removing stm32l0xx_hal_uart.o(i.UART_DMARxAbortCallback), (66 bytes).
    Removing stm32l0xx_hal_uart.o(i.UART_DMARxHalfCplt), (32 bytes).
    Removing stm32l0xx_hal_uart.o(i.UART_DMARxOnlyAbortCallback), (40 bytes).
    Removing stm32l0xx_hal_uart.o(i.UART_DMATransmitCplt), (76 bytes).
    Removing stm32l0xx_hal_uart.o(i.UART_DMATxAbortCallback), (54 bytes).
    Removing stm32l0xx_hal_uart.o(i.UART_DMATxHalfCplt), (10 bytes).
    Removing stm32l0xx_hal_uart.o(i.UART_DMATxOnlyAbortCallback), (20 bytes).
    Removing stm32l0xx_hal_uart.o(i.UART_EndTxTransfer), (32 bytes).
    Removing stm32l0xx_hal_uart.o(i.UART_Start_Receive_DMA), (176 bytes).
    Removing stm32l0xx_hal_uart.o(i.UART_TxISR_16BIT), (94 bytes).
    Removing stm32l0xx_hal_uart.o(i.UART_TxISR_8BIT), (90 bytes).
    Removing stm32l0xx_hal_uart_ex.o(.rev16_text), (4 bytes).
    Removing stm32l0xx_hal_uart_ex.o(.revsh_text), (4 bytes).
    Removing stm32l0xx_hal_uart_ex.o(i.HAL_MultiProcessorEx_AddressLength_Set), (52 bytes).
    Removing stm32l0xx_hal_uart_ex.o(i.HAL_RS485Ex_Init), (136 bytes).
    Removing stm32l0xx_hal_uart_ex.o(i.HAL_UARTEx_DisableClockStopMode), (50 bytes).
    Removing stm32l0xx_hal_uart_ex.o(i.HAL_UARTEx_DisableStopMode), (48 bytes).
    Removing stm32l0xx_hal_uart_ex.o(i.HAL_UARTEx_EnableClockStopMode), (50 bytes).
    Removing stm32l0xx_hal_uart_ex.o(i.HAL_UARTEx_EnableStopMode), (48 bytes).
    Removing stm32l0xx_hal_uart_ex.o(i.HAL_UARTEx_GetRxEventType), (4 bytes).
    Removing stm32l0xx_hal_uart_ex.o(i.HAL_UARTEx_ReceiveToIdle), (320 bytes).
    Removing stm32l0xx_hal_uart_ex.o(i.HAL_UARTEx_ReceiveToIdle_DMA), (102 bytes).
    Removing stm32l0xx_hal_uart_ex.o(i.HAL_UARTEx_ReceiveToIdle_IT), (102 bytes).
    Removing stm32l0xx_hal_uart_ex.o(i.HAL_UARTEx_StopModeWakeUpSourceConfig), (152 bytes).
    Removing system_stm32l0xx.o(.rev16_text), (4 bytes).
    Removing system_stm32l0xx.o(.revsh_text), (4 bytes).
    Removing system_stm32l0xx.o(i.SystemCoreClockUpdate), (156 bytes).

322 unused section(s) (total 22946 bytes) removed from the image.

==============================================================================

Image Symbol Table

    Local Symbols

    Symbol Name                              Value     Ov Type        Size  Object(Section)

    ../Core/Src/main.c                       0x00000000   Number         0  main.o ABSOLUTE
    ../Core/Src/stm32l0xx_hal_msp.c          0x00000000   Number         0  stm32l0xx_hal_msp.o ABSOLUTE
    ../Core/Src/stm32l0xx_it.c               0x00000000   Number         0  stm32l0xx_it.o ABSOLUTE
    ../Core/Src/system_stm32l0xx.c           0x00000000   Number         0  system_stm32l0xx.o ABSOLUTE
    ../Drivers/STM32L0xx_HAL_Driver/Src/stm32l0xx_hal.c 0x00000000   Number         0  stm32l0xx_hal.o ABSOLUTE
    ../Drivers/STM32L0xx_HAL_Driver/Src/stm32l0xx_hal_cortex.c 0x00000000   Number         0  stm32l0xx_hal_cortex.o ABSOLUTE
    ../Drivers/STM32L0xx_HAL_Driver/Src/stm32l0xx_hal_dma.c 0x00000000   Number         0  stm32l0xx_hal_dma.o ABSOLUTE
    ../Drivers/STM32L0xx_HAL_Driver/Src/stm32l0xx_hal_exti.c 0x00000000   Number         0  stm32l0xx_hal_exti.o ABSOLUTE
    ../Drivers/STM32L0xx_HAL_Driver/Src/stm32l0xx_hal_flash.c 0x00000000   Number         0  stm32l0xx_hal_flash.o ABSOLUTE
    ../Drivers/STM32L0xx_HAL_Driver/Src/stm32l0xx_hal_flash_ex.c 0x00000000   Number         0  stm32l0xx_hal_flash_ex.o ABSOLUTE
    ../Drivers/STM32L0xx_HAL_Driver/Src/stm32l0xx_hal_flash_ramfunc.c 0x00000000   Number         0  stm32l0xx_hal_flash_ramfunc.o ABSOLUTE
    ../Drivers/STM32L0xx_HAL_Driver/Src/stm32l0xx_hal_gpio.c 0x00000000   Number         0  stm32l0xx_hal_gpio.o ABSOLUTE
    ../Drivers/STM32L0xx_HAL_Driver/Src/stm32l0xx_hal_i2c.c 0x00000000   Number         0  stm32l0xx_hal_i2c.o ABSOLUTE
    ../Drivers/STM32L0xx_HAL_Driver/Src/stm32l0xx_hal_i2c_ex.c 0x00000000   Number         0  stm32l0xx_hal_i2c_ex.o ABSOLUTE
    ../Drivers/STM32L0xx_HAL_Driver/Src/stm32l0xx_hal_iwdg.c 0x00000000   Number         0  stm32l0xx_hal_iwdg.o ABSOLUTE
    ../Drivers/STM32L0xx_HAL_Driver/Src/stm32l0xx_hal_pwr.c 0x00000000   Number         0  stm32l0xx_hal_pwr.o ABSOLUTE
    ../Drivers/STM32L0xx_HAL_Driver/Src/stm32l0xx_hal_pwr_ex.c 0x00000000   Number         0  stm32l0xx_hal_pwr_ex.o ABSOLUTE
    ../Drivers/STM32L0xx_HAL_Driver/Src/stm32l0xx_hal_rcc.c 0x00000000   Number         0  stm32l0xx_hal_rcc.o ABSOLUTE
    ../Drivers/STM32L0xx_HAL_Driver/Src/stm32l0xx_hal_rcc_ex.c 0x00000000   Number         0  stm32l0xx_hal_rcc_ex.o ABSOLUTE
    ../Drivers/STM32L0xx_HAL_Driver/Src/stm32l0xx_hal_tim.c 0x00000000   Number         0  stm32l0xx_hal_tim.o ABSOLUTE
    ../Drivers/STM32L0xx_HAL_Driver/Src/stm32l0xx_hal_tim_ex.c 0x00000000   Number         0  stm32l0xx_hal_tim_ex.o ABSOLUTE
    ../Drivers/STM32L0xx_HAL_Driver/Src/stm32l0xx_hal_uart.c 0x00000000   Number         0  stm32l0xx_hal_uart.o ABSOLUTE
    ../Drivers/STM32L0xx_HAL_Driver/Src/stm32l0xx_hal_uart_ex.c 0x00000000   Number         0  stm32l0xx_hal_uart_ex.o ABSOLUTE
    ../clib/microlib/division.c              0x00000000   Number         0  uldiv.o ABSOLUTE
    ../clib/microlib/division.c              0x00000000   Number         0  uidiv.o ABSOLUTE
    ../clib/microlib/init/entry.s            0x00000000   Number         0  entry9a.o ABSOLUTE
    ../clib/microlib/init/entry.s            0x00000000   Number         0  entry7a.o ABSOLUTE
    ../clib/microlib/init/entry.s            0x00000000   Number         0  entry8b.o ABSOLUTE
    ../clib/microlib/init/entry.s            0x00000000   Number         0  entry8a.o ABSOLUTE
    ../clib/microlib/init/entry.s            0x00000000   Number         0  entry7b.o ABSOLUTE
    ../clib/microlib/init/entry.s            0x00000000   Number         0  entry.o ABSOLUTE
    ../clib/microlib/init/entry.s            0x00000000   Number         0  entry9b.o ABSOLUTE
    ../clib/microlib/init/entry.s            0x00000000   Number         0  entry5.o ABSOLUTE
    ../clib/microlib/init/entry.s            0x00000000   Number         0  entry10a.o ABSOLUTE
    ../clib/microlib/init/entry.s            0x00000000   Number         0  entry10b.o ABSOLUTE
    ../clib/microlib/init/entry.s            0x00000000   Number         0  entry2.o ABSOLUTE
    ../clib/microlib/init/entry.s            0x00000000   Number         0  entry11a.o ABSOLUTE
    ../clib/microlib/init/entry.s            0x00000000   Number         0  entry11b.o ABSOLUTE
    ../clib/microlib/longlong.c              0x00000000   Number         0  llshl.o ABSOLUTE
    ../clib/microlib/longlong.c              0x00000000   Number         0  llushr.o ABSOLUTE
    ../clib/microlib/string/memset.c         0x00000000   Number         0  memseta.o ABSOLUTE
    ../clib/microlib/string/strlen.c         0x00000000   Number         0  strlen.o ABSOLUTE
    ../clib/microlib/stubs.s                 0x00000000   Number         0  iusefp.o ABSOLUTE
    ../fplib/microlib/fpadd.c                0x00000000   Number         0  fadd.o ABSOLUTE
    ../fplib/microlib/fpdiv.c                0x00000000   Number         0  fdiv.o ABSOLUTE
    ../fplib/microlib/fpepilogue.c           0x00000000   Number         0  fepilogue.o ABSOLUTE
    ../fplib/microlib/fpfix.c                0x00000000   Number         0  ffixi.o ABSOLUTE
    ../fplib/microlib/fpflt.c                0x00000000   Number         0  ffltui.o ABSOLUTE
    ../fplib/microlib/fpmul.c                0x00000000   Number         0  fmul.o ABSOLUTE
    ..\Core\Src\main.c                       0x00000000   Number         0  main.o ABSOLUTE
    ..\Core\Src\stm32l0xx_hal_msp.c          0x00000000   Number         0  stm32l0xx_hal_msp.o ABSOLUTE
    ..\Core\Src\stm32l0xx_it.c               0x00000000   Number         0  stm32l0xx_it.o ABSOLUTE
    ..\Core\Src\system_stm32l0xx.c           0x00000000   Number         0  system_stm32l0xx.o ABSOLUTE
    ..\Core\Src\uart_modbus_rtu.c            0x00000000   Number         0  uart_modbus_rtu.o ABSOLUTE
    ..\Drivers\Mylib\Src\HS300x.c            0x00000000   Number         0  hs300x.o ABSOLUTE
    ..\Drivers\Mylib\Src\user_modbus_rtu.c   0x00000000   Number         0  user_modbus_rtu.o ABSOLUTE
    ..\Drivers\Mylib\Src\user_uart.c         0x00000000   Number         0  user_uart.o ABSOLUTE
    ..\Drivers\STM32L0xx_HAL_Driver\Src\stm32l0xx_hal.c 0x00000000   Number         0  stm32l0xx_hal.o ABSOLUTE
    ..\Drivers\STM32L0xx_HAL_Driver\Src\stm32l0xx_hal_cortex.c 0x00000000   Number         0  stm32l0xx_hal_cortex.o ABSOLUTE
    ..\Drivers\STM32L0xx_HAL_Driver\Src\stm32l0xx_hal_dma.c 0x00000000   Number         0  stm32l0xx_hal_dma.o ABSOLUTE
    ..\Drivers\STM32L0xx_HAL_Driver\Src\stm32l0xx_hal_exti.c 0x00000000   Number         0  stm32l0xx_hal_exti.o ABSOLUTE
    ..\Drivers\STM32L0xx_HAL_Driver\Src\stm32l0xx_hal_flash.c 0x00000000   Number         0  stm32l0xx_hal_flash.o ABSOLUTE
    ..\Drivers\STM32L0xx_HAL_Driver\Src\stm32l0xx_hal_flash_ex.c 0x00000000   Number         0  stm32l0xx_hal_flash_ex.o ABSOLUTE
    ..\Drivers\STM32L0xx_HAL_Driver\Src\stm32l0xx_hal_flash_ramfunc.c 0x00000000   Number         0  stm32l0xx_hal_flash_ramfunc.o ABSOLUTE
    ..\Drivers\STM32L0xx_HAL_Driver\Src\stm32l0xx_hal_gpio.c 0x00000000   Number         0  stm32l0xx_hal_gpio.o ABSOLUTE
    ..\Drivers\STM32L0xx_HAL_Driver\Src\stm32l0xx_hal_i2c.c 0x00000000   Number         0  stm32l0xx_hal_i2c.o ABSOLUTE
    ..\Drivers\STM32L0xx_HAL_Driver\Src\stm32l0xx_hal_i2c_ex.c 0x00000000   Number         0  stm32l0xx_hal_i2c_ex.o ABSOLUTE
    ..\Drivers\STM32L0xx_HAL_Driver\Src\stm32l0xx_hal_iwdg.c 0x00000000   Number         0  stm32l0xx_hal_iwdg.o ABSOLUTE
    ..\Drivers\STM32L0xx_HAL_Driver\Src\stm32l0xx_hal_pwr.c 0x00000000   Number         0  stm32l0xx_hal_pwr.o ABSOLUTE
    ..\Drivers\STM32L0xx_HAL_Driver\Src\stm32l0xx_hal_pwr_ex.c 0x00000000   Number         0  stm32l0xx_hal_pwr_ex.o ABSOLUTE
    ..\Drivers\STM32L0xx_HAL_Driver\Src\stm32l0xx_hal_rcc.c 0x00000000   Number         0  stm32l0xx_hal_rcc.o ABSOLUTE
    ..\Drivers\STM32L0xx_HAL_Driver\Src\stm32l0xx_hal_rcc_ex.c 0x00000000   Number         0  stm32l0xx_hal_rcc_ex.o ABSOLUTE
    ..\Drivers\STM32L0xx_HAL_Driver\Src\stm32l0xx_hal_tim.c 0x00000000   Number         0  stm32l0xx_hal_tim.o ABSOLUTE
    ..\Drivers\STM32L0xx_HAL_Driver\Src\stm32l0xx_hal_tim_ex.c 0x00000000   Number         0  stm32l0xx_hal_tim_ex.o ABSOLUTE
    ..\Drivers\STM32L0xx_HAL_Driver\Src\stm32l0xx_hal_uart.c 0x00000000   Number         0  stm32l0xx_hal_uart.o ABSOLUTE
    ..\Drivers\STM32L0xx_HAL_Driver\Src\stm32l0xx_hal_uart_ex.c 0x00000000   Number         0  stm32l0xx_hal_uart_ex.o ABSOLUTE
    ..\\Core\\Src\\uart_modbus_rtu.c         0x00000000   Number         0  uart_modbus_rtu.o ABSOLUTE
    ..\\Drivers\\Mylib\\Src\\HS300x.c        0x00000000   Number         0  hs300x.o ABSOLUTE
    ..\\Drivers\\Mylib\\Src\\user_modbus_rtu.c 0x00000000   Number         0  user_modbus_rtu.o ABSOLUTE
    ..\\Drivers\\Mylib\\Src\\user_uart.c     0x00000000   Number         0  user_uart.o ABSOLUTE
    dc.s                                     0x00000000   Number         0  dc.o ABSOLUTE
    handlers.s                               0x00000000   Number         0  handlers.o ABSOLUTE
    init.s                                   0x00000000   Number         0  init.o ABSOLUTE
    startup_stm32l011xx.s                    0x00000000   Number         0  startup_stm32l011xx.o ABSOLUTE
    RESET                                    0x08000000   Section      192  startup_stm32l011xx.o(RESET)
    .ARM.Collect$$$$00000000                 0x080000c0   Section        0  entry.o(.ARM.Collect$$$$00000000)
    .ARM.Collect$$$$00000001                 0x080000c0   Section        4  entry2.o(.ARM.Collect$$$$00000001)
    .ARM.Collect$$$$00000004                 0x080000c4   Section        4  entry5.o(.ARM.Collect$$$$00000004)
    .ARM.Collect$$$$00000008                 0x080000c8   Section        0  entry7b.o(.ARM.Collect$$$$00000008)
    .ARM.Collect$$$$0000000A                 0x080000c8   Section        0  entry8b.o(.ARM.Collect$$$$0000000A)
    .ARM.Collect$$$$0000000B                 0x080000c8   Section        8  entry9a.o(.ARM.Collect$$$$0000000B)
    .ARM.Collect$$$$0000000D                 0x080000d0   Section        0  entry10a.o(.ARM.Collect$$$$0000000D)
    .ARM.Collect$$$$0000000F                 0x080000d0   Section        0  entry11a.o(.ARM.Collect$$$$0000000F)
    .ARM.Collect$$$$00002712                 0x080000d0   Section        4  entry2.o(.ARM.Collect$$$$00002712)
    __lit__00000000                          0x080000d0   Data           4  entry2.o(.ARM.Collect$$$$00002712)
    .text                                    0x080000d4   Section       88  startup_stm32l011xx.o(.text)
    .text                                    0x0800012c   Section        0  uidiv.o(.text)
    .text                                    0x08000158   Section        0  uldiv.o(.text)
    .text                                    0x080001b8   Section        0  memseta.o(.text)
    .text                                    0x080001dc   Section        0  strlen.o(.text)
    .text                                    0x080001ea   Section        0  fadd.o(.text)
    .text                                    0x0800029c   Section        0  fmul.o(.text)
    .text                                    0x08000316   Section        0  fdiv.o(.text)
    .text                                    0x08000392   Section        0  ffltui.o(.text)
    .text                                    0x080003a0   Section        0  ffixi.o(.text)
    .text                                    0x080003d2   Section        0  llshl.o(.text)
    .text                                    0x080003f2   Section        0  llushr.o(.text)
    .text                                    0x08000414   Section        0  fepilogue.o(.text)
    .text                                    0x08000414   Section        0  iusefp.o(.text)
    .text                                    0x08000498   Section       36  init.o(.text)
    i.AT_Command_IF                          0x080004bc   Section        0  uart_modbus_rtu.o(i.AT_Command_IF)
    i.Change_Baudrate_AddrSlave_Calib        0x08000658   Section        0  uart_modbus_rtu.o(i.Change_Baudrate_AddrSlave_Calib)
    i.Check_CountBuffer_Complete_Uart        0x08000930   Section        0  user_uart.o(i.Check_CountBuffer_Complete_Uart)
    i.Delete_Buffer                          0x08000984   Section        0  user_uart.o(i.Delete_Buffer)
    i.FLASH_PageErase                        0x0800099c   Section        0  stm32l0xx_hal_flash_ex.o(i.FLASH_PageErase)
    i.FLASH_ReadData32                       0x080009c8   Section        0  uart_modbus_rtu.o(i.FLASH_ReadData32)
    i.FLASH_SetErrorCode                     0x080009cc   Section        0  stm32l0xx_hal_flash.o(i.FLASH_SetErrorCode)
    FLASH_SetErrorCode                       0x080009cd   Thumb Code   134  stm32l0xx_hal_flash.o(i.FLASH_SetErrorCode)
    i.FLASH_WaitForLastOperation             0x08000a5c   Section        0  stm32l0xx_hal_flash.o(i.FLASH_WaitForLastOperation)
    i.FLASH_WritePage                        0x08000acc   Section        0  uart_modbus_rtu.o(i.FLASH_WritePage)
    i.Get_Length_Variable                    0x08000b34   Section        0  uart_modbus_rtu.o(i.Get_Length_Variable)
    i.HAL_DMA_Abort                          0x08000b52   Section        0  stm32l0xx_hal_dma.o(i.HAL_DMA_Abort)
    i.HAL_DMA_Abort_IT                       0x08000b96   Section        0  stm32l0xx_hal_dma.o(i.HAL_DMA_Abort_IT)
    i.HAL_Delay                              0x08000be4   Section        0  stm32l0xx_hal.o(i.HAL_Delay)
    i.HAL_FLASHEx_Erase                      0x08000c08   Section        0  stm32l0xx_hal_flash_ex.o(i.HAL_FLASHEx_Erase)
    i.HAL_FLASH_Lock                         0x08000c7c   Section        0  stm32l0xx_hal_flash.o(i.HAL_FLASH_Lock)
    i.HAL_FLASH_Program                      0x08000c98   Section        0  stm32l0xx_hal_flash.o(i.HAL_FLASH_Program)
    i.HAL_FLASH_Unlock                       0x08000cd4   Section        0  stm32l0xx_hal_flash.o(i.HAL_FLASH_Unlock)
    i.HAL_GPIO_Init                          0x08000d30   Section        0  stm32l0xx_hal_gpio.o(i.HAL_GPIO_Init)
    i.HAL_GPIO_WritePin                      0x08000e70   Section        0  stm32l0xx_hal_gpio.o(i.HAL_GPIO_WritePin)
    i.HAL_GetTick                            0x08000e7c   Section        0  stm32l0xx_hal.o(i.HAL_GetTick)
    i.HAL_I2CEx_ConfigAnalogFilter           0x08000e88   Section        0  stm32l0xx_hal_i2c_ex.o(i.HAL_I2CEx_ConfigAnalogFilter)
    i.HAL_I2CEx_ConfigDigitalFilter          0x08000ed2   Section        0  stm32l0xx_hal_i2c_ex.o(i.HAL_I2CEx_ConfigDigitalFilter)
    i.HAL_I2C_Init                           0x08000f1c   Section        0  stm32l0xx_hal_i2c.o(i.HAL_I2C_Init)
    i.HAL_I2C_Master_Receive                 0x08000fd0   Section        0  stm32l0xx_hal_i2c.o(i.HAL_I2C_Master_Receive)
    i.HAL_I2C_Master_Transmit                0x080010e0   Section        0  stm32l0xx_hal_i2c.o(i.HAL_I2C_Master_Transmit)
    i.HAL_I2C_MspInit                        0x080011f0   Section        0  stm32l0xx_hal_msp.o(i.HAL_I2C_MspInit)
    i.HAL_IWDG_Init                          0x0800124c   Section        0  stm32l0xx_hal_iwdg.o(i.HAL_IWDG_Init)
    i.HAL_IWDG_Refresh                       0x080012b8   Section        0  stm32l0xx_hal_iwdg.o(i.HAL_IWDG_Refresh)
    i.HAL_IncTick                            0x080012c8   Section        0  stm32l0xx_hal.o(i.HAL_IncTick)
    i.HAL_Init                               0x080012d8   Section        0  stm32l0xx_hal.o(i.HAL_Init)
    i.HAL_InitTick                           0x08001300   Section        0  stm32l0xx_hal.o(i.HAL_InitTick)
    i.HAL_MspInit                            0x08001344   Section        0  stm32l0xx_hal_msp.o(i.HAL_MspInit)
    i.HAL_NVIC_EnableIRQ                     0x0800135c   Section        0  stm32l0xx_hal_cortex.o(i.HAL_NVIC_EnableIRQ)
    i.HAL_NVIC_SetPriority                   0x08001374   Section        0  stm32l0xx_hal_cortex.o(i.HAL_NVIC_SetPriority)
    i.HAL_RCCEx_PeriphCLKConfig              0x0800137c   Section        0  stm32l0xx_hal_rcc_ex.o(i.HAL_RCCEx_PeriphCLKConfig)
    i.HAL_RCC_ClockConfig                    0x080014e4   Section        0  stm32l0xx_hal_rcc.o(i.HAL_RCC_ClockConfig)
    i.HAL_RCC_GetPCLK1Freq                   0x08001680   Section        0  stm32l0xx_hal_rcc.o(i.HAL_RCC_GetPCLK1Freq)
    i.HAL_RCC_GetPCLK2Freq                   0x080016a0   Section        0  stm32l0xx_hal_rcc.o(i.HAL_RCC_GetPCLK2Freq)
    i.HAL_RCC_GetSysClockFreq                0x080016c0   Section        0  stm32l0xx_hal_rcc.o(i.HAL_RCC_GetSysClockFreq)
    i.HAL_RCC_OscConfig                      0x0800173c   Section        0  stm32l0xx_hal_rcc.o(i.HAL_RCC_OscConfig)
    i.HAL_SYSTICK_Callback                   0x08001b70   Section        0  stm32l0xx_hal_cortex.o(i.HAL_SYSTICK_Callback)
    i.HAL_SYSTICK_Config                     0x08001b74   Section        0  stm32l0xx_hal_cortex.o(i.HAL_SYSTICK_Config)
    i.HAL_SYSTICK_IRQHandler                 0x08001ba4   Section        0  stm32l0xx_hal_cortex.o(i.HAL_SYSTICK_IRQHandler)
    i.HAL_UARTEx_RxEventCallback             0x08001bac   Section        0  stm32l0xx_hal_uart.o(i.HAL_UARTEx_RxEventCallback)
    i.HAL_UARTEx_WakeupCallback              0x08001bae   Section        0  stm32l0xx_hal_uart_ex.o(i.HAL_UARTEx_WakeupCallback)
    i.HAL_UART_ErrorCallback                 0x08001bb0   Section        0  stm32l0xx_hal_uart.o(i.HAL_UART_ErrorCallback)
    i.HAL_UART_IRQHandler                    0x08001bb4   Section        0  stm32l0xx_hal_uart.o(i.HAL_UART_IRQHandler)
    i.HAL_UART_Init                          0x08001e60   Section        0  stm32l0xx_hal_uart.o(i.HAL_UART_Init)
    i.HAL_UART_MspInit                       0x08001ecc   Section        0  stm32l0xx_hal_msp.o(i.HAL_UART_MspInit)
    i.HAL_UART_Receive_IT                    0x08001f38   Section        0  stm32l0xx_hal_uart.o(i.HAL_UART_Receive_IT)
    i.HAL_UART_RxCpltCallback                0x08001f9c   Section        0  main.o(i.HAL_UART_RxCpltCallback)
    i.HAL_UART_Transmit                      0x08001fe4   Section        0  stm32l0xx_hal_uart.o(i.HAL_UART_Transmit)
    i.HAL_UART_TxCpltCallback                0x080020a4   Section        0  stm32l0xx_hal_uart.o(i.HAL_UART_TxCpltCallback)
    i.HS300X_Start_Measurement               0x080020a8   Section        0  hs300x.o(i.HS300X_Start_Measurement)
    i.HardFault_Handler                      0x08002170   Section        0  stm32l0xx_it.o(i.HardFault_Handler)
    i.I2C_Flush_TXDR                         0x08002172   Section        0  stm32l0xx_hal_i2c.o(i.I2C_Flush_TXDR)
    I2C_Flush_TXDR                           0x08002173   Thumb Code    34  stm32l0xx_hal_i2c.o(i.I2C_Flush_TXDR)
    i.I2C_IsErrorOccurred                    0x08002194   Section        0  stm32l0xx_hal_i2c.o(i.I2C_IsErrorOccurred)
    I2C_IsErrorOccurred                      0x08002195   Thumb Code   258  stm32l0xx_hal_i2c.o(i.I2C_IsErrorOccurred)
    i.I2C_TransferConfig                     0x0800229c   Section        0  stm32l0xx_hal_i2c.o(i.I2C_TransferConfig)
    I2C_TransferConfig                       0x0800229d   Thumb Code    38  stm32l0xx_hal_i2c.o(i.I2C_TransferConfig)
    i.I2C_WaitOnFlagUntilTimeout             0x080022c8   Section        0  stm32l0xx_hal_i2c.o(i.I2C_WaitOnFlagUntilTimeout)
    I2C_WaitOnFlagUntilTimeout               0x080022c9   Thumb Code    98  stm32l0xx_hal_i2c.o(i.I2C_WaitOnFlagUntilTimeout)
    i.I2C_WaitOnRXNEFlagUntilTimeout         0x0800232c   Section        0  stm32l0xx_hal_i2c.o(i.I2C_WaitOnRXNEFlagUntilTimeout)
    I2C_WaitOnRXNEFlagUntilTimeout           0x0800232d   Thumb Code   154  stm32l0xx_hal_i2c.o(i.I2C_WaitOnRXNEFlagUntilTimeout)
    i.I2C_WaitOnSTOPFlagUntilTimeout         0x080023cc   Section        0  stm32l0xx_hal_i2c.o(i.I2C_WaitOnSTOPFlagUntilTimeout)
    I2C_WaitOnSTOPFlagUntilTimeout           0x080023cd   Thumb Code    86  stm32l0xx_hal_i2c.o(i.I2C_WaitOnSTOPFlagUntilTimeout)
    i.I2C_WaitOnTXISFlagUntilTimeout         0x08002422   Section        0  stm32l0xx_hal_i2c.o(i.I2C_WaitOnTXISFlagUntilTimeout)
    I2C_WaitOnTXISFlagUntilTimeout           0x08002423   Thumb Code    90  stm32l0xx_hal_i2c.o(i.I2C_WaitOnTXISFlagUntilTimeout)
    i.MX_I2C1_Init                           0x0800247c   Section        0  main.o(i.MX_I2C1_Init)
    MX_I2C1_Init                             0x0800247d   Thumb Code    76  main.o(i.MX_I2C1_Init)
    i.MX_USART2_UART_Init                    0x080024d4   Section        0  main.o(i.MX_USART2_UART_Init)
    MX_USART2_UART_Init                      0x080024d5   Thumb Code    48  main.o(i.MX_USART2_UART_Init)
    i.ModRTU_CRC                             0x0800250c   Section        0  user_modbus_rtu.o(i.ModRTU_CRC)
    i.ModRTU_Slave_ACK_Read_Frame            0x08002540   Section        0  user_modbus_rtu.o(i.ModRTU_Slave_ACK_Read_Frame)
    i.ModRTU_Slave_ACK_Write_Frame           0x0800258c   Section        0  user_modbus_rtu.o(i.ModRTU_Slave_ACK_Write_Frame)
    i.ModbusRTU_Slave                        0x08002600   Section        0  uart_modbus_rtu.o(i.ModbusRTU_Slave)
    i.NMI_Handler                            0x080027a4   Section        0  stm32l0xx_it.o(i.NMI_Handler)
    i.Packing_Frame                          0x080027a8   Section        0  uart_modbus_rtu.o(i.Packing_Frame)
    i.PendSV_Handler                         0x08002870   Section        0  stm32l0xx_it.o(i.PendSV_Handler)
    i.Response_Error                         0x08002872   Section        0  user_modbus_rtu.o(i.Response_Error)
    i.SVC_Handler                            0x0800289a   Section        0  stm32l0xx_it.o(i.SVC_Handler)
    i.Send_Data_Terminal                     0x0800289c   Section        0  uart_modbus_rtu.o(i.Send_Data_Terminal)
    i.SysTick_Handler                        0x080028f0   Section        0  stm32l0xx_it.o(i.SysTick_Handler)
    i.SystemClock_Config                     0x080028fc   Section        0  main.o(i.SystemClock_Config)
    i.SystemInit                             0x0800298c   Section        0  system_stm32l0xx.o(i.SystemInit)
    i.Terminal_Receive                       0x0800298e   Section        0  uart_modbus_rtu.o(i.Terminal_Receive)
    i.UART_AdvFeatureConfig                  0x08002a8e   Section        0  stm32l0xx_hal_uart.o(i.UART_AdvFeatureConfig)
    i.UART_CheckIdleState                    0x08002b58   Section        0  stm32l0xx_hal_uart.o(i.UART_CheckIdleState)
    i.UART_DMAAbortOnError                   0x08002c1c   Section        0  stm32l0xx_hal_uart.o(i.UART_DMAAbortOnError)
    UART_DMAAbortOnError                     0x08002c1d   Thumb Code    20  stm32l0xx_hal_uart.o(i.UART_DMAAbortOnError)
    i.UART_EndRxTransfer                     0x08002c30   Section        0  stm32l0xx_hal_uart.o(i.UART_EndRxTransfer)
    UART_EndRxTransfer                       0x08002c31   Thumb Code    94  stm32l0xx_hal_uart.o(i.UART_EndRxTransfer)
    i.UART_RxISR_16BIT                       0x08002c90   Section        0  stm32l0xx_hal_uart.o(i.UART_RxISR_16BIT)
    UART_RxISR_16BIT                         0x08002c91   Thumb Code   214  stm32l0xx_hal_uart.o(i.UART_RxISR_16BIT)
    i.UART_RxISR_8BIT                        0x08002d6c   Section        0  stm32l0xx_hal_uart.o(i.UART_RxISR_8BIT)
    UART_RxISR_8BIT                          0x08002d6d   Thumb Code   214  stm32l0xx_hal_uart.o(i.UART_RxISR_8BIT)
    i.UART_SetConfig                         0x08002e48   Section        0  stm32l0xx_hal_uart.o(i.UART_SetConfig)
    i.UART_Start_Receive_IT                  0x0800302c   Section        0  stm32l0xx_hal_uart.o(i.UART_Start_Receive_IT)
    i.UART_WaitOnFlagUntilTimeout            0x080030f4   Section        0  stm32l0xx_hal_uart.o(i.UART_WaitOnFlagUntilTimeout)
    i.USART2_IRQHandler                      0x08003180   Section        0  stm32l0xx_it.o(i.USART2_IRQHandler)
    i.Uart2_Init                             0x08003190   Section        0  uart_modbus_rtu.o(i.Uart2_Init)
    i.__ARM_common_ll_muluu                  0x080031d4   Section        0  stm32l0xx_hal_rcc.o(i.__ARM_common_ll_muluu)
    i.__ARM_common_switch8                   0x08003204   Section        0  stm32l0xx_hal_dma.o(i.__ARM_common_switch8)
    i.__NVIC_SetPriority                     0x08003220   Section        0  stm32l0xx_hal_cortex.o(i.__NVIC_SetPriority)
    __NVIC_SetPriority                       0x08003221   Thumb Code    60  stm32l0xx_hal_cortex.o(i.__NVIC_SetPriority)
    i.__scatterload_copy                     0x08003264   Section       14  handlers.o(i.__scatterload_copy)
    i.__scatterload_null                     0x08003272   Section        2  handlers.o(i.__scatterload_null)
    i.__scatterload_zeroinit                 0x08003274   Section       14  handlers.o(i.__scatterload_zeroinit)
    i.main                                   0x08003284   Section        0  main.o(i.main)
    .constdata                               0x08003418   Section       25  system_stm32l0xx.o(.constdata)
    .constdata                               0x08003431   Section        8  system_stm32l0xx.o(.constdata)
    .data                                    0x20000000   Section        1  hs300x.o(.data)
    .data                                    0x20000004   Section        8  user_uart.o(.data)
    .data                                    0x2000000c   Section       52  uart_modbus_rtu.o(.data)
    .data                                    0x20000040   Section       60  main.o(.data)
    .data                                    0x2000007c   Section       12  stm32l0xx_hal.o(.data)
    .data                                    0x20000088   Section        4  system_stm32l0xx.o(.data)
    .bss                                     0x2000008c   Section       21  uart_modbus_rtu.o(.bss)
    .bss                                     0x200000a4   Section      236  main.o(.bss)
    .bss                                     0x20000190   Section       24  stm32l0xx_hal_flash.o(.bss)
    STACK                                    0x200001a8   Section     1024  startup_stm32l011xx.o(STACK)

    Global Symbols

    Symbol Name                              Value     Ov Type        Size  Object(Section)

    BuildAttributes$$THM_ISAv3M$S$PE$A:L22$X:L11$S22$IEEE1$IW$USESV6$~STKCKD$USESV7$~SHL$OTIME$ROPI$EBA8$MICROLIB$REQ8$PRES8$EABIv2 0x00000000   Number         0  anon$$obj.o ABSOLUTE
    __ARM_use_no_argv                        0x00000000   Number         0  main.o ABSOLUTE
    __cpp_initialize__aeabi_                  - Undefined Weak Reference
    __cxa_finalize                            - Undefined Weak Reference
    __decompress                              - Undefined Weak Reference
    _clock_init                               - Undefined Weak Reference
    _microlib_exit                            - Undefined Weak Reference
    __Vectors_Size                           0x000000c0   Number         0  startup_stm32l011xx.o ABSOLUTE
    __Vectors                                0x08000000   Data           4  startup_stm32l011xx.o(RESET)
    __Vectors_End                            0x080000c0   Data           0  startup_stm32l011xx.o(RESET)
    __main                                   0x080000c1   Thumb Code     0  entry.o(.ARM.Collect$$$$00000000)
    _main_stk                                0x080000c1   Thumb Code     0  entry2.o(.ARM.Collect$$$$00000001)
    _main_scatterload                        0x080000c5   Thumb Code     0  entry5.o(.ARM.Collect$$$$00000004)
    __main_after_scatterload                 0x080000c9   Thumb Code     0  entry5.o(.ARM.Collect$$$$00000004)
    _main_clock                              0x080000c9   Thumb Code     0  entry7b.o(.ARM.Collect$$$$00000008)
    _main_cpp_init                           0x080000c9   Thumb Code     0  entry8b.o(.ARM.Collect$$$$0000000A)
    _main_init                               0x080000c9   Thumb Code     0  entry9a.o(.ARM.Collect$$$$0000000B)
    __rt_final_cpp                           0x080000d1   Thumb Code     0  entry10a.o(.ARM.Collect$$$$0000000D)
    __rt_final_exit                          0x080000d1   Thumb Code     0  entry11a.o(.ARM.Collect$$$$0000000F)
    Reset_Handler                            0x080000d5   Thumb Code    38  startup_stm32l011xx.o(.text)
    ADC1_COMP_IRQHandler                     0x08000105   Thumb Code     0  startup_stm32l011xx.o(.text)
    DMA1_Channel1_IRQHandler                 0x08000105   Thumb Code     0  startup_stm32l011xx.o(.text)
    DMA1_Channel2_3_IRQHandler               0x08000105   Thumb Code     0  startup_stm32l011xx.o(.text)
    DMA1_Channel4_5_IRQHandler               0x08000105   Thumb Code     0  startup_stm32l011xx.o(.text)
    EXTI0_1_IRQHandler                       0x08000105   Thumb Code     0  startup_stm32l011xx.o(.text)
    EXTI2_3_IRQHandler                       0x08000105   Thumb Code     0  startup_stm32l011xx.o(.text)
    EXTI4_15_IRQHandler                      0x08000105   Thumb Code     0  startup_stm32l011xx.o(.text)
    FLASH_IRQHandler                         0x08000105   Thumb Code     0  startup_stm32l011xx.o(.text)
    I2C1_IRQHandler                          0x08000105   Thumb Code     0  startup_stm32l011xx.o(.text)
    LPTIM1_IRQHandler                        0x08000105   Thumb Code     0  startup_stm32l011xx.o(.text)
    LPUART1_IRQHandler                       0x08000105   Thumb Code     0  startup_stm32l011xx.o(.text)
    PVD_IRQHandler                           0x08000105   Thumb Code     0  startup_stm32l011xx.o(.text)
    RCC_IRQHandler                           0x08000105   Thumb Code     0  startup_stm32l011xx.o(.text)
    RTC_IRQHandler                           0x08000105   Thumb Code     0  startup_stm32l011xx.o(.text)
    SPI1_IRQHandler                          0x08000105   Thumb Code     0  startup_stm32l011xx.o(.text)
    TIM21_IRQHandler                         0x08000105   Thumb Code     0  startup_stm32l011xx.o(.text)
    TIM2_IRQHandler                          0x08000105   Thumb Code     0  startup_stm32l011xx.o(.text)
    WWDG_IRQHandler                          0x08000105   Thumb Code     0  startup_stm32l011xx.o(.text)
    __aeabi_uidiv                            0x0800012d   Thumb Code     0  uidiv.o(.text)
    __aeabi_uidivmod                         0x0800012d   Thumb Code    44  uidiv.o(.text)
    __aeabi_uldivmod                         0x08000159   Thumb Code    96  uldiv.o(.text)
    __aeabi_memset                           0x080001b9   Thumb Code    14  memseta.o(.text)
    __aeabi_memset4                          0x080001b9   Thumb Code     0  memseta.o(.text)
    __aeabi_memset8                          0x080001b9   Thumb Code     0  memseta.o(.text)
    __aeabi_memclr                           0x080001c7   Thumb Code     4  memseta.o(.text)
    __aeabi_memclr4                          0x080001c7   Thumb Code     0  memseta.o(.text)
    __aeabi_memclr8                          0x080001c7   Thumb Code     0  memseta.o(.text)
    _memset$wrapper                          0x080001cb   Thumb Code    18  memseta.o(.text)
    strlen                                   0x080001dd   Thumb Code    14  strlen.o(.text)
    __aeabi_fadd                             0x080001eb   Thumb Code   162  fadd.o(.text)
    __aeabi_fsub                             0x0800028d   Thumb Code     8  fadd.o(.text)
    __aeabi_frsub                            0x08000295   Thumb Code     8  fadd.o(.text)
    __aeabi_fmul                             0x0800029d   Thumb Code   122  fmul.o(.text)
    __aeabi_fdiv                             0x08000317   Thumb Code   124  fdiv.o(.text)
    __aeabi_ui2f                             0x08000393   Thumb Code    14  ffltui.o(.text)
    __aeabi_f2iz                             0x080003a1   Thumb Code    50  ffixi.o(.text)
    __aeabi_llsl                             0x080003d3   Thumb Code    32  llshl.o(.text)
    _ll_shift_l                              0x080003d3   Thumb Code     0  llshl.o(.text)
    __aeabi_llsr                             0x080003f3   Thumb Code    34  llushr.o(.text)
    _ll_ushift_r                             0x080003f3   Thumb Code     0  llushr.o(.text)
    __I$use$fp                               0x08000415   Thumb Code     0  iusefp.o(.text)
    _float_round                             0x08000415   Thumb Code    16  fepilogue.o(.text)
    _float_epilogue                          0x08000425   Thumb Code   114  fepilogue.o(.text)
    __scatterload                            0x08000499   Thumb Code    28  init.o(.text)
    __scatterload_rt2                        0x08000499   Thumb Code     0  init.o(.text)
    AT_Command_IF                            0x080004bd   Thumb Code   402  uart_modbus_rtu.o(i.AT_Command_IF)
    Change_Baudrate_AddrSlave_Calib          0x08000659   Thumb Code   720  uart_modbus_rtu.o(i.Change_Baudrate_AddrSlave_Calib)
    Check_CountBuffer_Complete_Uart          0x08000931   Thumb Code    78  user_uart.o(i.Check_CountBuffer_Complete_Uart)
    Delete_Buffer                            0x08000985   Thumb Code    22  user_uart.o(i.Delete_Buffer)
    FLASH_PageErase                          0x0800099d   Thumb Code    34  stm32l0xx_hal_flash_ex.o(i.FLASH_PageErase)
    FLASH_ReadData32                         0x080009c9   Thumb Code     4  uart_modbus_rtu.o(i.FLASH_ReadData32)
    FLASH_WaitForLastOperation               0x08000a5d   Thumb Code   106  stm32l0xx_hal_flash.o(i.FLASH_WaitForLastOperation)
    FLASH_WritePage                          0x08000acd   Thumb Code   100  uart_modbus_rtu.o(i.FLASH_WritePage)
    Get_Length_Variable                      0x08000b35   Thumb Code    30  uart_modbus_rtu.o(i.Get_Length_Variable)
    HAL_DMA_Abort                            0x08000b53   Thumb Code    68  stm32l0xx_hal_dma.o(i.HAL_DMA_Abort)
    HAL_DMA_Abort_IT                         0x08000b97   Thumb Code    76  stm32l0xx_hal_dma.o(i.HAL_DMA_Abort_IT)
    HAL_Delay                                0x08000be5   Thumb Code    32  stm32l0xx_hal.o(i.HAL_Delay)
    HAL_FLASHEx_Erase                        0x08000c09   Thumb Code   102  stm32l0xx_hal_flash_ex.o(i.HAL_FLASHEx_Erase)
    HAL_FLASH_Lock                           0x08000c7d   Thumb Code    22  stm32l0xx_hal_flash.o(i.HAL_FLASH_Lock)
    HAL_FLASH_Program                        0x08000c99   Thumb Code    50  stm32l0xx_hal_flash.o(i.HAL_FLASH_Program)
    HAL_FLASH_Unlock                         0x08000cd5   Thumb Code    70  stm32l0xx_hal_flash.o(i.HAL_FLASH_Unlock)
    HAL_GPIO_Init                            0x08000d31   Thumb Code   300  stm32l0xx_hal_gpio.o(i.HAL_GPIO_Init)
    HAL_GPIO_WritePin                        0x08000e71   Thumb Code    12  stm32l0xx_hal_gpio.o(i.HAL_GPIO_WritePin)
    HAL_GetTick                              0x08000e7d   Thumb Code     6  stm32l0xx_hal.o(i.HAL_GetTick)
    HAL_I2CEx_ConfigAnalogFilter             0x08000e89   Thumb Code    74  stm32l0xx_hal_i2c_ex.o(i.HAL_I2CEx_ConfigAnalogFilter)
    HAL_I2CEx_ConfigDigitalFilter            0x08000ed3   Thumb Code    72  stm32l0xx_hal_i2c_ex.o(i.HAL_I2CEx_ConfigDigitalFilter)
    HAL_I2C_Init                             0x08000f1d   Thumb Code   176  stm32l0xx_hal_i2c.o(i.HAL_I2C_Init)
    HAL_I2C_Master_Receive                   0x08000fd1   Thumb Code   262  stm32l0xx_hal_i2c.o(i.HAL_I2C_Master_Receive)
    HAL_I2C_Master_Transmit                  0x080010e1   Thumb Code   262  stm32l0xx_hal_i2c.o(i.HAL_I2C_Master_Transmit)
    HAL_I2C_MspInit                          0x080011f1   Thumb Code    82  stm32l0xx_hal_msp.o(i.HAL_I2C_MspInit)
    HAL_IWDG_Init                            0x0800124d   Thumb Code    94  stm32l0xx_hal_iwdg.o(i.HAL_IWDG_Init)
    HAL_IWDG_Refresh                         0x080012b9   Thumb Code    10  stm32l0xx_hal_iwdg.o(i.HAL_IWDG_Refresh)
    HAL_IncTick                              0x080012c9   Thumb Code    12  stm32l0xx_hal.o(i.HAL_IncTick)
    HAL_Init                                 0x080012d9   Thumb Code    36  stm32l0xx_hal.o(i.HAL_Init)
    HAL_InitTick                             0x08001301   Thumb Code    58  stm32l0xx_hal.o(i.HAL_InitTick)
    HAL_MspInit                              0x08001345   Thumb Code    20  stm32l0xx_hal_msp.o(i.HAL_MspInit)
    HAL_NVIC_EnableIRQ                       0x0800135d   Thumb Code    18  stm32l0xx_hal_cortex.o(i.HAL_NVIC_EnableIRQ)
    HAL_NVIC_SetPriority                     0x08001375   Thumb Code     8  stm32l0xx_hal_cortex.o(i.HAL_NVIC_SetPriority)
    HAL_RCCEx_PeriphCLKConfig                0x0800137d   Thumb Code   346  stm32l0xx_hal_rcc_ex.o(i.HAL_RCCEx_PeriphCLKConfig)
    HAL_RCC_ClockConfig                      0x080014e5   Thumb Code   386  stm32l0xx_hal_rcc.o(i.HAL_RCC_ClockConfig)
    HAL_RCC_GetPCLK1Freq                     0x08001681   Thumb Code    20  stm32l0xx_hal_rcc.o(i.HAL_RCC_GetPCLK1Freq)
    HAL_RCC_GetPCLK2Freq                     0x080016a1   Thumb Code    20  stm32l0xx_hal_rcc.o(i.HAL_RCC_GetPCLK2Freq)
    HAL_RCC_GetSysClockFreq                  0x080016c1   Thumb Code   110  stm32l0xx_hal_rcc.o(i.HAL_RCC_GetSysClockFreq)
    HAL_RCC_OscConfig                        0x0800173d   Thumb Code  1076  stm32l0xx_hal_rcc.o(i.HAL_RCC_OscConfig)
    HAL_SYSTICK_Callback                     0x08001b71   Thumb Code     2  stm32l0xx_hal_cortex.o(i.HAL_SYSTICK_Callback)
    HAL_SYSTICK_Config                       0x08001b75   Thumb Code    38  stm32l0xx_hal_cortex.o(i.HAL_SYSTICK_Config)
    HAL_SYSTICK_IRQHandler                   0x08001ba5   Thumb Code     8  stm32l0xx_hal_cortex.o(i.HAL_SYSTICK_IRQHandler)
    HAL_UARTEx_RxEventCallback               0x08001bad   Thumb Code     2  stm32l0xx_hal_uart.o(i.HAL_UARTEx_RxEventCallback)
    HAL_UARTEx_WakeupCallback                0x08001baf   Thumb Code     2  stm32l0xx_hal_uart_ex.o(i.HAL_UARTEx_WakeupCallback)
    HAL_UART_ErrorCallback                   0x08001bb1   Thumb Code     2  stm32l0xx_hal_uart.o(i.HAL_UART_ErrorCallback)
    HAL_UART_IRQHandler                      0x08001bb5   Thumb Code   672  stm32l0xx_hal_uart.o(i.HAL_UART_IRQHandler)
    HAL_UART_Init                            0x08001e61   Thumb Code   106  stm32l0xx_hal_uart.o(i.HAL_UART_Init)
    HAL_UART_MspInit                         0x08001ecd   Thumb Code    98  stm32l0xx_hal_msp.o(i.HAL_UART_MspInit)
    HAL_UART_Receive_IT                      0x08001f39   Thumb Code    94  stm32l0xx_hal_uart.o(i.HAL_UART_Receive_IT)
    HAL_UART_RxCpltCallback                  0x08001f9d   Thumb Code    62  main.o(i.HAL_UART_RxCpltCallback)
    HAL_UART_Transmit                        0x08001fe5   Thumb Code   192  stm32l0xx_hal_uart.o(i.HAL_UART_Transmit)
    HAL_UART_TxCpltCallback                  0x080020a5   Thumb Code     2  stm32l0xx_hal_uart.o(i.HAL_UART_TxCpltCallback)
    HS300X_Start_Measurement                 0x080020a9   Thumb Code   176  hs300x.o(i.HS300X_Start_Measurement)
    HardFault_Handler                        0x08002171   Thumb Code     2  stm32l0xx_it.o(i.HardFault_Handler)
    ModRTU_CRC                               0x0800250d   Thumb Code    42  user_modbus_rtu.o(i.ModRTU_CRC)
    ModRTU_Slave_ACK_Read_Frame              0x08002541   Thumb Code    76  user_modbus_rtu.o(i.ModRTU_Slave_ACK_Read_Frame)
    ModRTU_Slave_ACK_Write_Frame             0x0800258d   Thumb Code   116  user_modbus_rtu.o(i.ModRTU_Slave_ACK_Write_Frame)
    ModbusRTU_Slave                          0x08002601   Thumb Code   412  uart_modbus_rtu.o(i.ModbusRTU_Slave)
    NMI_Handler                              0x080027a5   Thumb Code     2  stm32l0xx_it.o(i.NMI_Handler)
    Packing_Frame                            0x080027a9   Thumb Code   194  uart_modbus_rtu.o(i.Packing_Frame)
    PendSV_Handler                           0x08002871   Thumb Code     2  stm32l0xx_it.o(i.PendSV_Handler)
    Response_Error                           0x08002873   Thumb Code    40  user_modbus_rtu.o(i.Response_Error)
    SVC_Handler                              0x0800289b   Thumb Code     2  stm32l0xx_it.o(i.SVC_Handler)
    Send_Data_Terminal                       0x0800289d   Thumb Code    78  uart_modbus_rtu.o(i.Send_Data_Terminal)
    SysTick_Handler                          0x080028f1   Thumb Code    12  stm32l0xx_it.o(i.SysTick_Handler)
    SystemClock_Config                       0x080028fd   Thumb Code   140  main.o(i.SystemClock_Config)
    SystemInit                               0x0800298d   Thumb Code     2  system_stm32l0xx.o(i.SystemInit)
    Terminal_Receive                         0x0800298f   Thumb Code   256  uart_modbus_rtu.o(i.Terminal_Receive)
    UART_AdvFeatureConfig                    0x08002a8f   Thumb Code   202  stm32l0xx_hal_uart.o(i.UART_AdvFeatureConfig)
    UART_CheckIdleState                      0x08002b59   Thumb Code   190  stm32l0xx_hal_uart.o(i.UART_CheckIdleState)
    UART_SetConfig                           0x08002e49   Thumb Code   454  stm32l0xx_hal_uart.o(i.UART_SetConfig)
    UART_Start_Receive_IT                    0x0800302d   Thumb Code   188  stm32l0xx_hal_uart.o(i.UART_Start_Receive_IT)
    UART_WaitOnFlagUntilTimeout              0x080030f5   Thumb Code   138  stm32l0xx_hal_uart.o(i.UART_WaitOnFlagUntilTimeout)
    USART2_IRQHandler                        0x08003181   Thumb Code    10  stm32l0xx_it.o(i.USART2_IRQHandler)
    Uart2_Init                               0x08003191   Thumb Code    62  uart_modbus_rtu.o(i.Uart2_Init)
    __ARM_common_ll_muluu                    0x080031d5   Thumb Code    48  stm32l0xx_hal_rcc.o(i.__ARM_common_ll_muluu)
    __ARM_common_switch8                     0x08003205   Thumb Code    26  stm32l0xx_hal_dma.o(i.__ARM_common_switch8)
    __scatterload_copy                       0x08003265   Thumb Code    14  handlers.o(i.__scatterload_copy)
    __scatterload_null                       0x08003273   Thumb Code     2  handlers.o(i.__scatterload_null)
    __scatterload_zeroinit                   0x08003275   Thumb Code    14  handlers.o(i.__scatterload_zeroinit)
    main                                     0x08003285   Thumb Code   378  main.o(i.main)
    AHBPrescTable                            0x08003418   Data          16  system_stm32l0xx.o(.constdata)
    PLLMulTable                              0x08003428   Data           9  system_stm32l0xx.o(.constdata)
    APBPrescTable                            0x08003431   Data           8  system_stm32l0xx.o(.constdata)
    Region$$Table$$Base                      0x0800343c   Number         0  anon$$obj.o(Region$$Table)
    Region$$Table$$Limit                     0x0800345c   Number         0  anon$$obj.o(Region$$Table)
    Number_Error_HS300X_u8                   0x20000000   Data           1  hs300x.o(.data)
    check_countBuffer_uart                   0x20000004   Data           2  user_uart.o(.data)
    State_systick_countBuffer_uart           0x20000006   Data           2  user_uart.o(.data)
    Get_systick_countBuffer_uart             0x20000008   Data           4  user_uart.o(.data)
    count_rtu                                0x2000000c   Data           4  uart_modbus_rtu.o(.data)
    error                                    0x20000010   Data           6  uart_modbus_rtu.o(.data)
    success                                  0x20000016   Data           8  uart_modbus_rtu.o(.data)
    baud_rate_value                          0x20000020   Data          32  uart_modbus_rtu.o(.data)
    check_flash                              0x20000040   Data           1  main.o(.data)
    addr_stm32l0xx                           0x20000041   Data           1  main.o(.data)
    check_complete_read_sensor               0x20000042   Data           1  main.o(.data)
    tem                                      0x20000044   Data           2  main.o(.data)
    humi                                     0x20000046   Data           2  main.o(.data)
    drop_tem                                 0x20000048   Data           2  main.o(.data)
    drop_humi                                0x2000004a   Data           2  main.o(.data)
    max                                      0x2000004c   Data           2  main.o(.data)
    GetTick_Ms                               0x20000050   Data           4  main.o(.data)
    baud_rate                                0x20000054   Data           4  main.o(.data)
    getTick_check                            0x20000058   Data           4  main.o(.data)
    count_main                               0x2000005c   Data           4  main.o(.data)
    sUart2                                   0x20000060   Data          28  main.o(.data)
    uwTickFreq                               0x2000007c   Data           1  stm32l0xx_hal.o(.data)
    uwTickPrio                               0x20000080   Data           4  stm32l0xx_hal.o(.data)
    uwTick                                   0x20000084   Data           4  stm32l0xx_hal.o(.data)
    SystemCoreClock                          0x20000088   Data           4  system_stm32l0xx.o(.data)
    Slave_IF                                 0x2000008c   Data          21  uart_modbus_rtu.o(.bss)
    hi2c1                                    0x200000a4   Data          84  main.o(.bss)
    hiwdg                                    0x200000f8   Data          16  main.o(.bss)
    huart2                                   0x20000108   Data         136  main.o(.bss)
    pFlash                                   0x20000190   Data          24  stm32l0xx_hal_flash.o(.bss)
    __initial_sp                             0x200005a8   Data           0  startup_stm32l011xx.o(STACK)



==============================================================================

Memory Map of the image

  Image Entry point : 0x080000c1

  Load Region LR_IROM1 (Base: 0x08000000, Size: 0x000034e8, Max: 0x00004000, ABSOLUTE)

    Execution Region ER_IROM1 (Exec base: 0x08000000, Load base: 0x08000000, Size: 0x0000345c, Max: 0x00004000, ABSOLUTE)

    Exec Addr    Load Addr    Size         Type   Attr      Idx    E Section Name        Object

    0x08000000   0x08000000   0x000000c0   Data   RO            3    RESET               startup_stm32l011xx.o
    0x080000c0   0x080000c0   0x00000000   Code   RO         2640  * .ARM.Collect$$$$00000000  mc_p.l(entry.o)
    0x080000c0   0x080000c0   0x00000004   Code   RO         2661    .ARM.Collect$$$$00000001  mc_p.l(entry2.o)
    0x080000c4   0x080000c4   0x00000004   Code   RO         2664    .ARM.Collect$$$$00000004  mc_p.l(entry5.o)
    0x080000c8   0x080000c8   0x00000000   Code   RO         2666    .ARM.Collect$$$$00000008  mc_p.l(entry7b.o)
    0x080000c8   0x080000c8   0x00000000   Code   RO         2668    .ARM.Collect$$$$0000000A  mc_p.l(entry8b.o)
    0x080000c8   0x080000c8   0x00000008   Code   RO         2669    .ARM.Collect$$$$0000000B  mc_p.l(entry9a.o)
    0x080000d0   0x080000d0   0x00000000   Code   RO         2671    .ARM.Collect$$$$0000000D  mc_p.l(entry10a.o)
    0x080000d0   0x080000d0   0x00000000   Code   RO         2673    .ARM.Collect$$$$0000000F  mc_p.l(entry11a.o)
    0x080000d0   0x080000d0   0x00000004   Code   RO         2662    .ARM.Collect$$$$00002712  mc_p.l(entry2.o)
    0x080000d4   0x080000d4   0x00000058   Code   RO            4    .text               startup_stm32l011xx.o
    0x0800012c   0x0800012c   0x0000002c   Code   RO         2643    .text               mc_p.l(uidiv.o)
    0x08000158   0x08000158   0x00000060   Code   RO         2645    .text               mc_p.l(uldiv.o)
    0x080001b8   0x080001b8   0x00000024   Code   RO         2647    .text               mc_p.l(memseta.o)
    0x080001dc   0x080001dc   0x0000000e   Code   RO         2649    .text               mc_p.l(strlen.o)
    0x080001ea   0x080001ea   0x000000b2   Code   RO         2651    .text               mf_p.l(fadd.o)
    0x0800029c   0x0800029c   0x0000007a   Code   RO         2653    .text               mf_p.l(fmul.o)
    0x08000316   0x08000316   0x0000007c   Code   RO         2655    .text               mf_p.l(fdiv.o)
    0x08000392   0x08000392   0x0000000e   Code   RO         2657    .text               mf_p.l(ffltui.o)
    0x080003a0   0x080003a0   0x00000032   Code   RO         2659    .text               mf_p.l(ffixi.o)
    0x080003d2   0x080003d2   0x00000020   Code   RO         2675    .text               mc_p.l(llshl.o)
    0x080003f2   0x080003f2   0x00000022   Code   RO         2677    .text               mc_p.l(llushr.o)
    0x08000414   0x08000414   0x00000000   Code   RO         2679    .text               mc_p.l(iusefp.o)
    0x08000414   0x08000414   0x00000082   Code   RO         2680    .text               mf_p.l(fepilogue.o)
    0x08000496   0x08000496   0x00000002   PAD
    0x08000498   0x08000498   0x00000024   Code   RO         2682    .text               mc_p.l(init.o)
    0x080004bc   0x080004bc   0x0000019c   Code   RO          238    i.AT_Command_IF     uart_modbus_rtu.o
    0x08000658   0x08000658   0x000002d8   Code   RO          239    i.Change_Baudrate_AddrSlave_Calib  uart_modbus_rtu.o
    0x08000930   0x08000930   0x00000054   Code   RO          197    i.Check_CountBuffer_Complete_Uart  user_uart.o
    0x08000984   0x08000984   0x00000016   Code   RO          198    i.Delete_Buffer     user_uart.o
    0x0800099a   0x0800099a   0x00000002   PAD
    0x0800099c   0x0800099c   0x0000002c   Code   RO         1483    i.FLASH_PageErase   stm32l0xx_hal_flash_ex.o
    0x080009c8   0x080009c8   0x00000004   Code   RO          240    i.FLASH_ReadData32  uart_modbus_rtu.o
    0x080009cc   0x080009cc   0x00000090   Code   RO         1382    i.FLASH_SetErrorCode  stm32l0xx_hal_flash.o
    0x08000a5c   0x08000a5c   0x00000070   Code   RO         1383    i.FLASH_WaitForLastOperation  stm32l0xx_hal_flash.o
    0x08000acc   0x08000acc   0x00000068   Code   RO          241    i.FLASH_WritePage   uart_modbus_rtu.o
    0x08000b34   0x08000b34   0x0000001e   Code   RO          242    i.Get_Length_Variable  uart_modbus_rtu.o
    0x08000b52   0x08000b52   0x00000044   Code   RO         1654    i.HAL_DMA_Abort     stm32l0xx_hal_dma.o
    0x08000b96   0x08000b96   0x0000004c   Code   RO         1655    i.HAL_DMA_Abort_IT  stm32l0xx_hal_dma.o
    0x08000be2   0x08000be2   0x00000002   PAD
    0x08000be4   0x08000be4   0x00000024   Code   RO          999    i.HAL_Delay         stm32l0xx_hal.o
    0x08000c08   0x08000c08   0x00000074   Code   RO         1492    i.HAL_FLASHEx_Erase  stm32l0xx_hal_flash_ex.o
    0x08000c7c   0x08000c7c   0x0000001c   Code   RO         1387    i.HAL_FLASH_Lock    stm32l0xx_hal_flash.o
    0x08000c98   0x08000c98   0x0000003c   Code   RO         1392    i.HAL_FLASH_Program  stm32l0xx_hal_flash.o
    0x08000cd4   0x08000cd4   0x0000005c   Code   RO         1394    i.HAL_FLASH_Unlock  stm32l0xx_hal_flash.o
    0x08000d30   0x08000d30   0x00000140   Code   RO         1594    i.HAL_GPIO_Init     stm32l0xx_hal_gpio.o
    0x08000e70   0x08000e70   0x0000000c   Code   RO         1598    i.HAL_GPIO_WritePin  stm32l0xx_hal_gpio.o
    0x08000e7c   0x08000e7c   0x0000000c   Code   RO         1003    i.HAL_GetTick       stm32l0xx_hal.o
    0x08000e88   0x08000e88   0x0000004a   Code   RO          940    i.HAL_I2CEx_ConfigAnalogFilter  stm32l0xx_hal_i2c_ex.o
    0x08000ed2   0x08000ed2   0x00000048   Code   RO          941    i.HAL_I2CEx_ConfigDigitalFilter  stm32l0xx_hal_i2c_ex.o
    0x08000f1a   0x08000f1a   0x00000002   PAD
    0x08000f1c   0x08000f1c   0x000000b4   Code   RO          483    i.HAL_I2C_Init      stm32l0xx_hal_i2c.o
    0x08000fd0   0x08000fd0   0x00000110   Code   RO          489    i.HAL_I2C_Master_Receive  stm32l0xx_hal_i2c.o
    0x080010e0   0x080010e0   0x00000110   Code   RO          496    i.HAL_I2C_Master_Transmit  stm32l0xx_hal_i2c.o
    0x080011f0   0x080011f0   0x0000005c   Code   RO          429    i.HAL_I2C_MspInit   stm32l0xx_hal_msp.o
    0x0800124c   0x0800124c   0x0000006c   Code   RO         2080    i.HAL_IWDG_Init     stm32l0xx_hal_iwdg.o
    0x080012b8   0x080012b8   0x00000010   Code   RO         2081    i.HAL_IWDG_Refresh  stm32l0xx_hal_iwdg.o
    0x080012c8   0x080012c8   0x00000010   Code   RO         1009    i.HAL_IncTick       stm32l0xx_hal.o
    0x080012d8   0x080012d8   0x00000028   Code   RO         1010    i.HAL_Init          stm32l0xx_hal.o
    0x08001300   0x08001300   0x00000044   Code   RO         1011    i.HAL_InitTick      stm32l0xx_hal.o
    0x08001344   0x08001344   0x00000018   Code   RO          430    i.HAL_MspInit       stm32l0xx_hal_msp.o
    0x0800135c   0x0800135c   0x00000018   Code   RO         1920    i.HAL_NVIC_EnableIRQ  stm32l0xx_hal_cortex.o
    0x08001374   0x08001374   0x00000008   Code   RO         1924    i.HAL_NVIC_SetPriority  stm32l0xx_hal_cortex.o
    0x0800137c   0x0800137c   0x00000168   Code   RO         1279    i.HAL_RCCEx_PeriphCLKConfig  stm32l0xx_hal_rcc_ex.o
    0x080014e4   0x080014e4   0x0000019c   Code   RO         1196    i.HAL_RCC_ClockConfig  stm32l0xx_hal_rcc.o
    0x08001680   0x08001680   0x00000020   Code   RO         1201    i.HAL_RCC_GetPCLK1Freq  stm32l0xx_hal_rcc.o
    0x080016a0   0x080016a0   0x00000020   Code   RO         1202    i.HAL_RCC_GetPCLK2Freq  stm32l0xx_hal_rcc.o
    0x080016c0   0x080016c0   0x0000007c   Code   RO         1203    i.HAL_RCC_GetSysClockFreq  stm32l0xx_hal_rcc.o
    0x0800173c   0x0800173c   0x00000434   Code   RO         1205    i.HAL_RCC_OscConfig  stm32l0xx_hal_rcc.o
    0x08001b70   0x08001b70   0x00000002   Code   RO         1927    i.HAL_SYSTICK_Callback  stm32l0xx_hal_cortex.o
    0x08001b72   0x08001b72   0x00000002   PAD
    0x08001b74   0x08001b74   0x00000030   Code   RO         1928    i.HAL_SYSTICK_Config  stm32l0xx_hal_cortex.o
    0x08001ba4   0x08001ba4   0x00000008   Code   RO         1929    i.HAL_SYSTICK_IRQHandler  stm32l0xx_hal_cortex.o
    0x08001bac   0x08001bac   0x00000002   Code   RO         2143    i.HAL_UARTEx_RxEventCallback  stm32l0xx_hal_uart.o
    0x08001bae   0x08001bae   0x00000002   Code   RO         2533    i.HAL_UARTEx_WakeupCallback  stm32l0xx_hal_uart_ex.o
    0x08001bb0   0x08001bb0   0x00000002   Code   RO         2159    i.HAL_UART_ErrorCallback  stm32l0xx_hal_uart.o
    0x08001bb2   0x08001bb2   0x00000002   PAD
    0x08001bb4   0x08001bb4   0x000002ac   Code   RO         2162    i.HAL_UART_IRQHandler  stm32l0xx_hal_uart.o
    0x08001e60   0x08001e60   0x0000006a   Code   RO         2163    i.HAL_UART_Init     stm32l0xx_hal_uart.o
    0x08001eca   0x08001eca   0x00000002   PAD
    0x08001ecc   0x08001ecc   0x0000006c   Code   RO          432    i.HAL_UART_MspInit  stm32l0xx_hal_msp.o
    0x08001f38   0x08001f38   0x00000064   Code   RO         2168    i.HAL_UART_Receive_IT  stm32l0xx_hal_uart.o
    0x08001f9c   0x08001f9c   0x00000048   Code   RO          320    i.HAL_UART_RxCpltCallback  main.o
    0x08001fe4   0x08001fe4   0x000000c0   Code   RO         2172    i.HAL_UART_Transmit  stm32l0xx_hal_uart.o
    0x080020a4   0x080020a4   0x00000002   Code   RO         2175    i.HAL_UART_TxCpltCallback  stm32l0xx_hal_uart.o
    0x080020a6   0x080020a6   0x00000002   PAD
    0x080020a8   0x080020a8   0x000000c8   Code   RO           13    i.HS300X_Start_Measurement  hs300x.o
    0x08002170   0x08002170   0x00000002   Code   RO          374    i.HardFault_Handler  stm32l0xx_it.o
    0x08002172   0x08002172   0x00000022   Code   RO          530    i.I2C_Flush_TXDR    stm32l0xx_hal_i2c.o
    0x08002194   0x08002194   0x00000108   Code   RO          538    i.I2C_IsErrorOccurred  stm32l0xx_hal_i2c.o
    0x0800229c   0x0800229c   0x0000002c   Code   RO          547    i.I2C_TransferConfig  stm32l0xx_hal_i2c.o
    0x080022c8   0x080022c8   0x00000062   Code   RO          549    i.I2C_WaitOnFlagUntilTimeout  stm32l0xx_hal_i2c.o
    0x0800232a   0x0800232a   0x00000002   PAD
    0x0800232c   0x0800232c   0x000000a0   Code   RO          550    i.I2C_WaitOnRXNEFlagUntilTimeout  stm32l0xx_hal_i2c.o
    0x080023cc   0x080023cc   0x00000056   Code   RO          551    i.I2C_WaitOnSTOPFlagUntilTimeout  stm32l0xx_hal_i2c.o
    0x08002422   0x08002422   0x0000005a   Code   RO          552    i.I2C_WaitOnTXISFlagUntilTimeout  stm32l0xx_hal_i2c.o
    0x0800247c   0x0800247c   0x00000058   Code   RO          321    i.MX_I2C1_Init      main.o
    0x080024d4   0x080024d4   0x00000038   Code   RO          322    i.MX_USART2_UART_Init  main.o
    0x0800250c   0x0800250c   0x00000034   Code   RO          138    i.ModRTU_CRC        user_modbus_rtu.o
    0x08002540   0x08002540   0x0000004c   Code   RO          142    i.ModRTU_Slave_ACK_Read_Frame  user_modbus_rtu.o
    0x0800258c   0x0800258c   0x00000074   Code   RO          143    i.ModRTU_Slave_ACK_Write_Frame  user_modbus_rtu.o
    0x08002600   0x08002600   0x000001a4   Code   RO          243    i.ModbusRTU_Slave   uart_modbus_rtu.o
    0x080027a4   0x080027a4   0x00000002   Code   RO          375    i.NMI_Handler       stm32l0xx_it.o
    0x080027a6   0x080027a6   0x00000002   PAD
    0x080027a8   0x080027a8   0x000000c8   Code   RO          244    i.Packing_Frame     uart_modbus_rtu.o
    0x08002870   0x08002870   0x00000002   Code   RO          376    i.PendSV_Handler    stm32l0xx_it.o
    0x08002872   0x08002872   0x00000028   Code   RO          144    i.Response_Error    user_modbus_rtu.o
    0x0800289a   0x0800289a   0x00000002   Code   RO          377    i.SVC_Handler       stm32l0xx_it.o
    0x0800289c   0x0800289c   0x00000054   Code   RO          245    i.Send_Data_Terminal  uart_modbus_rtu.o
    0x080028f0   0x080028f0   0x0000000c   Code   RO          378    i.SysTick_Handler   stm32l0xx_it.o
    0x080028fc   0x080028fc   0x00000090   Code   RO          323    i.SystemClock_Config  main.o
    0x0800298c   0x0800298c   0x00000002   Code   RO         2609    i.SystemInit        system_stm32l0xx.o
    0x0800298e   0x0800298e   0x00000100   Code   RO          246    i.Terminal_Receive  uart_modbus_rtu.o
    0x08002a8e   0x08002a8e   0x000000ca   Code   RO         2177    i.UART_AdvFeatureConfig  stm32l0xx_hal_uart.o
    0x08002b58   0x08002b58   0x000000c4   Code   RO         2178    i.UART_CheckIdleState  stm32l0xx_hal_uart.o
    0x08002c1c   0x08002c1c   0x00000014   Code   RO         2179    i.UART_DMAAbortOnError  stm32l0xx_hal_uart.o
    0x08002c30   0x08002c30   0x0000005e   Code   RO         2189    i.UART_EndRxTransfer  stm32l0xx_hal_uart.o
    0x08002c8e   0x08002c8e   0x00000002   PAD
    0x08002c90   0x08002c90   0x000000dc   Code   RO         2191    i.UART_RxISR_16BIT  stm32l0xx_hal_uart.o
    0x08002d6c   0x08002d6c   0x000000dc   Code   RO         2192    i.UART_RxISR_8BIT   stm32l0xx_hal_uart.o
    0x08002e48   0x08002e48   0x000001e4   Code   RO         2193    i.UART_SetConfig    stm32l0xx_hal_uart.o
    0x0800302c   0x0800302c   0x000000c8   Code   RO         2195    i.UART_Start_Receive_IT  stm32l0xx_hal_uart.o
    0x080030f4   0x080030f4   0x0000008a   Code   RO         2198    i.UART_WaitOnFlagUntilTimeout  stm32l0xx_hal_uart.o
    0x0800317e   0x0800317e   0x00000002   PAD
    0x08003180   0x08003180   0x00000010   Code   RO          379    i.USART2_IRQHandler  stm32l0xx_it.o
    0x08003190   0x08003190   0x00000044   Code   RO          247    i.Uart2_Init        uart_modbus_rtu.o
    0x080031d4   0x080031d4   0x00000030   Code   RO         1264    i.__ARM_common_ll_muluu  stm32l0xx_hal_rcc.o
    0x08003204   0x08003204   0x0000001a   Code   RO         1739    i.__ARM_common_switch8  stm32l0xx_hal_dma.o
    0x0800321e   0x0800321e   0x00000002   PAD
    0x08003220   0x08003220   0x00000044   Code   RO         1930    i.__NVIC_SetPriority  stm32l0xx_hal_cortex.o
    0x08003264   0x08003264   0x0000000e   Code   RO         2686    i.__scatterload_copy  mc_p.l(handlers.o)
    0x08003272   0x08003272   0x00000002   Code   RO         2687    i.__scatterload_null  mc_p.l(handlers.o)
    0x08003274   0x08003274   0x0000000e   Code   RO         2688    i.__scatterload_zeroinit  mc_p.l(handlers.o)
    0x08003282   0x08003282   0x00000002   PAD
    0x08003284   0x08003284   0x00000194   Code   RO          324    i.main              main.o
    0x08003418   0x08003418   0x00000019   Data   RO         2610    .constdata          system_stm32l0xx.o
    0x08003431   0x08003431   0x00000008   Data   RO         2611    .constdata          system_stm32l0xx.o
    0x08003439   0x08003439   0x00000003   PAD
    0x0800343c   0x0800343c   0x00000020   Data   RO         2684    Region$$Table       anon$$obj.o


    Execution Region RW_IRAM1 (Exec base: 0x20000000, Load base: 0x0800345c, Size: 0x000005a8, Max: 0x00000800, ABSOLUTE)

    Exec Addr    Load Addr    Size         Type   Attr      Idx    E Section Name        Object

    0x20000000   0x0800345c   0x00000001   Data   RW           14    .data               hs300x.o
    0x20000001   0x0800345d   0x00000003   PAD
    0x20000004   0x08003460   0x00000008   Data   RW          200    .data               user_uart.o
    0x2000000c   0x08003468   0x00000034   Data   RW          249    .data               uart_modbus_rtu.o
    0x20000040   0x0800349c   0x0000003c   Data   RW          326    .data               main.o
    0x2000007c   0x080034d8   0x0000000c   Data   RW         1021    .data               stm32l0xx_hal.o
    0x20000088   0x080034e4   0x00000004   Data   RW         2612    .data               system_stm32l0xx.o
    0x2000008c        -       0x00000015   Zero   RW          248    .bss                uart_modbus_rtu.o
    0x200000a1   0x080034e8   0x00000003   PAD
    0x200000a4        -       0x000000ec   Zero   RW          325    .bss                main.o
    0x20000190        -       0x00000018   Zero   RW         1395    .bss                stm32l0xx_hal_flash.o
    0x200001a8        -       0x00000400   Zero   RW            1    STACK               startup_stm32l011xx.o


==============================================================================

Image component sizes


      Code (inc. data)   RO Data    RW Data    ZI Data      Debug   Object Name

       200         24          0          1          0     286768   hs300x.o
       764         60          0         60        236       4346   main.o
        88         38        192          0       1024        664   startup_stm32l011xx.o
       172         28          0         12          0       8225   stm32l0xx_hal.o
       158         24          0          0          0      11673   stm32l0xx_hal_cortex.o
       170          0          0          0          0       1839   stm32l0xx_hal_dma.o
       436         54          0          0         24       9014   stm32l0xx_hal_flash.o
       160         24          0          0          0       2662   stm32l0xx_hal_flash_ex.o
       332         20          0          0          0       2092   stm32l0xx_hal_gpio.o
      1500         42          0          0          0      11386   stm32l0xx_hal_i2c.o
       146          0          0          0          0       1951   stm32l0xx_hal_i2c_ex.o
       124         20          0          0          0       1911   stm32l0xx_hal_iwdg.o
       224         24          0          0          0       2139   stm32l0xx_hal_msp.o
      1724         96          0          0          0       5796   stm32l0xx_hal_rcc.o
       360         14          0          0          0       1544   stm32l0xx_hal_rcc_ex.o
      2862        102          0          0          0      19469   stm32l0xx_hal_uart.o
         2          0          0          0          0       1056   stm32l0xx_hal_uart_ex.o
        36          6          0          0          0       2711   stm32l0xx_it.o
         2          0         33          4          0       1223   system_stm32l0xx.o
      2306         48          0         52         21      12419   uart_modbus_rtu.o
       284         10          0          0          0       4347   user_modbus_rtu.o
       106          6          0          8          0       2655   user_uart.o

    ----------------------------------------------------------------------
     12180        640        260        140       1308     395890   Object Totals
         0          0         32          0          0          0   (incl. Generated)
        24          0          3          3          3          0   (incl. Padding)

    ----------------------------------------------------------------------

      Code (inc. data)   RO Data    RW Data    ZI Data      Debug   Library Member Name

         0          0          0          0          0          0   entry.o
         0          0          0          0          0          0   entry10a.o
         0          0          0          0          0          0   entry11a.o
         8          4          0          0          0          0   entry2.o
         4          0          0          0          0          0   entry5.o
         0          0          0          0          0          0   entry7b.o
         0          0          0          0          0          0   entry8b.o
         8          4          0          0          0          0   entry9a.o
        30          0          0          0          0          0   handlers.o
        36          8          0          0          0         68   init.o
         0          0          0          0          0          0   iusefp.o
        32          0          0          0          0         68   llshl.o
        34          0          0          0          0         68   llushr.o
        36          0          0          0          0        100   memseta.o
        14          0          0          0          0         60   strlen.o
        44          0          0          0          0         72   uidiv.o
        96          0          0          0          0         84   uldiv.o
       178          0          0          0          0        108   fadd.o
       124          0          0          0          0         72   fdiv.o
       130          0          0          0          0        144   fepilogue.o
        50          0          0          0          0         60   ffixi.o
        14          0          0          0          0         68   ffltui.o
       122          0          0          0          0         72   fmul.o

    ----------------------------------------------------------------------
       964         16          0          0          0       1044   Library Totals
         4          0          0          0          0          0   (incl. Padding)

    ----------------------------------------------------------------------

      Code (inc. data)   RO Data    RW Data    ZI Data      Debug   Library Name

       342         16          0          0          0        520   mc_p.l
       618          0          0          0          0        524   mf_p.l

    ----------------------------------------------------------------------
       964         16          0          0          0       1044   Library Totals

    ----------------------------------------------------------------------

==============================================================================


      Code (inc. data)   RO Data    RW Data    ZI Data      Debug   

     13144        656        260        140       1308     392686   Grand Totals
     13144        656        260        140       1308     392686   ELF Image Totals
     13144        656        260        140          0          0   ROM Totals

==============================================================================

    Total RO  Size (Code + RO Data)                13404 (  13.09kB)
    Total RW  Size (RW Data + ZI Data)              1448 (   1.41kB)
    Total ROM Size (Code + RO Data + RW Data)      13544 (  13.23kB)

==============================================================================

