Component: ARM Compiler 5.06 update 6 (build 750) Tool: armlink [4d35ed]

==============================================================================

Section Cross References

    startup_stm32l011xx.o(STACK) refers (Special) to heapauxi.o(.text) for __use_two_region_memory
    startup_stm32l011xx.o(HEAP) refers (Special) to heapauxi.o(.text) for __use_two_region_memory
    startup_stm32l011xx.o(RESET) refers (Special) to heapauxi.o(.text) for __use_two_region_memory
    startup_stm32l011xx.o(RESET) refers to startup_stm32l011xx.o(STACK) for __initial_sp
    startup_stm32l011xx.o(RESET) refers to startup_stm32l011xx.o(.text) for Reset_Handler
    startup_stm32l011xx.o(RESET) refers to stm32l0xx_it.o(i.NMI_Handler) for NMI_Handler
    startup_stm32l011xx.o(RESET) refers to stm32l0xx_it.o(i.HardFault_Handler) for HardFault_Handler
    startup_stm32l011xx.o(RESET) refers to stm32l0xx_it.o(i.SVC_Handler) for SVC_Handler
    startup_stm32l011xx.o(RESET) refers to stm32l0xx_it.o(i.PendSV_Handler) for PendSV_Handler
    startup_stm32l011xx.o(RESET) refers to stm32l0xx_it.o(i.SysTick_Handler) for SysTick_Handler
    startup_stm32l011xx.o(RESET) refers to stm32l0xx_it.o(i.USART2_IRQHandler) for USART2_IRQHandler
    startup_stm32l011xx.o(.text) refers (Special) to heapauxi.o(.text) for __use_two_region_memory
    startup_stm32l011xx.o(.text) refers to startup_stm32l011xx.o(STACK) for __initial_sp
    startup_stm32l011xx.o(.text) refers to system_stm32l0xx.o(i.SystemInit) for SystemInit
    startup_stm32l011xx.o(.text) refers to __main.o(!!!main) for __main
    startup_stm32l011xx.o(.text) refers to startup_stm32l011xx.o(HEAP) for Heap_Mem
    hs300x.o(i.HS300X_Init) refers to stm32l0xx_hal_i2c.o(i.HAL_I2C_Mem_Write) for HAL_I2C_Mem_Write
    hs300x.o(i.HS300X_Init) refers to stm32l0xx_hal.o(i.HAL_Delay) for HAL_Delay
    hs300x.o(i.HS300X_Init) refers to stm32l0xx_hal_i2c.o(i.HAL_I2C_Master_Transmit) for HAL_I2C_Master_Transmit
    hs300x.o(i.HS300X_Init) refers to stm32l0xx_hal_i2c.o(i.HAL_I2C_Master_Receive) for HAL_I2C_Master_Receive
    hs300x.o(i.HS300X_Start_Measurement) refers to stm32l0xx_hal_i2c.o(i.HAL_I2C_Master_Transmit) for HAL_I2C_Master_Transmit
    hs300x.o(i.HS300X_Start_Measurement) refers to stm32l0xx_hal.o(i.HAL_Delay) for HAL_Delay
    hs300x.o(i.HS300X_Start_Measurement) refers to stm32l0xx_hal_i2c.o(i.HAL_I2C_Master_Receive) for HAL_I2C_Master_Receive
    hs300x.o(i.HS300X_Start_Measurement) refers to dflti.o(.text) for __aeabi_ui2d
    hs300x.o(i.HS300X_Start_Measurement) refers to ddiv.o(.text) for __aeabi_ddiv
    hs300x.o(i.HS300X_Start_Measurement) refers to dmul.o(.text) for __aeabi_dmul
    hs300x.o(i.HS300X_Start_Measurement) refers to dfixi.o(.text) for __aeabi_d2iz
    hs300x.o(i.HS300X_Start_Measurement) refers to daddsub.o(.text) for __aeabi_dsub
    hs300x.o(i.HS300X_Start_Measurement) refers to hs300x.o(.data) for .data
    user_modbus_rtu.o(i.ModRTU_Master_Read_Frame) refers to user_modbus_rtu.o(i.ModRTU_CRC) for ModRTU_CRC
    user_modbus_rtu.o(i.ModRTU_Master_Write_Frame) refers to user_modbus_rtu.o(i.ModRTU_CRC) for ModRTU_CRC
    user_modbus_rtu.o(i.ModRTU_Slave_ACK_Read_Frame) refers to user_modbus_rtu.o(i.ModRTU_CRC) for ModRTU_CRC
    user_modbus_rtu.o(i.ModRTU_Slave_ACK_Write_Frame) refers to user_modbus_rtu.o(i.ModRTU_CRC) for ModRTU_CRC
    user_uart.o(i.Check_CountBuffer_Complete_Uart) refers to stm32l0xx_hal.o(i.HAL_GetTick) for HAL_GetTick
    user_uart.o(i.Check_CountBuffer_Complete_Uart) refers to user_uart.o(.data) for .data
    user_uart.o(i.Delete_Buffer) refers to user_uart.o(.data) for .data
    user_uart.o(i.Transmit_Data_Uart) refers to strlen.o(.text) for strlen
    user_uart.o(i.Transmit_Data_Uart) refers to stm32l0xx_hal_uart.o(i.HAL_UART_Transmit) for HAL_UART_Transmit
    main.o(i.Change_Baudrate_AddrSlave) refers to main.o(i.MX_USART2_UART_Init) for MX_USART2_UART_Init
    main.o(i.Change_Baudrate_AddrSlave) refers to stm32l0xx_hal_uart.o(i.HAL_UART_Receive_IT) for HAL_UART_Receive_IT
    main.o(i.Change_Baudrate_AddrSlave) refers to main.o(i.FLASH_WritePage) for FLASH_WritePage
    main.o(i.Change_Baudrate_AddrSlave) refers to main.o(.bss) for .bss
    main.o(i.Change_Baudrate_AddrSlave) refers to main.o(.data) for .data
    main.o(i.FLASH_WritePage) refers to stm32l0xx_hal_flash.o(i.HAL_FLASH_Unlock) for HAL_FLASH_Unlock
    main.o(i.FLASH_WritePage) refers to stm32l0xx_hal_flash_ex.o(i.HAL_FLASHEx_Erase) for HAL_FLASHEx_Erase
    main.o(i.FLASH_WritePage) refers to stm32l0xx_hal_flash.o(i.HAL_FLASH_Program) for HAL_FLASH_Program
    main.o(i.FLASH_WritePage) refers to stm32l0xx_hal_flash.o(i.HAL_FLASH_Lock) for HAL_FLASH_Lock
    main.o(i.FLASH_WritePage) refers to main.o(.data) for .data
    main.o(i.HAL_UART_RxCpltCallback) refers to stm32l0xx_hal_uart.o(i.HAL_UART_Receive_IT) for HAL_UART_Receive_IT
    main.o(i.HAL_UART_RxCpltCallback) refers to main.o(.bss) for .bss
[...]
    Removing stm32l0xx_hal_gpio.o(.revsh_text), (4 bytes).
    Removing stm32l0xx_hal_gpio.o(i.HAL_GPIO_DeInit), (200 bytes).
    Removing stm32l0xx_hal_gpio.o(i.HAL_GPIO_EXTI_Callback), (2 bytes).
    Removing stm32l0xx_hal_gpio.o(i.HAL_GPIO_EXTI_IRQHandler), (24 bytes).
    Removing stm32l0xx_hal_gpio.o(i.HAL_GPIO_LockPin), (36 bytes).
    Removing stm32l0xx_hal_gpio.o(i.HAL_GPIO_ReadPin), (10 bytes).
    Removing stm32l0xx_hal_gpio.o(i.HAL_GPIO_TogglePin), (16 bytes).
    Removing stm32l0xx_hal_dma.o(.rev16_text), (4 bytes).
    Removing stm32l0xx_hal_dma.o(.revsh_text), (4 bytes).
    Removing stm32l0xx_hal_dma.o(i.DMA_SetConfig), (44 bytes).
    Removing stm32l0xx_hal_dma.o(i.HAL_DMA_DeInit), (104 bytes).
    Removing stm32l0xx_hal_dma.o(i.HAL_DMA_GetError), (4 bytes).
    Removing stm32l0xx_hal_dma.o(i.HAL_DMA_GetState), (6 bytes).
    Removing stm32l0xx_hal_dma.o(i.HAL_DMA_IRQHandler), (168 bytes).
    Removing stm32l0xx_hal_dma.o(i.HAL_DMA_Init), (144 bytes).
    Removing stm32l0xx_hal_dma.o(i.HAL_DMA_PollForTransfer), (190 bytes).
    Removing stm32l0xx_hal_dma.o(i.HAL_DMA_RegisterCallback), (72 bytes).
    Removing stm32l0xx_hal_dma.o(i.HAL_DMA_Start), (74 bytes).
    Removing stm32l0xx_hal_dma.o(i.HAL_DMA_Start_IT), (104 bytes).
    Removing stm32l0xx_hal_dma.o(i.HAL_DMA_UnRegisterCallback), (78 bytes).
    Removing stm32l0xx_hal_pwr.o(.rev16_text), (4 bytes).
    Removing stm32l0xx_hal_pwr.o(.revsh_text), (4 bytes).
    Removing stm32l0xx_hal_pwr.o(i.HAL_PWR_ConfigPVD), (104 bytes).
    Removing stm32l0xx_hal_pwr.o(i.HAL_PWR_DeInit), (24 bytes).
    Removing stm32l0xx_hal_pwr.o(i.HAL_PWR_DisableBkUpAccess), (16 bytes).
    Removing stm32l0xx_hal_pwr.o(i.HAL_PWR_DisablePVD), (16 bytes).
    Removing stm32l0xx_hal_pwr.o(i.HAL_PWR_DisableSEVOnPend), (16 bytes).
    Removing stm32l0xx_hal_pwr.o(i.HAL_PWR_DisableSleepOnExit), (16 bytes).
    Removing stm32l0xx_hal_pwr.o(i.HAL_PWR_DisableWakeUpPin), (16 bytes).
    Removing stm32l0xx_hal_pwr.o(i.HAL_PWR_EnableBkUpAccess), (16 bytes).
    Removing stm32l0xx_hal_pwr.o(i.HAL_PWR_EnablePVD), (16 bytes).
    Removing stm32l0xx_hal_pwr.o(i.HAL_PWR_EnableSEVOnPend), (16 bytes).
    Removing stm32l0xx_hal_pwr.o(i.HAL_PWR_EnableSleepOnExit), (16 bytes).
    Removing stm32l0xx_hal_pwr.o(i.HAL_PWR_EnableWakeUpPin), (16 bytes).
    Removing stm32l0xx_hal_pwr.o(i.HAL_PWR_EnterSLEEPMode), (96 bytes).
    Removing stm32l0xx_hal_pwr.o(i.HAL_PWR_EnterSTANDBYMode), (32 bytes).
    Removing stm32l0xx_hal_pwr.o(i.HAL_PWR_EnterSTOPMode), (100 bytes).
    Removing stm32l0xx_hal_pwr.o(i.HAL_PWR_PVDCallback), (2 bytes).
    Removing stm32l0xx_hal_pwr.o(i.HAL_PWR_PVD_IRQHandler), (28 bytes).
    Removing stm32l0xx_hal_pwr_ex.o(.rev16_text), (4 bytes).
    Removing stm32l0xx_hal_pwr_ex.o(.revsh_text), (4 bytes).
    Removing stm32l0xx_hal_pwr_ex.o(i.HAL_PWREx_DisableFastWakeUp), (16 bytes).
    Removing stm32l0xx_hal_pwr_ex.o(i.HAL_PWREx_DisableLowPowerRunMode), (76 bytes).
    Removing stm32l0xx_hal_pwr_ex.o(i.HAL_PWREx_DisableUltraLowPower), (16 bytes).
    Removing stm32l0xx_hal_pwr_ex.o(i.HAL_PWREx_EnableFastWakeUp), (16 bytes).
    Removing stm32l0xx_hal_pwr_ex.o(i.HAL_PWREx_EnableLowPowerRunMode), (24 bytes).
    Removing stm32l0xx_hal_pwr_ex.o(i.HAL_PWREx_EnableUltraLowPower), (16 bytes).
    Removing stm32l0xx_hal_pwr_ex.o(i.HAL_PWREx_GetVoltageRange), (16 bytes).
    Removing stm32l0xx_hal_cortex.o(.rev16_text), (4 bytes).
    Removing stm32l0xx_hal_cortex.o(.revsh_text), (4 bytes).
    Removing stm32l0xx_hal_cortex.o(i.HAL_NVIC_ClearPendingIRQ), (24 bytes).
    Removing stm32l0xx_hal_cortex.o(i.HAL_NVIC_DisableIRQ), (32 bytes).
    Removing stm32l0xx_hal_cortex.o(i.HAL_NVIC_GetPendingIRQ), (32 bytes).
    Removing stm32l0xx_hal_cortex.o(i.HAL_NVIC_GetPriority), (52 bytes).
    Removing stm32l0xx_hal_cortex.o(i.HAL_NVIC_SetPendingIRQ), (24 bytes).
    Removing stm32l0xx_hal_cortex.o(i.HAL_NVIC_SystemReset), (28 bytes).
    Removing stm32l0xx_hal_cortex.o(i.HAL_SYSTICK_CLKSourceConfig), (24 bytes).
    Removing stm32l0xx_hal_cortex.o(i.HAL_SYSTICK_Callback), (2 bytes).
    Removing stm32l0xx_hal_exti.o(.rev16_text), (4 bytes).
    Removing stm32l0xx_hal_exti.o(.revsh_text), (4 bytes).
    Removing stm32l0xx_hal_exti.o(i.HAL_EXTI_ClearConfigLine), (100 bytes).
    Removing stm32l0xx_hal_exti.o(i.HAL_EXTI_ClearPending), (20 bytes).
    Removing stm32l0xx_hal_exti.o(i.HAL_EXTI_GenerateSWI), (20 bytes).
    Removing stm32l0xx_hal_exti.o(i.HAL_EXTI_GetConfigLine), (132 bytes).
    Removing stm32l0xx_hal_exti.o(i.HAL_EXTI_GetHandle), (14 bytes).
    Removing stm32l0xx_hal_exti.o(i.HAL_EXTI_GetPending), (24 bytes).
    Removing stm32l0xx_hal_exti.o(i.HAL_EXTI_IRQHandler), (36 bytes).
    Removing stm32l0xx_hal_exti.o(i.HAL_EXTI_RegisterCallback), (16 bytes).
    Removing stm32l0xx_hal_exti.o(i.HAL_EXTI_SetConfigLine), (148 bytes).
    Removing stm32l0xx_hal_tim.o(.rev16_text), (4 bytes).
    Removing stm32l0xx_hal_tim.o(.revsh_text), (4 bytes).
    Removing stm32l0xx_hal_tim_ex.o(.rev16_text), (4 bytes).
    Removing stm32l0xx_hal_tim_ex.o(.revsh_text), (4 bytes).
    Removing stm32l0xx_hal_uart.o(.rev16_text), (4 bytes).
    Removing stm32l0xx_hal_uart.o(.revsh_text), (4 bytes).
    Removing stm32l0xx_hal_uart.o(i.HAL_HalfDuplex_EnableReceiver), (78 bytes).
    Removing stm32l0xx_hal_uart.o(i.HAL_HalfDuplex_EnableTransmitter), (78 bytes).
    Removing stm32l0xx_hal_uart.o(i.HAL_HalfDuplex_Init), (116 bytes).
    Removing stm32l0xx_hal_uart.o(i.HAL_LIN_Init), (146 bytes).
    Removing stm32l0xx_hal_uart.o(i.HAL_LIN_SendBreak), (44 bytes).
    Removing stm32l0xx_hal_uart.o(i.HAL_MultiProcessor_DisableMuteMode), (58 bytes).
    Removing stm32l0xx_hal_uart.o(i.HAL_MultiProcessor_EnableMuteMode), (58 bytes).
    Removing stm32l0xx_hal_uart.o(i.HAL_MultiProcessor_EnterMuteMode), (12 bytes).
    Removing stm32l0xx_hal_uart.o(i.HAL_MultiProcessor_Init), (142 bytes).
    Removing stm32l0xx_hal_uart.o(i.HAL_UART_Abort), (252 bytes).
    Removing stm32l0xx_hal_uart.o(i.HAL_UART_AbortCpltCallback), (2 bytes).
    Removing stm32l0xx_hal_uart.o(i.HAL_UART_AbortReceive), (186 bytes).
    Removing stm32l0xx_hal_uart.o(i.HAL_UART_AbortReceiveCpltCallback), (2 bytes).
    Removing stm32l0xx_hal_uart.o(i.HAL_UART_AbortReceive_IT), (204 bytes).
    Removing stm32l0xx_hal_uart.o(i.HAL_UART_AbortTransmit), (112 bytes).
    Removing stm32l0xx_hal_uart.o(i.HAL_UART_AbortTransmitCpltCallback), (2 bytes).
    Removing stm32l0xx_hal_uart.o(i.HAL_UART_AbortTransmit_IT), (116 bytes).
    Removing stm32l0xx_hal_uart.o(i.HAL_UART_Abort_IT), (292 bytes).
    Removing stm32l0xx_hal_uart.o(i.HAL_UART_DMAPause), (130 bytes).
    Removing stm32l0xx_hal_uart.o(i.HAL_UART_DMAResume), (126 bytes).
    Removing stm32l0xx_hal_uart.o(i.HAL_UART_DMAStop), (154 bytes).
    Removing stm32l0xx_hal_uart.o(i.HAL_UART_DeInit), (66 bytes).
    Removing stm32l0xx_hal_uart.o(i.HAL_UART_DisableReceiverTimeout), (68 bytes).
    Removing stm32l0xx_hal_uart.o(i.HAL_UART_EnableReceiverTimeout), (68 bytes).
    Removing stm32l0xx_hal_uart.o(i.HAL_UART_GetError), (6 bytes).
    Removing stm32l0xx_hal_uart.o(i.HAL_UART_GetState), (10 bytes).
    Removing stm32l0xx_hal_uart.o(i.HAL_UART_MspDeInit), (2 bytes).
    Removing stm32l0xx_hal_uart.o(i.HAL_UART_MspInit), (2 bytes).
    Removing stm32l0xx_hal_uart.o(i.HAL_UART_Receive), (264 bytes).
    Removing stm32l0xx_hal_uart.o(i.HAL_UART_Receive_DMA), (100 bytes).
    Removing stm32l0xx_hal_uart.o(i.HAL_UART_ReceiverTimeout_Config), (24 bytes).
    Removing stm32l0xx_hal_uart.o(i.HAL_UART_RxCpltCallback), (2 bytes).
    Removing stm32l0xx_hal_uart.o(i.HAL_UART_RxHalfCpltCallback), (2 bytes).
    Removing stm32l0xx_hal_uart.o(i.HAL_UART_Transmit), (192 bytes).
    Removing stm32l0xx_hal_uart.o(i.HAL_UART_Transmit_DMA), (172 bytes).
    Removing stm32l0xx_hal_uart.o(i.HAL_UART_Transmit_IT), (120 bytes).
    Removing stm32l0xx_hal_uart.o(i.HAL_UART_TxHalfCpltCallback), (2 bytes).
    Removing stm32l0xx_hal_uart.o(i.UART_DMAError), (76 bytes).
    Removing stm32l0xx_hal_uart.o(i.UART_DMAReceiveCplt), (156 bytes).
    Removing stm32l0xx_hal_uart.o(i.UART_DMARxAbortCallback), (66 bytes).
    Removing stm32l0xx_hal_uart.o(i.UART_DMARxHalfCplt), (32 bytes).
    Removing stm32l0xx_hal_uart.o(i.UART_DMARxOnlyAbortCallback), (40 bytes).
    Removing stm32l0xx_hal_uart.o(i.UART_DMATransmitCplt), (76 bytes).
    Removing stm32l0xx_hal_uart.o(i.UART_DMATxAbortCallback), (54 bytes).
    Removing stm32l0xx_hal_uart.o(i.UART_DMATxHalfCplt), (10 bytes).
    Removing stm32l0xx_hal_uart.o(i.UART_DMATxOnlyAbortCallback), (20 bytes).
    Removing stm32l0xx_hal_uart.o(i.UART_EndTxTransfer), (32 bytes).
    Removing stm32l0xx_hal_uart.o(i.UART_Start_Receive_DMA), (172 bytes).
    Removing stm32l0xx_hal_uart.o(i.UART_TxISR_16BIT), (94 bytes).
    Removing stm32l0xx_hal_uart.o(i.UART_TxISR_8BIT), (90 bytes).
    Removing stm32l0xx_hal_uart_ex.o(.rev16_text), (4 bytes).
    Removing stm32l0xx_hal_uart_ex.o(.revsh_text), (4 bytes).
    Removing stm32l0xx_hal_uart_ex.o(i.HAL_MultiProcessorEx_AddressLength_Set), (52 bytes).
    Removing stm32l0xx_hal_uart_ex.o(i.HAL_RS485Ex_Init), (136 bytes).
    Removing stm32l0xx_hal_uart_ex.o(i.HAL_UARTEx_DisableClockStopMode), (50 bytes).
    Removing stm32l0xx_hal_uart_ex.o(i.HAL_UARTEx_DisableStopMode), (48 bytes).
    Removing stm32l0xx_hal_uart_ex.o(i.HAL_UARTEx_EnableClockStopMode), (50 bytes).
    Removing stm32l0xx_hal_uart_ex.o(i.HAL_UARTEx_EnableStopMode), (48 bytes).
    Removing stm32l0xx_hal_uart_ex.o(i.HAL_UARTEx_GetRxEventType), (4 bytes).
    Removing stm32l0xx_hal_uart_ex.o(i.HAL_UARTEx_ReceiveToIdle), (332 bytes).
    Removing stm32l0xx_hal_uart_ex.o(i.HAL_UARTEx_ReceiveToIdle_DMA), (108 bytes).
    Removing stm32l0xx_hal_uart_ex.o(i.HAL_UARTEx_ReceiveToIdle_IT), (108 bytes).
    Removing stm32l0xx_hal_uart_ex.o(i.HAL_UARTEx_StopModeWakeUpSourceConfig), (152 bytes).
    Removing system_stm32l0xx.o(.rev16_text), (4 bytes).
    Removing system_stm32l0xx.o(.revsh_text), (4 bytes).
    Removing system_stm32l0xx.o(i.SystemCoreClockUpdate), (156 bytes).

331 unused section(s) (total 22728 bytes) removed from the image.

==============================================================================

Image Symbol Table

    Local Symbols

    Symbol Name                              Value     Ov Type        Size  Object(Section)

    ../Core/Src/main.c                       0x00000000   Number         0  main.o ABSOLUTE
    ../Core/Src/stm32l0xx_hal_msp.c          0x00000000   Number         0  stm32l0xx_hal_msp.o ABSOLUTE
    ../Core/Src/stm32l0xx_it.c               0x00000000   Number         0  stm32l0xx_it.o ABSOLUTE
    ../Core/Src/system_stm32l0xx.c           0x00000000   Number         0  system_stm32l0xx.o ABSOLUTE
    ../Drivers/STM32L0xx_HAL_Driver/Src/stm32l0xx_hal.c 0x00000000   Number         0  stm32l0xx_hal.o ABSOLUTE
    ../Drivers/STM32L0xx_HAL_Driver/Src/stm32l0xx_hal_cortex.c 0x00000000   Number         0  stm32l0xx_hal_cortex.o ABSOLUTE
    ../Drivers/STM32L0xx_HAL_Driver/Src/stm32l0xx_hal_dma.c 0x00000000   Number         0  stm32l0xx_hal_dma.o ABSOLUTE
    ../Drivers/STM32L0xx_HAL_Driver/Src/stm32l0xx_hal_exti.c 0x00000000   Number         0  stm32l0xx_hal_exti.o ABSOLUTE
    ../Drivers/STM32L0xx_HAL_Driver/Src/stm32l0xx_hal_flash.c 0x00000000   Number         0  stm32l0xx_hal_flash.o ABSOLUTE
    ../Drivers/STM32L0xx_HAL_Driver/Src/stm32l0xx_hal_flash_ex.c 0x00000000   Number         0  stm32l0xx_hal_flash_ex.o ABSOLUTE
    ../Drivers/STM32L0xx_HAL_Driver/Src/stm32l0xx_hal_flash_ramfunc.c 0x00000000   Number         0  stm32l0xx_hal_flash_ramfunc.o ABSOLUTE
    ../Drivers/STM32L0xx_HAL_Driver/Src/stm32l0xx_hal_gpio.c 0x00000000   Number         0  stm32l0xx_hal_gpio.o ABSOLUTE
    ../Drivers/STM32L0xx_HAL_Driver/Src/stm32l0xx_hal_i2c.c 0x00000000   Number         0  stm32l0xx_hal_i2c.o ABSOLUTE
    ../Drivers/STM32L0xx_HAL_Driver/Src/stm32l0xx_hal_i2c_ex.c 0x00000000   Number         0  stm32l0xx_hal_i2c_ex.o ABSOLUTE
    ../Drivers/STM32L0xx_HAL_Driver/Src/stm32l0xx_hal_pwr.c 0x00000000   Number         0  stm32l0xx_hal_pwr.o ABSOLUTE
    ../Drivers/STM32L0xx_HAL_Driver/Src/stm32l0xx_hal_pwr_ex.c 0x00000000   Number         0  stm32l0xx_hal_pwr_ex.o ABSOLUTE
    ../Drivers/STM32L0xx_HAL_Driver/Src/stm32l0xx_hal_rcc.c 0x00000000   Number         0  stm32l0xx_hal_rcc.o ABSOLUTE
    ../Drivers/STM32L0xx_HAL_Driver/Src/stm32l0xx_hal_rcc_ex.c 0x00000000   Number         0  stm32l0xx_hal_rcc_ex.o ABSOLUTE
    ../Drivers/STM32L0xx_HAL_Driver/Src/stm32l0xx_hal_tim.c 0x00000000   Number         0  stm32l0xx_hal_tim.o ABSOLUTE
    ../Drivers/STM32L0xx_HAL_Driver/Src/stm32l0xx_hal_tim_ex.c 0x00000000   Number         0  stm32l0xx_hal_tim_ex.o ABSOLUTE
    ../Drivers/STM32L0xx_HAL_Driver/Src/stm32l0xx_hal_uart.c 0x00000000   Number         0  stm32l0xx_hal_uart.o ABSOLUTE
    ../Drivers/STM32L0xx_HAL_Driver/Src/stm32l0xx_hal_uart_ex.c 0x00000000   Number         0  stm32l0xx_hal_uart_ex.o ABSOLUTE
    ../clib/angel/boardlib.s                 0x00000000   Number         0  boardshut.o ABSOLUTE
    ../clib/angel/boardlib.s                 0x00000000   Number         0  boardinit3.o ABSOLUTE
    ../clib/angel/boardlib.s                 0x00000000   Number         0  boardinit2.o ABSOLUTE
    ../clib/angel/boardlib.s                 0x00000000   Number         0  boardinit1.o ABSOLUTE
    ../clib/angel/handlers.s                 0x00000000   Number         0  __scatter_copy.o ABSOLUTE
    ../clib/angel/handlers.s                 0x00000000   Number         0  __scatter_zi.o ABSOLUTE
    ../clib/angel/kernel.s                   0x00000000   Number         0  __rtentry2.o ABSOLUTE
    ../clib/angel/kernel.s                   0x00000000   Number         0  rtexit2.o ABSOLUTE
    ../clib/angel/kernel.s                   0x00000000   Number         0  __rtentry4.o ABSOLUTE
    ../clib/angel/kernel.s                   0x00000000   Number         0  rtexit.o ABSOLUTE
    ../clib/angel/kernel.s                   0x00000000   Number         0  __rtentry.o ABSOLUTE
    ../clib/angel/rt.s                       0x00000000   Number         0  aeabi_idiv0.o ABSOLUTE
    ../clib/angel/rt.s                       0x00000000   Number         0  aeabi_idiv0_sigfpe.o ABSOLUTE
    ../clib/angel/rt.s                       0x00000000   Number         0  aeabi_ldiv0_sigfpe.o ABSOLUTE
    ../clib/angel/rt.s                       0x00000000   Number         0  rt_div0.o ABSOLUTE
    ../clib/angel/rt.s                       0x00000000   Number         0  rt_raise.o ABSOLUTE
    ../clib/angel/rt.s                       0x00000000   Number         0  aeabi_ldiv0.o ABSOLUTE
    ../clib/angel/scatterp.s                 0x00000000   Number         0  __scatter.o ABSOLUTE
    ../clib/angel/startup.s                  0x00000000   Number         0  __main.o ABSOLUTE
    ../clib/angel/sys.s                      0x00000000   Number         0  use_no_semi.o ABSOLUTE
    ../clib/angel/sys.s                      0x00000000   Number         0  libspace.o ABSOLUTE
    ../clib/angel/sys.s                      0x00000000   Number         0  indicate_semi.o ABSOLUTE
    ../clib/angel/sys.s                      0x00000000   Number         0  sys_stackheap_outer.o ABSOLUTE
    ../clib/angel/sys.s                      0x00000000   Number         0  tempstk.o ABSOLUTE
    ../clib/angel/sysapp.c                   0x00000000   Number         0  sys_exit.o ABSOLUTE
    ../clib/angel/sysapp.c                   0x00000000   Number         0  sys_wrch.o ABSOLUTE
    ../clib/angel/sysapp.c                   0x00000000   Number         0  sys_command.o ABSOLUTE
    ../clib/armsys.c                         0x00000000   Number         0  no_argv.o ABSOLUTE
    ../clib/armsys.c                         0x00000000   Number         0  _get_argv_nomalloc.o ABSOLUTE
    ../clib/armsys.c                         0x00000000   Number         0  argv_veneer.o ABSOLUTE
    ../clib/division.c                       0x00000000   Number         0  lludiv.o ABSOLUTE
    ../clib/division.s                       0x00000000   Number         0  aeabi_sdiv.o ABSOLUTE
    ../clib/division.s                       0x00000000   Number         0  aeabi_sdiv_div0.o ABSOLUTE
    ../clib/heapalloc.c                      0x00000000   Number         0  hrguard.o ABSOLUTE
    ../clib/heapaux.c                        0x00000000   Number         0  heapauxi.o ABSOLUTE
    ../clib/libinit.s                        0x00000000   Number         0  libshutdown.o ABSOLUTE
    ../clib/libinit.s                        0x00000000   Number         0  libinit.o ABSOLUTE
    ../clib/libinit.s                        0x00000000   Number         0  libshutdown2.o ABSOLUTE
    ../clib/libinit.s                        0x00000000   Number         0  libinit2.o ABSOLUTE
    ../clib/memcpset.c                       0x00000000   Number         0  rt_memclr.o ABSOLUTE
    ../clib/signal.c                         0x00000000   Number         0  defsig_rtmem_formal.o ABSOLUTE
    ../clib/signal.c                         0x00000000   Number         0  defsig_rtmem_outer.o ABSOLUTE
    ../clib/signal.c                         0x00000000   Number         0  defsig_rtmem_inner.o ABSOLUTE
    ../clib/signal.c                         0x00000000   Number         0  defsig_rtred_inner.o ABSOLUTE
    ../clib/signal.c                         0x00000000   Number         0  defsig_abrt_inner.o ABSOLUTE
    ../clib/signal.c                         0x00000000   Number         0  defsig_pvfn_inner.o ABSOLUTE
    ../clib/signal.c                         0x00000000   Number         0  defsig_fpe_formal.o ABSOLUTE
    ../clib/signal.c                         0x00000000   Number         0  defsig_fpe_outer.o ABSOLUTE
    ../clib/signal.c                         0x00000000   Number         0  defsig_general.o ABSOLUTE
    ../clib/signal.c                         0x00000000   Number         0  __raise.o ABSOLUTE
    ../clib/signal.c                         0x00000000   Number         0  defsig_other.o ABSOLUTE
    ../clib/signal.c                         0x00000000   Number         0  defsig_segv_inner.o ABSOLUTE
    ../clib/signal.c                         0x00000000   Number         0  defsig_cppl_inner.o ABSOLUTE
    ../clib/signal.c                         0x00000000   Number         0  defsig_exit.o ABSOLUTE
    ../clib/signal.c                         0x00000000   Number         0  defsig_fpe_inner.o ABSOLUTE
    ../clib/signal.c                         0x00000000   Number         0  defsig_stak_inner.o ABSOLUTE
    ../clib/signal.s                         0x00000000   Number         0  defsig.o ABSOLUTE
    ../clib/stdlib.c                         0x00000000   Number         0  exit.o ABSOLUTE
    ../clib/string.c                         0x00000000   Number         0  strlen.o ABSOLUTE
    ../fplib/cfplib/daddsub.c                0x00000000   Number         0  daddsub.o ABSOLUTE
    ../fplib/cfplib/ddiv.c                   0x00000000   Number         0  ddiv.o ABSOLUTE
    ../fplib/cfplib/dmul.c                   0x00000000   Number         0  dmul.o ABSOLUTE
    ../fplib/cfplib/ffix.c                   0x00000000   Number         0  dfixi.o ABSOLUTE
    ../fplib/cfplib/fflt.c                   0x00000000   Number         0  dflti.o ABSOLUTE
    ../fplib/cfplib/fpinit.c                 0x00000000   Number         0  fpinit.o ABSOLUTE
    ../fplib/usenofp.s                       0x00000000   Number         0  usenofp.o ABSOLUTE
    ..\Core\Src\main.c                       0x00000000   Number         0  main.o ABSOLUTE
    ..\Core\Src\stm32l0xx_hal_msp.c          0x00000000   Number         0  stm32l0xx_hal_msp.o ABSOLUTE
    ..\Core\Src\stm32l0xx_it.c               0x00000000   Number         0  stm32l0xx_it.o ABSOLUTE
    ..\Core\Src\system_stm32l0xx.c           0x00000000   Number         0  system_stm32l0xx.o ABSOLUTE
    ..\Drivers\Mylib\Src\HS300x.c            0x00000000   Number         0  hs300x.o ABSOLUTE
    ..\Drivers\Mylib\Src\user_modbus_rtu.c   0x00000000   Number         0  user_modbus_rtu.o ABSOLUTE
    ..\Drivers\Mylib\Src\user_uart.c         0x00000000   Number         0  user_uart.o ABSOLUTE
    ..\Drivers\STM32L0xx_HAL_Driver\Src\stm32l0xx_hal.c 0x00000000   Number         0  stm32l0xx_hal.o ABSOLUTE
    ..\Drivers\STM32L0xx_HAL_Driver\Src\stm32l0xx_hal_cortex.c 0x00000000   Number         0  stm32l0xx_hal_cortex.o ABSOLUTE
    ..\Drivers\STM32L0xx_HAL_Driver\Src\stm32l0xx_hal_dma.c 0x00000000   Number         0  stm32l0xx_hal_dma.o ABSOLUTE
    ..\Drivers\STM32L0xx_HAL_Driver\Src\stm32l0xx_hal_exti.c 0x00000000   Number         0  stm32l0xx_hal_exti.o ABSOLUTE
    ..\Drivers\STM32L0xx_HAL_Driver\Src\stm32l0xx_hal_flash.c 0x00000000   Number         0  stm32l0xx_hal_flash.o ABSOLUTE
    ..\Drivers\STM32L0xx_HAL_Driver\Src\stm32l0xx_hal_flash_ex.c 0x00000000   Number         0  stm32l0xx_hal_flash_ex.o ABSOLUTE
    ..\Drivers\STM32L0xx_HAL_Driver\Src\stm32l0xx_hal_flash_ramfunc.c 0x00000000   Number         0  stm32l0xx_hal_flash_ramfunc.o ABSOLUTE
    ..\Drivers\STM32L0xx_HAL_Driver\Src\stm32l0xx_hal_gpio.c 0x00000000   Number         0  stm32l0xx_hal_gpio.o ABSOLUTE
    ..\Drivers\STM32L0xx_HAL_Driver\Src\stm32l0xx_hal_i2c.c 0x00000000   Number         0  stm32l0xx_hal_i2c.o ABSOLUTE
    ..\Drivers\STM32L0xx_HAL_Driver\Src\stm32l0xx_hal_i2c_ex.c 0x00000000   Number         0  stm32l0xx_hal_i2c_ex.o ABSOLUTE
    ..\Drivers\STM32L0xx_HAL_Driver\Src\stm32l0xx_hal_pwr.c 0x00000000   Number         0  stm32l0xx_hal_pwr.o ABSOLUTE
    ..\Drivers\STM32L0xx_HAL_Driver\Src\stm32l0xx_hal_pwr_ex.c 0x00000000   Number         0  stm32l0xx_hal_pwr_ex.o ABSOLUTE
    ..\Drivers\STM32L0xx_HAL_Driver\Src\stm32l0xx_hal_rcc.c 0x00000000   Number         0  stm32l0xx_hal_rcc.o ABSOLUTE
    ..\Drivers\STM32L0xx_HAL_Driver\Src\stm32l0xx_hal_rcc_ex.c 0x00000000   Number         0  stm32l0xx_hal_rcc_ex.o ABSOLUTE
    ..\Drivers\STM32L0xx_HAL_Driver\Src\stm32l0xx_hal_tim.c 0x00000000   Number         0  stm32l0xx_hal_tim.o ABSOLUTE
    ..\Drivers\STM32L0xx_HAL_Driver\Src\stm32l0xx_hal_tim_ex.c 0x00000000   Number         0  stm32l0xx_hal_tim_ex.o ABSOLUTE
    ..\Drivers\STM32L0xx_HAL_Driver\Src\stm32l0xx_hal_uart.c 0x00000000   Number         0  stm32l0xx_hal_uart.o ABSOLUTE
    ..\Drivers\STM32L0xx_HAL_Driver\Src\stm32l0xx_hal_uart_ex.c 0x00000000   Number         0  stm32l0xx_hal_uart_ex.o ABSOLUTE
    ..\\Drivers\\Mylib\\Src\\HS300x.c        0x00000000   Number         0  hs300x.o ABSOLUTE
    ..\\Drivers\\Mylib\\Src\\user_modbus_rtu.c 0x00000000   Number         0  user_modbus_rtu.o ABSOLUTE
    ..\\Drivers\\Mylib\\Src\\user_uart.c     0x00000000   Number         0  user_uart.o ABSOLUTE
    dc.s                                     0x00000000   Number         0  dc.o ABSOLUTE
    startup_stm32l011xx.s                    0x00000000   Number         0  startup_stm32l011xx.o ABSOLUTE
    RESET                                    0x08000000   Section      192  startup_stm32l011xx.o(RESET)
    !!!main                                  0x080000c0   Section        8  __main.o(!!!main)
    !!!scatter                               0x080000c8   Section       60  __scatter.o(!!!scatter)
    !!handler_copy                           0x08000104   Section       26  __scatter_copy.o(!!handler_copy)
    !!handler_zi                             0x08000120   Section       28  __scatter_zi.o(!!handler_zi)
    .ARM.Collect$$libinit$$00000000          0x0800013c   Section        2  libinit.o(.ARM.Collect$$libinit$$00000000)
    .ARM.Collect$$libinit$$00000002          0x0800013e   Section        0  libinit2.o(.ARM.Collect$$libinit$$00000002)
    .ARM.Collect$$libinit$$00000004          0x0800013e   Section        0  libinit2.o(.ARM.Collect$$libinit$$00000004)
    .ARM.Collect$$libinit$$0000000A          0x0800013e   Section        0  libinit2.o(.ARM.Collect$$libinit$$0000000A)
    .ARM.Collect$$libinit$$0000000C          0x0800013e   Section        0  libinit2.o(.ARM.Collect$$libinit$$0000000C)
    .ARM.Collect$$libinit$$0000000E          0x0800013e   Section        0  libinit2.o(.ARM.Collect$$libinit$$0000000E)
    .ARM.Collect$$libinit$$00000011          0x0800013e   Section        0  libinit2.o(.ARM.Collect$$libinit$$00000011)
    .ARM.Collect$$libinit$$00000013          0x0800013e   Section        0  libinit2.o(.ARM.Collect$$libinit$$00000013)
    .ARM.Collect$$libinit$$00000015          0x0800013e   Section        0  libinit2.o(.ARM.Collect$$libinit$$00000015)
    .ARM.Collect$$libinit$$00000017          0x0800013e   Section        0  libinit2.o(.ARM.Collect$$libinit$$00000017)
    .ARM.Collect$$libinit$$00000019          0x0800013e   Section        0  libinit2.o(.ARM.Collect$$libinit$$00000019)
    .ARM.Collect$$libinit$$0000001B          0x0800013e   Section        0  libinit2.o(.ARM.Collect$$libinit$$0000001B)
    .ARM.Collect$$libinit$$0000001D          0x0800013e   Section        0  libinit2.o(.ARM.Collect$$libinit$$0000001D)
    .ARM.Collect$$libinit$$0000001F          0x0800013e   Section        0  libinit2.o(.ARM.Collect$$libinit$$0000001F)
    .ARM.Collect$$libinit$$00000021          0x0800013e   Section        0  libinit2.o(.ARM.Collect$$libinit$$00000021)
    .ARM.Collect$$libinit$$00000023          0x0800013e   Section        0  libinit2.o(.ARM.Collect$$libinit$$00000023)
    .ARM.Collect$$libinit$$00000025          0x0800013e   Section        0  libinit2.o(.ARM.Collect$$libinit$$00000025)
    .ARM.Collect$$libinit$$0000002C          0x0800013e   Section        0  libinit2.o(.ARM.Collect$$libinit$$0000002C)
    .ARM.Collect$$libinit$$0000002E          0x0800013e   Section        0  libinit2.o(.ARM.Collect$$libinit$$0000002E)
    .ARM.Collect$$libinit$$00000030          0x0800013e   Section        0  libinit2.o(.ARM.Collect$$libinit$$00000030)
    .ARM.Collect$$libinit$$00000032          0x0800013e   Section        0  libinit2.o(.ARM.Collect$$libinit$$00000032)
    .ARM.Collect$$libinit$$00000033          0x0800013e   Section        2  libinit2.o(.ARM.Collect$$libinit$$00000033)
    .ARM.Collect$$libshutdown$$00000000      0x08000140   Section        2  libshutdown.o(.ARM.Collect$$libshutdown$$00000000)
    .ARM.Collect$$libshutdown$$00000002      0x08000142   Section        0  libshutdown2.o(.ARM.Collect$$libshutdown$$00000002)
    .ARM.Collect$$libshutdown$$00000004      0x08000142   Section        0  libshutdown2.o(.ARM.Collect$$libshutdown$$00000004)
    .ARM.Collect$$libshutdown$$00000007      0x08000142   Section        0  libshutdown2.o(.ARM.Collect$$libshutdown$$00000007)
    .ARM.Collect$$libshutdown$$0000000A      0x08000142   Section        0  libshutdown2.o(.ARM.Collect$$libshutdown$$0000000A)
    .ARM.Collect$$libshutdown$$0000000C      0x08000142   Section        0  libshutdown2.o(.ARM.Collect$$libshutdown$$0000000C)
    .ARM.Collect$$libshutdown$$0000000F      0x08000142   Section        0  libshutdown2.o(.ARM.Collect$$libshutdown$$0000000F)
    .ARM.Collect$$libshutdown$$00000010      0x08000142   Section        2  libshutdown2.o(.ARM.Collect$$libshutdown$$00000010)
    .ARM.Collect$$rtentry$$00000000          0x08000144   Section        0  __rtentry.o(.ARM.Collect$$rtentry$$00000000)
    .ARM.Collect$$rtentry$$00000002          0x08000144   Section        0  __rtentry2.o(.ARM.Collect$$rtentry$$00000002)
    .ARM.Collect$$rtentry$$00000004          0x08000144   Section        6  __rtentry4.o(.ARM.Collect$$rtentry$$00000004)
    .ARM.Collect$$rtentry$$00000009          0x0800014a   Section        0  __rtentry2.o(.ARM.Collect$$rtentry$$00000009)
    .ARM.Collect$$rtentry$$0000000A          0x0800014a   Section        4  __rtentry2.o(.ARM.Collect$$rtentry$$0000000A)
    .ARM.Collect$$rtentry$$0000000C          0x0800014e   Section        0  __rtentry2.o(.ARM.Collect$$rtentry$$0000000C)
    .ARM.Collect$$rtentry$$0000000D          0x0800014e   Section        8  __rtentry2.o(.ARM.Collect$$rtentry$$0000000D)
    .ARM.Collect$$rtexit$$00000000           0x08000156   Section        2  rtexit.o(.ARM.Collect$$rtexit$$00000000)
    .ARM.Collect$$rtexit$$00000002           0x08000158   Section        0  rtexit2.o(.ARM.Collect$$rtexit$$00000002)
    .ARM.Collect$$rtexit$$00000003           0x08000158   Section        4  rtexit2.o(.ARM.Collect$$rtexit$$00000003)
    .ARM.Collect$$rtexit$$00000004           0x0800015c   Section        6  rtexit2.o(.ARM.Collect$$rtexit$$00000004)
    .text                                    0x08000164   Section      116  startup_stm32l011xx.o(.text)
    .text                                    0x080001d8   Section        0  lludiv.o(.text)
    .text                                    0x080002da   Section        0  rt_memclr.o(.text)
    .text                                    0x0800031a   Section      346  aeabi_sdiv.o(.text)
    .text                                    0x08000474   Section        0  heapauxi.o(.text)
    .text                                    0x0800047c   Section        0  daddsub.o(.text)
    _dadd1                                   0x0800047d   Thumb Code   290  daddsub.o(.text)
    _dsub1                                   0x0800059f   Thumb Code   470  daddsub.o(.text)
    .text                                    0x080007d4   Section        0  ddiv.o(.text)
    .text                                    0x08000c1c   Section        0  dfixi.o(.text)
    .text                                    0x08000c88   Section        0  dflti.o(.text)
    .text                                    0x08000ce0   Section        0  dmul.o(.text)
    .text                                    0x08000f28   Section       62  sys_stackheap_outer.o(.text)
    .text                                    0x08000f66   Section        0  exit.o(.text)
    .text                                    0x08000f78   Section        8  libspace.o(.text)
    .text                                    0x08000f80   Section        0  sys_exit.o(.text)
    .text                                    0x08000f8c   Section        2  use_no_semi.o(.text)
    .text                                    0x08000f8e   Section        0  indicate_semi.o(.text)
    i.Change_Baudrate_AddrSlave              0x08000f90   Section        0  main.o(i.Change_Baudrate_AddrSlave)
    i.Check_CountBuffer_Complete_Uart        0x08000fe8   Section        0  user_uart.o(i.Check_CountBuffer_Complete_Uart)
    i.Delete_Buffer                          0x0800104c   Section        0  user_uart.o(i.Delete_Buffer)
    i.FLASH_PageErase                        0x08001070   Section        0  stm32l0xx_hal_flash_ex.o(i.FLASH_PageErase)
    i.FLASH_SetErrorCode                     0x0800109c   Section        0  stm32l0xx_hal_flash.o(i.FLASH_SetErrorCode)
    FLASH_SetErrorCode                       0x0800109d   Thumb Code   134  stm32l0xx_hal_flash.o(i.FLASH_SetErrorCode)
    i.FLASH_WaitForLastOperation             0x0800112c   Section        0  stm32l0xx_hal_flash.o(i.FLASH_WaitForLastOperation)
    i.FLASH_WritePage                        0x0800119c   Section        0  main.o(i.FLASH_WritePage)
    i.HAL_DMA_Abort                          0x080011f0   Section        0  stm32l0xx_hal_dma.o(i.HAL_DMA_Abort)
    i.HAL_DMA_Abort_IT                       0x08001234   Section        0  stm32l0xx_hal_dma.o(i.HAL_DMA_Abort_IT)
    i.HAL_Delay                              0x08001280   Section        0  stm32l0xx_hal.o(i.HAL_Delay)
    i.HAL_FLASHEx_Erase                      0x080012a4   Section        0  stm32l0xx_hal_flash_ex.o(i.HAL_FLASHEx_Erase)
    i.HAL_FLASH_Lock                         0x0800131c   Section        0  stm32l0xx_hal_flash.o(i.HAL_FLASH_Lock)
    i.HAL_FLASH_Program                      0x08001338   Section        0  stm32l0xx_hal_flash.o(i.HAL_FLASH_Program)
    i.HAL_FLASH_Unlock                       0x08001374   Section        0  stm32l0xx_hal_flash.o(i.HAL_FLASH_Unlock)
    i.HAL_GPIO_Init                          0x080013d0   Section        0  stm32l0xx_hal_gpio.o(i.HAL_GPIO_Init)
    i.HAL_GPIO_WritePin                      0x08001564   Section        0  stm32l0xx_hal_gpio.o(i.HAL_GPIO_WritePin)
    i.HAL_GetTick                            0x08001570   Section        0  stm32l0xx_hal.o(i.HAL_GetTick)
    i.HAL_I2CEx_ConfigAnalogFilter           0x0800157c   Section        0  stm32l0xx_hal_i2c_ex.o(i.HAL_I2CEx_ConfigAnalogFilter)
    i.HAL_I2CEx_ConfigDigitalFilter          0x080015c6   Section        0  stm32l0xx_hal_i2c_ex.o(i.HAL_I2CEx_ConfigDigitalFilter)
    i.HAL_I2C_Init                           0x08001610   Section        0  stm32l0xx_hal_i2c.o(i.HAL_I2C_Init)
    i.HAL_I2C_Master_Receive                 0x080016c4   Section        0  stm32l0xx_hal_i2c.o(i.HAL_I2C_Master_Receive)
    i.HAL_I2C_Master_Transmit                0x080017d4   Section        0  stm32l0xx_hal_i2c.o(i.HAL_I2C_Master_Transmit)
    i.HAL_I2C_MspInit                        0x080018e4   Section        0  stm32l0xx_hal_msp.o(i.HAL_I2C_MspInit)
    i.HAL_IncTick                            0x08001940   Section        0  stm32l0xx_hal.o(i.HAL_IncTick)
    i.HAL_Init                               0x08001950   Section        0  stm32l0xx_hal.o(i.HAL_Init)
    i.HAL_InitTick                           0x08001978   Section        0  stm32l0xx_hal.o(i.HAL_InitTick)
    i.HAL_MspInit                            0x080019bc   Section        0  stm32l0xx_hal_msp.o(i.HAL_MspInit)
    i.HAL_NVIC_EnableIRQ                     0x080019d4   Section        0  stm32l0xx_hal_cortex.o(i.HAL_NVIC_EnableIRQ)
    i.HAL_NVIC_SetPriority                   0x080019ec   Section        0  stm32l0xx_hal_cortex.o(i.HAL_NVIC_SetPriority)
    i.HAL_RCCEx_PeriphCLKConfig              0x080019f4   Section        0  stm32l0xx_hal_rcc_ex.o(i.HAL_RCCEx_PeriphCLKConfig)
    i.HAL_RCC_ClockConfig                    0x08001b4c   Section        0  stm32l0xx_hal_rcc.o(i.HAL_RCC_ClockConfig)
    i.HAL_RCC_GetPCLK1Freq                   0x08001ce8   Section        0  stm32l0xx_hal_rcc.o(i.HAL_RCC_GetPCLK1Freq)
    i.HAL_RCC_GetPCLK2Freq                   0x08001d08   Section        0  stm32l0xx_hal_rcc.o(i.HAL_RCC_GetPCLK2Freq)
    i.HAL_RCC_GetSysClockFreq                0x08001d28   Section        0  stm32l0xx_hal_rcc.o(i.HAL_RCC_GetSysClockFreq)
    i.HAL_RCC_OscConfig                      0x08001da0   Section        0  stm32l0xx_hal_rcc.o(i.HAL_RCC_OscConfig)
    i.HAL_SYSTICK_Callback                   0x080021d2   Section        0  main.o(i.HAL_SYSTICK_Callback)
    i.HAL_SYSTICK_Config                     0x080021d4   Section        0  stm32l0xx_hal_cortex.o(i.HAL_SYSTICK_Config)
    i.HAL_SYSTICK_IRQHandler                 0x08002204   Section        0  stm32l0xx_hal_cortex.o(i.HAL_SYSTICK_IRQHandler)
    i.HAL_UARTEx_RxEventCallback             0x0800220c   Section        0  stm32l0xx_hal_uart.o(i.HAL_UARTEx_RxEventCallback)
    i.HAL_UARTEx_WakeupCallback              0x0800220e   Section        0  stm32l0xx_hal_uart_ex.o(i.HAL_UARTEx_WakeupCallback)
    i.HAL_UART_ErrorCallback                 0x08002210   Section        0  stm32l0xx_hal_uart.o(i.HAL_UART_ErrorCallback)
    i.HAL_UART_IRQHandler                    0x08002214   Section        0  stm32l0xx_hal_uart.o(i.HAL_UART_IRQHandler)
    i.HAL_UART_Init                          0x080024c0   Section        0  stm32l0xx_hal_uart.o(i.HAL_UART_Init)
    i.HAL_UART_MspInit                       0x0800252c   Section        0  stm32l0xx_hal_msp.o(i.HAL_UART_MspInit)
    i.HAL_UART_Receive_IT                    0x08002598   Section        0  stm32l0xx_hal_uart.o(i.HAL_UART_Receive_IT)
    i.HAL_UART_RxCpltCallback                0x080025fc   Section        0  main.o(i.HAL_UART_RxCpltCallback)
    i.HAL_UART_TxCpltCallback                0x0800262c   Section        0  stm32l0xx_hal_uart.o(i.HAL_UART_TxCpltCallback)
    i.HS300X_Start_Measurement               0x08002630   Section        0  hs300x.o(i.HS300X_Start_Measurement)
    i.HardFault_Handler                      0x08002700   Section        0  stm32l0xx_it.o(i.HardFault_Handler)
    i.I2C_Flush_TXDR                         0x08002702   Section        0  stm32l0xx_hal_i2c.o(i.I2C_Flush_TXDR)
    I2C_Flush_TXDR                           0x08002703   Thumb Code    34  stm32l0xx_hal_i2c.o(i.I2C_Flush_TXDR)
    i.I2C_IsErrorOccurred                    0x08002724   Section        0  stm32l0xx_hal_i2c.o(i.I2C_IsErrorOccurred)
    I2C_IsErrorOccurred                      0x08002725   Thumb Code   266  stm32l0xx_hal_i2c.o(i.I2C_IsErrorOccurred)
    i.I2C_TransferConfig                     0x08002834   Section        0  stm32l0xx_hal_i2c.o(i.I2C_TransferConfig)
    I2C_TransferConfig                       0x08002835   Thumb Code    38  stm32l0xx_hal_i2c.o(i.I2C_TransferConfig)
    i.I2C_WaitOnFlagUntilTimeout             0x08002860   Section        0  stm32l0xx_hal_i2c.o(i.I2C_WaitOnFlagUntilTimeout)
    I2C_WaitOnFlagUntilTimeout               0x08002861   Thumb Code    98  stm32l0xx_hal_i2c.o(i.I2C_WaitOnFlagUntilTimeout)
    i.I2C_WaitOnRXNEFlagUntilTimeout         0x080028c4   Section        0  stm32l0xx_hal_i2c.o(i.I2C_WaitOnRXNEFlagUntilTimeout)
    I2C_WaitOnRXNEFlagUntilTimeout           0x080028c5   Thumb Code   152  stm32l0xx_hal_i2c.o(i.I2C_WaitOnRXNEFlagUntilTimeout)
    i.I2C_WaitOnSTOPFlagUntilTimeout         0x08002960   Section        0  stm32l0xx_hal_i2c.o(i.I2C_WaitOnSTOPFlagUntilTimeout)
    I2C_WaitOnSTOPFlagUntilTimeout           0x08002961   Thumb Code    86  stm32l0xx_hal_i2c.o(i.I2C_WaitOnSTOPFlagUntilTimeout)
    i.I2C_WaitOnTXISFlagUntilTimeout         0x080029b6   Section        0  stm32l0xx_hal_i2c.o(i.I2C_WaitOnTXISFlagUntilTimeout)
    I2C_WaitOnTXISFlagUntilTimeout           0x080029b7   Thumb Code    90  stm32l0xx_hal_i2c.o(i.I2C_WaitOnTXISFlagUntilTimeout)
    i.MX_I2C1_Init                           0x08002a10   Section        0  main.o(i.MX_I2C1_Init)
    MX_I2C1_Init                             0x08002a11   Thumb Code    76  main.o(i.MX_I2C1_Init)
    i.MX_USART2_UART_Init                    0x08002a68   Section        0  main.o(i.MX_USART2_UART_Init)
    MX_USART2_UART_Init                      0x08002a69   Thumb Code    48  main.o(i.MX_USART2_UART_Init)
    i.ModRTU_CRC                             0x08002aa4   Section        0  user_modbus_rtu.o(i.ModRTU_CRC)
    i.ModRTU_Slave_ACK_Read_Frame            0x08002ad8   Section        0  user_modbus_rtu.o(i.ModRTU_Slave_ACK_Read_Frame)
    i.ModRTU_Slave_ACK_Write_Frame           0x08002b26   Section        0  user_modbus_rtu.o(i.ModRTU_Slave_ACK_Write_Frame)
    i.ModbusRTU_Slave                        0x08002b9c   Section        0  main.o(i.ModbusRTU_Slave)
    i.NMI_Handler                            0x08002cc4   Section        0  stm32l0xx_it.o(i.NMI_Handler)
    i.Packing_Frame                          0x08002cc8   Section        0  main.o(i.Packing_Frame)
    i.PendSV_Handler                         0x08002d94   Section        0  stm32l0xx_it.o(i.PendSV_Handler)
    i.Response_Error_CRC                     0x08002d96   Section        0  user_modbus_rtu.o(i.Response_Error_CRC)
    i.SVC_Handler                            0x08002da6   Section        0  stm32l0xx_it.o(i.SVC_Handler)
    i.SysTick_Handler                        0x08002da8   Section        0  stm32l0xx_it.o(i.SysTick_Handler)
    i.SystemClock_Config                     0x08002db4   Section        0  main.o(i.SystemClock_Config)
    i.SystemInit                             0x08002e38   Section        0  system_stm32l0xx.o(i.SystemInit)
    i.UART_AdvFeatureConfig                  0x08002e3a   Section        0  stm32l0xx_hal_uart.o(i.UART_AdvFeatureConfig)
    i.UART_CheckIdleState                    0x08002f04   Section        0  stm32l0xx_hal_uart.o(i.UART_CheckIdleState)
    i.UART_DMAAbortOnError                   0x08002fc8   Section        0  stm32l0xx_hal_uart.o(i.UART_DMAAbortOnError)
    UART_DMAAbortOnError                     0x08002fc9   Thumb Code    20  stm32l0xx_hal_uart.o(i.UART_DMAAbortOnError)
    i.UART_EndRxTransfer                     0x08002fdc   Section        0  stm32l0xx_hal_uart.o(i.UART_EndRxTransfer)
    UART_EndRxTransfer                       0x08002fdd   Thumb Code    96  stm32l0xx_hal_uart.o(i.UART_EndRxTransfer)
    i.UART_RxISR_16BIT                       0x0800303c   Section        0  stm32l0xx_hal_uart.o(i.UART_RxISR_16BIT)
    UART_RxISR_16BIT                         0x0800303d   Thumb Code   212  stm32l0xx_hal_uart.o(i.UART_RxISR_16BIT)
    i.UART_RxISR_8BIT                        0x08003114   Section        0  stm32l0xx_hal_uart.o(i.UART_RxISR_8BIT)
    UART_RxISR_8BIT                          0x08003115   Thumb Code   212  stm32l0xx_hal_uart.o(i.UART_RxISR_8BIT)
    i.UART_SetConfig                         0x080031ec   Section        0  stm32l0xx_hal_uart.o(i.UART_SetConfig)
    i.UART_Start_Receive_IT                  0x080033c8   Section        0  stm32l0xx_hal_uart.o(i.UART_Start_Receive_IT)
    i.UART_WaitOnFlagUntilTimeout            0x08003490   Section        0  stm32l0xx_hal_uart.o(i.UART_WaitOnFlagUntilTimeout)
    i.USART2_IRQHandler                      0x0800351c   Section        0  stm32l0xx_it.o(i.USART2_IRQHandler)
    i.__ARM_common_ll_muluu                  0x0800352c   Section        0  stm32l0xx_hal_rcc.o(i.__ARM_common_ll_muluu)
    i.__ARM_common_switch8                   0x0800355c   Section        0  stm32l0xx_hal_dma.o(i.__ARM_common_switch8)
    i.__NVIC_SetPriority                     0x08003578   Section        0  stm32l0xx_hal_cortex.o(i.__NVIC_SetPriority)
    __NVIC_SetPriority                       0x08003579   Thumb Code    60  stm32l0xx_hal_cortex.o(i.__NVIC_SetPriority)
    i.main                                   0x080035bc   Section        0  main.o(i.main)
    .constdata                               0x080036a0   Section       25  system_stm32l0xx.o(.constdata)
    x$fpl$usenofp                            0x080036a0   Section        0  usenofp.o(x$fpl$usenofp)
    .constdata                               0x080036b9   Section        8  system_stm32l0xx.o(.constdata)
    .constdata                               0x080036c1   Section      128  ddiv.o(.constdata)
    ddiv_reciptbl                            0x080036c1   Data         128  ddiv.o(.constdata)
    .data                                    0x20000000   Section        1  hs300x.o(.data)
    .data                                    0x20000004   Section       12  user_uart.o(.data)
    .data                                    0x20000010   Section       64  main.o(.data)
    .data                                    0x20000050   Section       12  stm32l0xx_hal.o(.data)
    .data                                    0x2000005c   Section        4  system_stm32l0xx.o(.data)
    .bss                                     0x20000060   Section      248  main.o(.bss)
    .bss                                     0x20000158   Section       24  stm32l0xx_hal_flash.o(.bss)
    .bss                                     0x20000170   Section       96  libspace.o(.bss)
    HEAP                                     0x200001d0   Section      512  startup_stm32l011xx.o(HEAP)
    Heap_Mem                                 0x200001d0   Data         512  startup_stm32l011xx.o(HEAP)
    STACK                                    0x200003d0   Section     1024  startup_stm32l011xx.o(STACK)
    Stack_Mem                                0x200003d0   Data        1024  startup_stm32l011xx.o(STACK)
    __initial_sp                             0x200007d0   Data           0  startup_stm32l011xx.o(STACK)

    Global Symbols

    Symbol Name                              Value     Ov Type        Size  Object(Section)

    BuildAttributes$$THM_ISAv3M$S$PE$A:L22$X:L11$S22$IEEE1$IW$USESV6$~STKCKD$USESV7$~SHL$OSPACE$ROPI$EBA8$UX$STANDARDLIB$REQ8$PRES8$EABIv2 0x00000000   Number         0  anon$$obj.o ABSOLUTE
    __ARM_use_no_argv                        0x00000000   Number         0  main.o ABSOLUTE
    __ARM_exceptions_init                     - Undefined Weak Reference
    __alloca_initialize                       - Undefined Weak Reference
    __arm_preinit_                            - Undefined Weak Reference
    __cpp_initialize__aeabi_                  - Undefined Weak Reference
    __cxa_finalize                            - Undefined Weak Reference
    __rt_locale                               - Undefined Weak Reference
    __sigvec_lookup                           - Undefined Weak Reference
    _atexit_init                              - Undefined Weak Reference
    _call_atexit_fns                          - Undefined Weak Reference
    _clock_init                               - Undefined Weak Reference
    _fp_trap_init                             - Undefined Weak Reference
    _fp_trap_shutdown                         - Undefined Weak Reference
    _get_lc_collate                           - Undefined Weak Reference
    _get_lc_ctype                             - Undefined Weak Reference
    _get_lc_monetary                          - Undefined Weak Reference
    _get_lc_numeric                           - Undefined Weak Reference
    _get_lc_time                              - Undefined Weak Reference
    _getenv_init                              - Undefined Weak Reference
    _handle_redirection                       - Undefined Weak Reference
    _init_alloc                               - Undefined Weak Reference
    _init_user_alloc                          - Undefined Weak Reference
    _initio                                   - Undefined Weak Reference
    _rand_init                                - Undefined Weak Reference
    _signal_finish                            - Undefined Weak Reference
    _signal_init                              - Undefined Weak Reference
    _terminate_alloc                          - Undefined Weak Reference
    _terminate_user_alloc                     - Undefined Weak Reference
    _terminateio                              - Undefined Weak Reference
    __Vectors_Size                           0x000000c0   Number         0  startup_stm32l011xx.o ABSOLUTE
    __Vectors                                0x08000000   Data           4  startup_stm32l011xx.o(RESET)
    __Vectors_End                            0x080000c0   Data           0  startup_stm32l011xx.o(RESET)
    __main                                   0x080000c1   Thumb Code     8  __main.o(!!!main)
    __scatterload                            0x080000c9   Thumb Code     0  __scatter.o(!!!scatter)
    __scatterload_rt2                        0x080000c9   Thumb Code    52  __scatter.o(!!!scatter)
    __scatterload_rt2_thumb_only             0x080000c9   Thumb Code     0  __scatter.o(!!!scatter)
    __scatterload_null                       0x080000d9   Thumb Code     0  __scatter.o(!!!scatter)
    __scatterload_copy                       0x08000105   Thumb Code    26  __scatter_copy.o(!!handler_copy)
    __scatterload_zeroinit                   0x08000121   Thumb Code    28  __scatter_zi.o(!!handler_zi)
    __rt_lib_init                            0x0800013d   Thumb Code     0  libinit.o(.ARM.Collect$$libinit$$00000000)
    __rt_lib_init_alloca_1                   0x0800013f   Thumb Code     0  libinit2.o(.ARM.Collect$$libinit$$0000002E)
    __rt_lib_init_argv_1                     0x0800013f   Thumb Code     0  libinit2.o(.ARM.Collect$$libinit$$0000002C)
    __rt_lib_init_atexit_1                   0x0800013f   Thumb Code     0  libinit2.o(.ARM.Collect$$libinit$$0000001B)
    __rt_lib_init_clock_1                    0x0800013f   Thumb Code     0  libinit2.o(.ARM.Collect$$libinit$$00000021)
    __rt_lib_init_cpp_1                      0x0800013f   Thumb Code     0  libinit2.o(.ARM.Collect$$libinit$$00000032)
    __rt_lib_init_exceptions_1               0x0800013f   Thumb Code     0  libinit2.o(.ARM.Collect$$libinit$$00000030)
    __rt_lib_init_fp_1                       0x0800013f   Thumb Code     0  libinit2.o(.ARM.Collect$$libinit$$00000002)
    __rt_lib_init_fp_trap_1                  0x0800013f   Thumb Code     0  libinit2.o(.ARM.Collect$$libinit$$0000001F)
    __rt_lib_init_getenv_1                   0x0800013f   Thumb Code     0  libinit2.o(.ARM.Collect$$libinit$$00000023)
    __rt_lib_init_heap_1                     0x0800013f   Thumb Code     0  libinit2.o(.ARM.Collect$$libinit$$0000000A)
    __rt_lib_init_lc_collate_1               0x0800013f   Thumb Code     0  libinit2.o(.ARM.Collect$$libinit$$00000011)
    __rt_lib_init_lc_ctype_1                 0x0800013f   Thumb Code     0  libinit2.o(.ARM.Collect$$libinit$$00000013)
    __rt_lib_init_lc_monetary_1              0x0800013f   Thumb Code     0  libinit2.o(.ARM.Collect$$libinit$$00000015)
    __rt_lib_init_lc_numeric_1               0x0800013f   Thumb Code     0  libinit2.o(.ARM.Collect$$libinit$$00000017)
    __rt_lib_init_lc_time_1                  0x0800013f   Thumb Code     0  libinit2.o(.ARM.Collect$$libinit$$00000019)
    __rt_lib_init_preinit_1                  0x0800013f   Thumb Code     0  libinit2.o(.ARM.Collect$$libinit$$00000004)
    __rt_lib_init_rand_1                     0x0800013f   Thumb Code     0  libinit2.o(.ARM.Collect$$libinit$$0000000E)
    __rt_lib_init_return                     0x0800013f   Thumb Code     0  libinit2.o(.ARM.Collect$$libinit$$00000033)
    __rt_lib_init_signal_1                   0x0800013f   Thumb Code     0  libinit2.o(.ARM.Collect$$libinit$$0000001D)
    __rt_lib_init_stdio_1                    0x0800013f   Thumb Code     0  libinit2.o(.ARM.Collect$$libinit$$00000025)
    __rt_lib_init_user_alloc_1               0x0800013f   Thumb Code     0  libinit2.o(.ARM.Collect$$libinit$$0000000C)
    __rt_lib_shutdown                        0x08000141   Thumb Code     0  libshutdown.o(.ARM.Collect$$libshutdown$$00000000)
    __rt_lib_shutdown_cpp_1                  0x08000143   Thumb Code     0  libshutdown2.o(.ARM.Collect$$libshutdown$$00000002)
    __rt_lib_shutdown_fp_trap_1              0x08000143   Thumb Code     0  libshutdown2.o(.ARM.Collect$$libshutdown$$00000007)
    __rt_lib_shutdown_heap_1                 0x08000143   Thumb Code     0  libshutdown2.o(.ARM.Collect$$libshutdown$$0000000F)
    __rt_lib_shutdown_return                 0x08000143   Thumb Code     0  libshutdown2.o(.ARM.Collect$$libshutdown$$00000010)
    __rt_lib_shutdown_signal_1               0x08000143   Thumb Code     0  libshutdown2.o(.ARM.Collect$$libshutdown$$0000000A)
    __rt_lib_shutdown_stdio_1                0x08000143   Thumb Code     0  libshutdown2.o(.ARM.Collect$$libshutdown$$00000004)
    __rt_lib_shutdown_user_alloc_1           0x08000143   Thumb Code     0  libshutdown2.o(.ARM.Collect$$libshutdown$$0000000C)
    __rt_entry                               0x08000145   Thumb Code     0  __rtentry.o(.ARM.Collect$$rtentry$$00000000)
    __rt_entry_presh_1                       0x08000145   Thumb Code     0  __rtentry2.o(.ARM.Collect$$rtentry$$00000002)
    __rt_entry_sh                            0x08000145   Thumb Code     0  __rtentry4.o(.ARM.Collect$$rtentry$$00000004)
    __rt_entry_li                            0x0800014b   Thumb Code     0  __rtentry2.o(.ARM.Collect$$rtentry$$0000000A)
    __rt_entry_postsh_1                      0x0800014b   Thumb Code     0  __rtentry2.o(.ARM.Collect$$rtentry$$00000009)
    __rt_entry_main                          0x0800014f   Thumb Code     0  __rtentry2.o(.ARM.Collect$$rtentry$$0000000D)
    __rt_entry_postli_1                      0x0800014f   Thumb Code     0  __rtentry2.o(.ARM.Collect$$rtentry$$0000000C)
    __rt_exit                                0x08000157   Thumb Code     0  rtexit.o(.ARM.Collect$$rtexit$$00000000)
    __rt_exit_ls                             0x08000159   Thumb Code     0  rtexit2.o(.ARM.Collect$$rtexit$$00000003)
    __rt_exit_prels_1                        0x08000159   Thumb Code     0  rtexit2.o(.ARM.Collect$$rtexit$$00000002)
    __rt_exit_exit                           0x0800015d   Thumb Code     0  rtexit2.o(.ARM.Collect$$rtexit$$00000004)
    Reset_Handler                            0x08000165   Thumb Code    38  startup_stm32l011xx.o(.text)
    ADC1_COMP_IRQHandler                     0x08000195   Thumb Code     0  startup_stm32l011xx.o(.text)
    DMA1_Channel1_IRQHandler                 0x08000195   Thumb Code     0  startup_stm32l011xx.o(.text)
    DMA1_Channel2_3_IRQHandler               0x08000195   Thumb Code     0  startup_stm32l011xx.o(.text)
    DMA1_Channel4_5_IRQHandler               0x08000195   Thumb Code     0  startup_stm32l011xx.o(.text)
    EXTI0_1_IRQHandler                       0x08000195   Thumb Code     0  startup_stm32l011xx.o(.text)
    EXTI2_3_IRQHandler                       0x08000195   Thumb Code     0  startup_stm32l011xx.o(.text)
    EXTI4_15_IRQHandler                      0x08000195   Thumb Code     0  startup_stm32l011xx.o(.text)
    FLASH_IRQHandler                         0x08000195   Thumb Code     0  startup_stm32l011xx.o(.text)
    I2C1_IRQHandler                          0x08000195   Thumb Code     0  startup_stm32l011xx.o(.text)
    LPTIM1_IRQHandler                        0x08000195   Thumb Code     0  startup_stm32l011xx.o(.text)
    LPUART1_IRQHandler                       0x08000195   Thumb Code     0  startup_stm32l011xx.o(.text)
    PVD_IRQHandler                           0x08000195   Thumb Code     0  startup_stm32l011xx.o(.text)
    RCC_IRQHandler                           0x08000195   Thumb Code     0  startup_stm32l011xx.o(.text)
    RTC_IRQHandler                           0x08000195   Thumb Code     0  startup_stm32l011xx.o(.text)
    SPI1_IRQHandler                          0x08000195   Thumb Code     0  startup_stm32l011xx.o(.text)
    TIM21_IRQHandler                         0x08000195   Thumb Code     0  startup_stm32l011xx.o(.text)
    TIM2_IRQHandler                          0x08000195   Thumb Code     0  startup_stm32l011xx.o(.text)
    WWDG_IRQHandler                          0x08000195   Thumb Code     0  startup_stm32l011xx.o(.text)
    __user_initial_stackheap                 0x08000199   Thumb Code     0  startup_stm32l011xx.o(.text)
    __aeabi_uldivmod                         0x080001d9   Thumb Code   258  lludiv.o(.text)
    _ll_udiv                                 0x080001d9   Thumb Code     0  lludiv.o(.text)
    _memset_w                                0x080002db   Thumb Code    26  rt_memclr.o(.text)
    _memset                                  0x080002f5   Thumb Code    30  rt_memclr.o(.text)
    __aeabi_memclr                           0x08000313   Thumb Code     4  rt_memclr.o(.text)
    __rt_memclr                              0x08000313   Thumb Code     0  rt_memclr.o(.text)
    __aeabi_memclr4                          0x08000317   Thumb Code     0  rt_memclr.o(.text)
    __aeabi_memclr8                          0x08000317   Thumb Code     0  rt_memclr.o(.text)
    __rt_memclr_w                            0x08000317   Thumb Code     4  rt_memclr.o(.text)
    __aeabi_uidiv                            0x0800031b   Thumb Code     0  aeabi_sdiv.o(.text)
    __aeabi_uidivmod                         0x0800031b   Thumb Code    20  aeabi_sdiv.o(.text)
    __aeabi_idiv                             0x0800032f   Thumb Code     0  aeabi_sdiv.o(.text)
    __aeabi_idivmod                          0x0800032f   Thumb Code   326  aeabi_sdiv.o(.text)
    __use_two_region_memory                  0x08000475   Thumb Code     2  heapauxi.o(.text)
    __rt_heap_escrow$2region                 0x08000477   Thumb Code     2  heapauxi.o(.text)
    __rt_heap_expand$2region                 0x08000479   Thumb Code     2  heapauxi.o(.text)
    __aeabi_dadd                             0x08000775   Thumb Code     0  daddsub.o(.text)
    _dadd                                    0x08000775   Thumb Code    26  daddsub.o(.text)
    __aeabi_dsub                             0x0800078f   Thumb Code     0  daddsub.o(.text)
    _dsub                                    0x0800078f   Thumb Code    22  daddsub.o(.text)
    __aeabi_drsub                            0x080007a5   Thumb Code     0  daddsub.o(.text)
    _drsb                                    0x080007a5   Thumb Code    28  daddsub.o(.text)
    __aeabi_ddiv                             0x080007d5   Thumb Code     0  ddiv.o(.text)
    _ddiv                                    0x080007d5   Thumb Code  1072  ddiv.o(.text)
    _drdiv                                   0x08000c05   Thumb Code    20  ddiv.o(.text)
    __aeabi_d2iz                             0x08000c1d   Thumb Code     0  dfixi.o(.text)
    _dfix                                    0x08000c1d   Thumb Code    98  dfixi.o(.text)
    __aeabi_i2d_normalise                    0x08000c89   Thumb Code    66  dflti.o(.text)
    __aeabi_i2d                              0x08000ccb   Thumb Code    16  dflti.o(.text)
    _dflt                                    0x08000ccb   Thumb Code     0  dflti.o(.text)
    __aeabi_ui2d                             0x08000cdb   Thumb Code     6  dflti.o(.text)
    _dfltu                                   0x08000cdb   Thumb Code     0  dflti.o(.text)
    __aeabi_dmul                             0x08000ce1   Thumb Code     0  dmul.o(.text)
    _dmul                                    0x08000ce1   Thumb Code   558  dmul.o(.text)
    __user_setup_stackheap                   0x08000f29   Thumb Code    62  sys_stackheap_outer.o(.text)
    exit                                     0x08000f67   Thumb Code    16  exit.o(.text)
    __user_libspace                          0x08000f79   Thumb Code     8  libspace.o(.text)
    __user_perproc_libspace                  0x08000f79   Thumb Code     0  libspace.o(.text)
    __user_perthread_libspace                0x08000f79   Thumb Code     0  libspace.o(.text)
    _sys_exit                                0x08000f81   Thumb Code     8  sys_exit.o(.text)
    __I$use$semihosting                      0x08000f8d   Thumb Code     0  use_no_semi.o(.text)
    __use_no_semihosting_swi                 0x08000f8d   Thumb Code     2  use_no_semi.o(.text)
    __semihosting_library_function           0x08000f8f   Thumb Code     0  indicate_semi.o(.text)
    Change_Baudrate_AddrSlave                0x08000f91   Thumb Code    78  main.o(i.Change_Baudrate_AddrSlave)
    Check_CountBuffer_Complete_Uart          0x08000fe9   Thumb Code    96  user_uart.o(i.Check_CountBuffer_Complete_Uart)
    Delete_Buffer                            0x0800104d   Thumb Code    30  user_uart.o(i.Delete_Buffer)
    FLASH_PageErase                          0x08001071   Thumb Code    34  stm32l0xx_hal_flash_ex.o(i.FLASH_PageErase)
    FLASH_WaitForLastOperation               0x0800112d   Thumb Code   106  stm32l0xx_hal_flash.o(i.FLASH_WaitForLastOperation)
    FLASH_WritePage                          0x0800119d   Thumb Code    80  main.o(i.FLASH_WritePage)
    HAL_DMA_Abort                            0x080011f1   Thumb Code    68  stm32l0xx_hal_dma.o(i.HAL_DMA_Abort)
    HAL_DMA_Abort_IT                         0x08001235   Thumb Code    76  stm32l0xx_hal_dma.o(i.HAL_DMA_Abort_IT)
    HAL_Delay                                0x08001281   Thumb Code    32  stm32l0xx_hal.o(i.HAL_Delay)
    HAL_FLASHEx_Erase                        0x080012a5   Thumb Code   106  stm32l0xx_hal_flash_ex.o(i.HAL_FLASHEx_Erase)
    HAL_FLASH_Lock                           0x0800131d   Thumb Code    22  stm32l0xx_hal_flash.o(i.HAL_FLASH_Lock)
    HAL_FLASH_Program                        0x08001339   Thumb Code    50  stm32l0xx_hal_flash.o(i.HAL_FLASH_Program)
    HAL_FLASH_Unlock                         0x08001375   Thumb Code    70  stm32l0xx_hal_flash.o(i.HAL_FLASH_Unlock)
    HAL_GPIO_Init                            0x080013d1   Thumb Code   382  stm32l0xx_hal_gpio.o(i.HAL_GPIO_Init)
    HAL_GPIO_WritePin                        0x08001565   Thumb Code    12  stm32l0xx_hal_gpio.o(i.HAL_GPIO_WritePin)
    HAL_GetTick                              0x08001571   Thumb Code     6  stm32l0xx_hal.o(i.HAL_GetTick)
    HAL_I2CEx_ConfigAnalogFilter             0x0800157d   Thumb Code    74  stm32l0xx_hal_i2c_ex.o(i.HAL_I2CEx_ConfigAnalogFilter)
    HAL_I2CEx_ConfigDigitalFilter            0x080015c7   Thumb Code    72  stm32l0xx_hal_i2c_ex.o(i.HAL_I2CEx_ConfigDigitalFilter)
    HAL_I2C_Init                             0x08001611   Thumb Code   176  stm32l0xx_hal_i2c.o(i.HAL_I2C_Init)
    HAL_I2C_Master_Receive                   0x080016c5   Thumb Code   262  stm32l0xx_hal_i2c.o(i.HAL_I2C_Master_Receive)
    HAL_I2C_Master_Transmit                  0x080017d5   Thumb Code   262  stm32l0xx_hal_i2c.o(i.HAL_I2C_Master_Transmit)
    HAL_I2C_MspInit                          0x080018e5   Thumb Code    82  stm32l0xx_hal_msp.o(i.HAL_I2C_MspInit)
    HAL_IncTick                              0x08001941   Thumb Code    12  stm32l0xx_hal.o(i.HAL_IncTick)
    HAL_Init                                 0x08001951   Thumb Code    36  stm32l0xx_hal.o(i.HAL_Init)
    HAL_InitTick                             0x08001979   Thumb Code    58  stm32l0xx_hal.o(i.HAL_InitTick)
    HAL_MspInit                              0x080019bd   Thumb Code    20  stm32l0xx_hal_msp.o(i.HAL_MspInit)
    HAL_NVIC_EnableIRQ                       0x080019d5   Thumb Code    18  stm32l0xx_hal_cortex.o(i.HAL_NVIC_EnableIRQ)
    HAL_NVIC_SetPriority                     0x080019ed   Thumb Code     8  stm32l0xx_hal_cortex.o(i.HAL_NVIC_SetPriority)
    HAL_RCCEx_PeriphCLKConfig                0x080019f5   Thumb Code   330  stm32l0xx_hal_rcc_ex.o(i.HAL_RCCEx_PeriphCLKConfig)
    HAL_RCC_ClockConfig                      0x08001b4d   Thumb Code   386  stm32l0xx_hal_rcc.o(i.HAL_RCC_ClockConfig)
    HAL_RCC_GetPCLK1Freq                     0x08001ce9   Thumb Code    20  stm32l0xx_hal_rcc.o(i.HAL_RCC_GetPCLK1Freq)
    HAL_RCC_GetPCLK2Freq                     0x08001d09   Thumb Code    20  stm32l0xx_hal_rcc.o(i.HAL_RCC_GetPCLK2Freq)
    HAL_RCC_GetSysClockFreq                  0x08001d29   Thumb Code   108  stm32l0xx_hal_rcc.o(i.HAL_RCC_GetSysClockFreq)
    HAL_RCC_OscConfig                        0x08001da1   Thumb Code  1074  stm32l0xx_hal_rcc.o(i.HAL_RCC_OscConfig)
    HAL_SYSTICK_Callback                     0x080021d3   Thumb Code     2  main.o(i.HAL_SYSTICK_Callback)
    HAL_SYSTICK_Config                       0x080021d5   Thumb Code    38  stm32l0xx_hal_cortex.o(i.HAL_SYSTICK_Config)
    HAL_SYSTICK_IRQHandler                   0x08002205   Thumb Code     8  stm32l0xx_hal_cortex.o(i.HAL_SYSTICK_IRQHandler)
    HAL_UARTEx_RxEventCallback               0x0800220d   Thumb Code     2  stm32l0xx_hal_uart.o(i.HAL_UARTEx_RxEventCallback)
    HAL_UARTEx_WakeupCallback                0x0800220f   Thumb Code     2  stm32l0xx_hal_uart_ex.o(i.HAL_UARTEx_WakeupCallback)
    HAL_UART_ErrorCallback                   0x08002211   Thumb Code     2  stm32l0xx_hal_uart.o(i.HAL_UART_ErrorCallback)
    HAL_UART_IRQHandler                      0x08002215   Thumb Code   672  stm32l0xx_hal_uart.o(i.HAL_UART_IRQHandler)
    HAL_UART_Init                            0x080024c1   Thumb Code   106  stm32l0xx_hal_uart.o(i.HAL_UART_Init)
    HAL_UART_MspInit                         0x0800252d   Thumb Code    98  stm32l0xx_hal_msp.o(i.HAL_UART_MspInit)
    HAL_UART_Receive_IT                      0x08002599   Thumb Code    94  stm32l0xx_hal_uart.o(i.HAL_UART_Receive_IT)
    HAL_UART_RxCpltCallback                  0x080025fd   Thumb Code    44  main.o(i.HAL_UART_RxCpltCallback)
    HAL_UART_TxCpltCallback                  0x0800262d   Thumb Code     2  stm32l0xx_hal_uart.o(i.HAL_UART_TxCpltCallback)
    HS300X_Start_Measurement                 0x08002631   Thumb Code   186  hs300x.o(i.HS300X_Start_Measurement)
    HardFault_Handler                        0x08002701   Thumb Code     2  stm32l0xx_it.o(i.HardFault_Handler)
    ModRTU_CRC                               0x08002aa5   Thumb Code    42  user_modbus_rtu.o(i.ModRTU_CRC)
    ModRTU_Slave_ACK_Read_Frame              0x08002ad9   Thumb Code    78  user_modbus_rtu.o(i.ModRTU_Slave_ACK_Read_Frame)
    ModRTU_Slave_ACK_Write_Frame             0x08002b27   Thumb Code   118  user_modbus_rtu.o(i.ModRTU_Slave_ACK_Write_Frame)
    ModbusRTU_Slave                          0x08002b9d   Thumb Code   286  main.o(i.ModbusRTU_Slave)
    NMI_Handler                              0x08002cc5   Thumb Code     2  stm32l0xx_it.o(i.NMI_Handler)
    Packing_Frame                            0x08002cc9   Thumb Code   200  main.o(i.Packing_Frame)
    PendSV_Handler                           0x08002d95   Thumb Code     2  stm32l0xx_it.o(i.PendSV_Handler)
    Response_Error_CRC                       0x08002d97   Thumb Code    16  user_modbus_rtu.o(i.Response_Error_CRC)
    SVC_Handler                              0x08002da7   Thumb Code     2  stm32l0xx_it.o(i.SVC_Handler)
    SysTick_Handler                          0x08002da9   Thumb Code    12  stm32l0xx_it.o(i.SysTick_Handler)
    SystemClock_Config                       0x08002db5   Thumb Code   128  main.o(i.SystemClock_Config)
    SystemInit                               0x08002e39   Thumb Code     2  system_stm32l0xx.o(i.SystemInit)
    UART_AdvFeatureConfig                    0x08002e3b   Thumb Code   202  stm32l0xx_hal_uart.o(i.UART_AdvFeatureConfig)
    UART_CheckIdleState                      0x08002f05   Thumb Code   190  stm32l0xx_hal_uart.o(i.UART_CheckIdleState)
    UART_SetConfig                           0x080031ed   Thumb Code   448  stm32l0xx_hal_uart.o(i.UART_SetConfig)
    UART_Start_Receive_IT                    0x080033c9   Thumb Code   188  stm32l0xx_hal_uart.o(i.UART_Start_Receive_IT)
    UART_WaitOnFlagUntilTimeout              0x08003491   Thumb Code   138  stm32l0xx_hal_uart.o(i.UART_WaitOnFlagUntilTimeout)
    USART2_IRQHandler                        0x0800351d   Thumb Code    10  stm32l0xx_it.o(i.USART2_IRQHandler)
    __ARM_common_ll_muluu                    0x0800352d   Thumb Code    48  stm32l0xx_hal_rcc.o(i.__ARM_common_ll_muluu)
    __ARM_common_switch8                     0x0800355d   Thumb Code    26  stm32l0xx_hal_dma.o(i.__ARM_common_switch8)
    main                                     0x080035bd   Thumb Code   214  main.o(i.main)
    AHBPrescTable                            0x080036a0   Data          16  system_stm32l0xx.o(.constdata)
    __I$use$fp                               0x080036a0   Number         0  usenofp.o(x$fpl$usenofp)
    PLLMulTable                              0x080036b0   Data           9  system_stm32l0xx.o(.constdata)
    APBPrescTable                            0x080036b9   Data           8  system_stm32l0xx.o(.constdata)
    Region$$Table$$Base                      0x08003744   Number         0  anon$$obj.o(Region$$Table)
    Region$$Table$$Limit                     0x08003764   Number         0  anon$$obj.o(Region$$Table)
    Number_Error_HS300X_u8                   0x20000000   Data           1  hs300x.o(.data)
    check_countBuffer_uart                   0x20000004   Data           2  user_uart.o(.data)
    State_systick_countBuffer_uart           0x20000006   Data           2  user_uart.o(.data)
    a                                        0x20000008   Data           2  user_uart.o(.data)
    Get_systick_countBuffer_uart             0x2000000c   Data           4  user_uart.o(.data)
    check_flash                              0x20000010   Data           1  main.o(.data)
    Tem                                      0x20000012   Data           2  main.o(.data)
    Humi                                     0x20000014   Data           2  main.o(.data)
    aTemperature                             0x20000016   Data           2  main.o(.data)
    aHumidity                                0x20000018   Data           2  main.o(.data)
    GetTick_Ms                               0x2000001c   Data           4  main.o(.data)
    Time_Sampling                            0x20000020   Data           4  main.o(.data)
    FLASH_startPage_data                     0x20000024   Data           4  main.o(.data)
    baud_rate                                0x20000028   Data           4  main.o(.data)
    addr_stm32l0xx                           0x2000002c   Data           4  main.o(.data)
    baud_rate_value                          0x20000030   Data          32  main.o(.data)
    uwTickFreq                               0x20000050   Data           1  stm32l0xx_hal.o(.data)
    uwTickPrio                               0x20000054   Data           4  stm32l0xx_hal.o(.data)
    uwTick                                   0x20000058   Data           4  stm32l0xx_hal.o(.data)
    SystemCoreClock                          0x2000005c   Data           4  system_stm32l0xx.o(.data)
    hi2c1                                    0x20000060   Data          84  main.o(.bss)
    huart2                                   0x200000b4   Data         136  main.o(.bss)
    sUart2                                   0x2000013c   Data          28  main.o(.bss)
    pFlash                                   0x20000158   Data          24  stm32l0xx_hal_flash.o(.bss)
    __libspace_start                         0x20000170   Data          96  libspace.o(.bss)
    __temporary_stack_top$libspace           0x200001d0   Data           0  libspace.o(.bss)



==============================================================================

Memory Map of the image

  Image Entry point : 0x080000c1

  Load Region LR_IROM1 (Base: 0x08000000, Size: 0x000037c4, Max: 0x00004000, ABSOLUTE)

    Execution Region ER_IROM1 (Exec base: 0x08000000, Load base: 0x08000000, Size: 0x00003764, Max: 0x00004000, ABSOLUTE)

    Exec Addr    Load Addr    Size         Type   Attr      Idx    E Section Name        Object

    0x08000000   0x08000000   0x000000c0   Data   RO            3    RESET               startup_stm32l011xx.o
    0x080000c0   0x080000c0   0x00000008   Code   RO         2686  * !!!main             c_p.l(__main.o)
    0x080000c8   0x080000c8   0x0000003c   Code   RO         2871    !!!scatter          c_p.l(__scatter.o)
    0x08000104   0x08000104   0x0000001a   Code   RO         2873    !!handler_copy      c_p.l(__scatter_copy.o)
    0x0800011e   0x0800011e   0x00000002   PAD
    0x08000120   0x08000120   0x0000001c   Code   RO         2875    !!handler_zi        c_p.l(__scatter_zi.o)
    0x0800013c   0x0800013c   0x00000002   Code   RO         2740    .ARM.Collect$$libinit$$00000000  c_p.l(libinit.o)
    0x0800013e   0x0800013e   0x00000000   Code   RO         2754    .ARM.Collect$$libinit$$00000002  c_p.l(libinit2.o)
    0x0800013e   0x0800013e   0x00000000   Code   RO         2756    .ARM.Collect$$libinit$$00000004  c_p.l(libinit2.o)
    0x0800013e   0x0800013e   0x00000000   Code   RO         2759    .ARM.Collect$$libinit$$0000000A  c_p.l(libinit2.o)
    0x0800013e   0x0800013e   0x00000000   Code   RO         2761    .ARM.Collect$$libinit$$0000000C  c_p.l(libinit2.o)
    0x0800013e   0x0800013e   0x00000000   Code   RO         2763    .ARM.Collect$$libinit$$0000000E  c_p.l(libinit2.o)
    0x0800013e   0x0800013e   0x00000000   Code   RO         2766    .ARM.Collect$$libinit$$00000011  c_p.l(libinit2.o)
    0x0800013e   0x0800013e   0x00000000   Code   RO         2768    .ARM.Collect$$libinit$$00000013  c_p.l(libinit2.o)
    0x0800013e   0x0800013e   0x00000000   Code   RO         2770    .ARM.Collect$$libinit$$00000015  c_p.l(libinit2.o)
    0x0800013e   0x0800013e   0x00000000   Code   RO         2772    .ARM.Collect$$libinit$$00000017  c_p.l(libinit2.o)
    0x0800013e   0x0800013e   0x00000000   Code   RO         2774    .ARM.Collect$$libinit$$00000019  c_p.l(libinit2.o)
    0x0800013e   0x0800013e   0x00000000   Code   RO         2776    .ARM.Collect$$libinit$$0000001B  c_p.l(libinit2.o)
    0x0800013e   0x0800013e   0x00000000   Code   RO         2778    .ARM.Collect$$libinit$$0000001D  c_p.l(libinit2.o)
    0x0800013e   0x0800013e   0x00000000   Code   RO         2780    .ARM.Collect$$libinit$$0000001F  c_p.l(libinit2.o)
    0x0800013e   0x0800013e   0x00000000   Code   RO         2782    .ARM.Collect$$libinit$$00000021  c_p.l(libinit2.o)
    0x0800013e   0x0800013e   0x00000000   Code   RO         2784    .ARM.Collect$$libinit$$00000023  c_p.l(libinit2.o)
    0x0800013e   0x0800013e   0x00000000   Code   RO         2786    .ARM.Collect$$libinit$$00000025  c_p.l(libinit2.o)
    0x0800013e   0x0800013e   0x00000000   Code   RO         2790    .ARM.Collect$$libinit$$0000002C  c_p.l(libinit2.o)
    0x0800013e   0x0800013e   0x00000000   Code   RO         2792    .ARM.Collect$$libinit$$0000002E  c_p.l(libinit2.o)
    0x0800013e   0x0800013e   0x00000000   Code   RO         2794    .ARM.Collect$$libinit$$00000030  c_p.l(libinit2.o)
    0x0800013e   0x0800013e   0x00000000   Code   RO         2796    .ARM.Collect$$libinit$$00000032  c_p.l(libinit2.o)
    0x0800013e   0x0800013e   0x00000002   Code   RO         2797    .ARM.Collect$$libinit$$00000033  c_p.l(libinit2.o)
    0x08000140   0x08000140   0x00000002   Code   RO         2828    .ARM.Collect$$libshutdown$$00000000  c_p.l(libshutdown.o)
    0x08000142   0x08000142   0x00000000   Code   RO         2854    .ARM.Collect$$libshutdown$$00000002  c_p.l(libshutdown2.o)
    0x08000142   0x08000142   0x00000000   Code   RO         2856    .ARM.Collect$$libshutdown$$00000004  c_p.l(libshutdown2.o)
    0x08000142   0x08000142   0x00000000   Code   RO         2859    .ARM.Collect$$libshutdown$$00000007  c_p.l(libshutdown2.o)
    0x08000142   0x08000142   0x00000000   Code   RO         2862    .ARM.Collect$$libshutdown$$0000000A  c_p.l(libshutdown2.o)
    0x08000142   0x08000142   0x00000000   Code   RO         2864    .ARM.Collect$$libshutdown$$0000000C  c_p.l(libshutdown2.o)
    0x08000142   0x08000142   0x00000000   Code   RO         2867    .ARM.Collect$$libshutdown$$0000000F  c_p.l(libshutdown2.o)
    0x08000142   0x08000142   0x00000002   Code   RO         2868    .ARM.Collect$$libshutdown$$00000010  c_p.l(libshutdown2.o)
    0x08000144   0x08000144   0x00000000   Code   RO         2699    .ARM.Collect$$rtentry$$00000000  c_p.l(__rtentry.o)
    0x08000144   0x08000144   0x00000000   Code   RO         2710    .ARM.Collect$$rtentry$$00000002  c_p.l(__rtentry2.o)
    0x08000144   0x08000144   0x00000006   Code   RO         2722    .ARM.Collect$$rtentry$$00000004  c_p.l(__rtentry4.o)
    0x0800014a   0x0800014a   0x00000000   Code   RO         2712    .ARM.Collect$$rtentry$$00000009  c_p.l(__rtentry2.o)
    0x0800014a   0x0800014a   0x00000004   Code   RO         2713    .ARM.Collect$$rtentry$$0000000A  c_p.l(__rtentry2.o)
    0x0800014e   0x0800014e   0x00000000   Code   RO         2715    .ARM.Collect$$rtentry$$0000000C  c_p.l(__rtentry2.o)
    0x0800014e   0x0800014e   0x00000008   Code   RO         2716    .ARM.Collect$$rtentry$$0000000D  c_p.l(__rtentry2.o)
    0x08000156   0x08000156   0x00000002   Code   RO         2745    .ARM.Collect$$rtexit$$00000000  c_p.l(rtexit.o)
    0x08000158   0x08000158   0x00000000   Code   RO         2801    .ARM.Collect$$rtexit$$00000002  c_p.l(rtexit2.o)
    0x08000158   0x08000158   0x00000004   Code   RO         2802    .ARM.Collect$$rtexit$$00000003  c_p.l(rtexit2.o)
    0x0800015c   0x0800015c   0x00000006   Code   RO         2803    .ARM.Collect$$rtexit$$00000004  c_p.l(rtexit2.o)
    0x08000162   0x08000162   0x00000002   PAD
    0x08000164   0x08000164   0x00000074   Code   RO            4    .text               startup_stm32l011xx.o
    0x080001d8   0x080001d8   0x00000102   Code   RO         2674    .text               c_p.l(lludiv.o)
    0x080002da   0x080002da   0x00000040   Code   RO         2678    .text               c_p.l(rt_memclr.o)
    0x0800031a   0x0800031a   0x0000015a   Code   RO         2680    .text               c_p.l(aeabi_sdiv.o)
    0x08000474   0x08000474   0x00000006   Code   RO         2684    .text               c_p.l(heapauxi.o)
    0x0800047a   0x0800047a   0x00000002   PAD
    0x0800047c   0x0800047c   0x00000358   Code   RO         2688    .text               fz_ps.l(daddsub.o)
    0x080007d4   0x080007d4   0x00000448   Code   RO         2690    .text               fz_ps.l(ddiv.o)
    0x08000c1c   0x08000c1c   0x0000006c   Code   RO         2693    .text               fz_ps.l(dfixi.o)
    0x08000c88   0x08000c88   0x00000058   Code   RO         2695    .text               fz_ps.l(dflti.o)
    0x08000ce0   0x08000ce0   0x00000248   Code   RO         2697    .text               fz_ps.l(dmul.o)
    0x08000f28   0x08000f28   0x0000003e   Code   RO         2726    .text               c_p.l(sys_stackheap_outer.o)
    0x08000f66   0x08000f66   0x00000010   Code   RO         2729    .text               c_p.l(exit.o)
    0x08000f76   0x08000f76   0x00000002   PAD
    0x08000f78   0x08000f78   0x00000008   Code   RO         2741    .text               c_p.l(libspace.o)
    0x08000f80   0x08000f80   0x0000000c   Code   RO         2798    .text               c_p.l(sys_exit.o)
    0x08000f8c   0x08000f8c   0x00000002   Code   RO         2817    .text               c_p.l(use_no_semi.o)
    0x08000f8e   0x08000f8e   0x00000000   Code   RO         2819    .text               c_p.l(indicate_semi.o)
    0x08000f8e   0x08000f8e   0x00000002   PAD
    0x08000f90   0x08000f90   0x00000058   Code   RO          320    i.Change_Baudrate_AddrSlave  main.o
    0x08000fe8   0x08000fe8   0x00000064   Code   RO          279    i.Check_CountBuffer_Complete_Uart  user_uart.o
    0x0800104c   0x0800104c   0x00000024   Code   RO          280    i.Delete_Buffer     user_uart.o
    0x08001070   0x08001070   0x0000002c   Code   RO         1541    i.FLASH_PageErase   stm32l0xx_hal_flash_ex.o
    0x0800109c   0x0800109c   0x00000090   Code   RO         1440    i.FLASH_SetErrorCode  stm32l0xx_hal_flash.o
    0x0800112c   0x0800112c   0x00000070   Code   RO         1441    i.FLASH_WaitForLastOperation  stm32l0xx_hal_flash.o
    0x0800119c   0x0800119c   0x00000054   Code   RO          323    i.FLASH_WritePage   main.o
    0x080011f0   0x080011f0   0x00000044   Code   RO         1712    i.HAL_DMA_Abort     stm32l0xx_hal_dma.o
    0x08001234   0x08001234   0x0000004c   Code   RO         1713    i.HAL_DMA_Abort_IT  stm32l0xx_hal_dma.o
    0x08001280   0x08001280   0x00000024   Code   RO         1057    i.HAL_Delay         stm32l0xx_hal.o
    0x080012a4   0x080012a4   0x00000078   Code   RO         1550    i.HAL_FLASHEx_Erase  stm32l0xx_hal_flash_ex.o
    0x0800131c   0x0800131c   0x0000001c   Code   RO         1445    i.HAL_FLASH_Lock    stm32l0xx_hal_flash.o
    0x08001338   0x08001338   0x0000003c   Code   RO         1450    i.HAL_FLASH_Program  stm32l0xx_hal_flash.o
    0x08001374   0x08001374   0x0000005c   Code   RO         1452    i.HAL_FLASH_Unlock  stm32l0xx_hal_flash.o
    0x080013d0   0x080013d0   0x00000194   Code   RO         1652    i.HAL_GPIO_Init     stm32l0xx_hal_gpio.o
    0x08001564   0x08001564   0x0000000c   Code   RO         1656    i.HAL_GPIO_WritePin  stm32l0xx_hal_gpio.o
    0x08001570   0x08001570   0x0000000c   Code   RO         1061    i.HAL_GetTick       stm32l0xx_hal.o
    0x0800157c   0x0800157c   0x0000004a   Code   RO          998    i.HAL_I2CEx_ConfigAnalogFilter  stm32l0xx_hal_i2c_ex.o
    0x080015c6   0x080015c6   0x00000048   Code   RO          999    i.HAL_I2CEx_ConfigDigitalFilter  stm32l0xx_hal_i2c_ex.o
    0x0800160e   0x0800160e   0x00000002   PAD
    0x08001610   0x08001610   0x000000b4   Code   RO          541    i.HAL_I2C_Init      stm32l0xx_hal_i2c.o
    0x080016c4   0x080016c4   0x00000110   Code   RO          547    i.HAL_I2C_Master_Receive  stm32l0xx_hal_i2c.o
    0x080017d4   0x080017d4   0x00000110   Code   RO          554    i.HAL_I2C_Master_Transmit  stm32l0xx_hal_i2c.o
    0x080018e4   0x080018e4   0x0000005c   Code   RO          484    i.HAL_I2C_MspInit   stm32l0xx_hal_msp.o
    0x08001940   0x08001940   0x00000010   Code   RO         1067    i.HAL_IncTick       stm32l0xx_hal.o
    0x08001950   0x08001950   0x00000028   Code   RO         1068    i.HAL_Init          stm32l0xx_hal.o
    0x08001978   0x08001978   0x00000044   Code   RO         1069    i.HAL_InitTick      stm32l0xx_hal.o
    0x080019bc   0x080019bc   0x00000018   Code   RO          485    i.HAL_MspInit       stm32l0xx_hal_msp.o
    0x080019d4   0x080019d4   0x00000018   Code   RO         1978    i.HAL_NVIC_EnableIRQ  stm32l0xx_hal_cortex.o
    0x080019ec   0x080019ec   0x00000008   Code   RO         1982    i.HAL_NVIC_SetPriority  stm32l0xx_hal_cortex.o
    0x080019f4   0x080019f4   0x00000158   Code   RO         1337    i.HAL_RCCEx_PeriphCLKConfig  stm32l0xx_hal_rcc_ex.o
    0x08001b4c   0x08001b4c   0x0000019c   Code   RO         1254    i.HAL_RCC_ClockConfig  stm32l0xx_hal_rcc.o
    0x08001ce8   0x08001ce8   0x00000020   Code   RO         1259    i.HAL_RCC_GetPCLK1Freq  stm32l0xx_hal_rcc.o
    0x08001d08   0x08001d08   0x00000020   Code   RO         1260    i.HAL_RCC_GetPCLK2Freq  stm32l0xx_hal_rcc.o
    0x08001d28   0x08001d28   0x00000078   Code   RO         1261    i.HAL_RCC_GetSysClockFreq  stm32l0xx_hal_rcc.o
    0x08001da0   0x08001da0   0x00000432   Code   RO         1263    i.HAL_RCC_OscConfig  stm32l0xx_hal_rcc.o
    0x080021d2   0x080021d2   0x00000002   Code   RO          324    i.HAL_SYSTICK_Callback  main.o
    0x080021d4   0x080021d4   0x00000030   Code   RO         1986    i.HAL_SYSTICK_Config  stm32l0xx_hal_cortex.o
    0x08002204   0x08002204   0x00000008   Code   RO         1987    i.HAL_SYSTICK_IRQHandler  stm32l0xx_hal_cortex.o
    0x0800220c   0x0800220c   0x00000002   Code   RO         2175    i.HAL_UARTEx_RxEventCallback  stm32l0xx_hal_uart.o
    0x0800220e   0x0800220e   0x00000002   Code   RO         2565    i.HAL_UARTEx_WakeupCallback  stm32l0xx_hal_uart_ex.o
    0x08002210   0x08002210   0x00000002   Code   RO         2191    i.HAL_UART_ErrorCallback  stm32l0xx_hal_uart.o
    0x08002212   0x08002212   0x00000002   PAD
    0x08002214   0x08002214   0x000002ac   Code   RO         2194    i.HAL_UART_IRQHandler  stm32l0xx_hal_uart.o
    0x080024c0   0x080024c0   0x0000006a   Code   RO         2195    i.HAL_UART_Init     stm32l0xx_hal_uart.o
    0x0800252a   0x0800252a   0x00000002   PAD
    0x0800252c   0x0800252c   0x0000006c   Code   RO          487    i.HAL_UART_MspInit  stm32l0xx_hal_msp.o
    0x08002598   0x08002598   0x00000064   Code   RO         2200    i.HAL_UART_Receive_IT  stm32l0xx_hal_uart.o
    0x080025fc   0x080025fc   0x00000030   Code   RO          325    i.HAL_UART_RxCpltCallback  main.o
    0x0800262c   0x0800262c   0x00000002   Code   RO         2207    i.HAL_UART_TxCpltCallback  stm32l0xx_hal_uart.o
    0x0800262e   0x0800262e   0x00000002   PAD
    0x08002630   0x08002630   0x000000d0   Code   RO           13    i.HS300X_Start_Measurement  hs300x.o
    0x08002700   0x08002700   0x00000002   Code   RO          429    i.HardFault_Handler  stm32l0xx_it.o
    0x08002702   0x08002702   0x00000022   Code   RO          588    i.I2C_Flush_TXDR    stm32l0xx_hal_i2c.o
    0x08002724   0x08002724   0x00000110   Code   RO          596    i.I2C_IsErrorOccurred  stm32l0xx_hal_i2c.o
    0x08002834   0x08002834   0x0000002c   Code   RO          605    i.I2C_TransferConfig  stm32l0xx_hal_i2c.o
    0x08002860   0x08002860   0x00000062   Code   RO          607    i.I2C_WaitOnFlagUntilTimeout  stm32l0xx_hal_i2c.o
    0x080028c2   0x080028c2   0x00000002   PAD
    0x080028c4   0x080028c4   0x0000009c   Code   RO          608    i.I2C_WaitOnRXNEFlagUntilTimeout  stm32l0xx_hal_i2c.o
    0x08002960   0x08002960   0x00000056   Code   RO          609    i.I2C_WaitOnSTOPFlagUntilTimeout  stm32l0xx_hal_i2c.o
    0x080029b6   0x080029b6   0x0000005a   Code   RO          610    i.I2C_WaitOnTXISFlagUntilTimeout  stm32l0xx_hal_i2c.o
    0x08002a10   0x08002a10   0x00000058   Code   RO          326    i.MX_I2C1_Init      main.o
    0x08002a68   0x08002a68   0x0000003c   Code   RO          327    i.MX_USART2_UART_Init  main.o
    0x08002aa4   0x08002aa4   0x00000034   Code   RO          136    i.ModRTU_CRC        user_modbus_rtu.o
    0x08002ad8   0x08002ad8   0x0000004e   Code   RO          140    i.ModRTU_Slave_ACK_Read_Frame  user_modbus_rtu.o
    0x08002b26   0x08002b26   0x00000076   Code   RO          141    i.ModRTU_Slave_ACK_Write_Frame  user_modbus_rtu.o
    0x08002b9c   0x08002b9c   0x00000128   Code   RO          328    i.ModbusRTU_Slave   main.o
    0x08002cc4   0x08002cc4   0x00000002   Code   RO          430    i.NMI_Handler       stm32l0xx_it.o
    0x08002cc6   0x08002cc6   0x00000002   PAD
    0x08002cc8   0x08002cc8   0x000000cc   Code   RO          329    i.Packing_Frame     main.o
    0x08002d94   0x08002d94   0x00000002   Code   RO          431    i.PendSV_Handler    stm32l0xx_it.o
    0x08002d96   0x08002d96   0x00000010   Code   RO          142    i.Response_Error_CRC  user_modbus_rtu.o
    0x08002da6   0x08002da6   0x00000002   Code   RO          432    i.SVC_Handler       stm32l0xx_it.o
    0x08002da8   0x08002da8   0x0000000c   Code   RO          433    i.SysTick_Handler   stm32l0xx_it.o
    0x08002db4   0x08002db4   0x00000084   Code   RO          330    i.SystemClock_Config  main.o
    0x08002e38   0x08002e38   0x00000002   Code   RO         2641    i.SystemInit        system_stm32l0xx.o
    0x08002e3a   0x08002e3a   0x000000ca   Code   RO         2209    i.UART_AdvFeatureConfig  stm32l0xx_hal_uart.o
    0x08002f04   0x08002f04   0x000000c4   Code   RO         2210    i.UART_CheckIdleState  stm32l0xx_hal_uart.o
    0x08002fc8   0x08002fc8   0x00000014   Code   RO         2211    i.UART_DMAAbortOnError  stm32l0xx_hal_uart.o
    0x08002fdc   0x08002fdc   0x00000060   Code   RO         2221    i.UART_EndRxTransfer  stm32l0xx_hal_uart.o
    0x0800303c   0x0800303c   0x000000d8   Code   RO         2223    i.UART_RxISR_16BIT  stm32l0xx_hal_uart.o
    0x08003114   0x08003114   0x000000d8   Code   RO         2224    i.UART_RxISR_8BIT   stm32l0xx_hal_uart.o
    0x080031ec   0x080031ec   0x000001dc   Code   RO         2225    i.UART_SetConfig    stm32l0xx_hal_uart.o
    0x080033c8   0x080033c8   0x000000c8   Code   RO         2227    i.UART_Start_Receive_IT  stm32l0xx_hal_uart.o
    0x08003490   0x08003490   0x0000008a   Code   RO         2230    i.UART_WaitOnFlagUntilTimeout  stm32l0xx_hal_uart.o
    0x0800351a   0x0800351a   0x00000002   PAD
    0x0800351c   0x0800351c   0x00000010   Code   RO          434    i.USART2_IRQHandler  stm32l0xx_it.o
    0x0800352c   0x0800352c   0x00000030   Code   RO         1322    i.__ARM_common_ll_muluu  stm32l0xx_hal_rcc.o
    0x0800355c   0x0800355c   0x0000001a   Code   RO         1797    i.__ARM_common_switch8  stm32l0xx_hal_dma.o
    0x08003576   0x08003576   0x00000002   PAD
    0x08003578   0x08003578   0x00000044   Code   RO         1988    i.__NVIC_SetPriority  stm32l0xx_hal_cortex.o
    0x080035bc   0x080035bc   0x000000e4   Code   RO          332    i.main              main.o
    0x080036a0   0x080036a0   0x00000000   Code   RO         2708    x$fpl$usenofp       fz_ps.l(usenofp.o)
    0x080036a0   0x080036a0   0x00000019   Data   RO         2642    .constdata          system_stm32l0xx.o
    0x080036b9   0x080036b9   0x00000008   Data   RO         2643    .constdata          system_stm32l0xx.o
    0x080036c1   0x080036c1   0x00000080   Data   RO         2691    .constdata          fz_ps.l(ddiv.o)
    0x08003741   0x08003741   0x00000003   PAD
    0x08003744   0x08003744   0x00000020   Data   RO         2869    Region$$Table       anon$$obj.o


    Execution Region RW_IRAM1 (Exec base: 0x20000000, Load base: 0x08003764, Size: 0x000007d0, Max: 0x00000800, ABSOLUTE)

    Exec Addr    Load Addr    Size         Type   Attr      Idx    E Section Name        Object

    0x20000000   0x08003764   0x00000001   Data   RW           14    .data               hs300x.o
    0x20000001   0x08003765   0x00000003   PAD
    0x20000004   0x08003768   0x0000000c   Data   RW          282    .data               user_uart.o
    0x20000010   0x08003774   0x00000040   Data   RW          335    .data               main.o
    0x20000050   0x080037b4   0x0000000c   Data   RW         1079    .data               stm32l0xx_hal.o
    0x2000005c   0x080037c0   0x00000004   Data   RW         2644    .data               system_stm32l0xx.o
    0x20000060        -       0x000000f8   Zero   RW          333    .bss                main.o
    0x20000158        -       0x00000018   Zero   RW         1453    .bss                stm32l0xx_hal_flash.o
    0x20000170        -       0x00000060   Zero   RW         2742    .bss                c_p.l(libspace.o)
    0x200001d0        -       0x00000200   Zero   RW            2    HEAP                startup_stm32l011xx.o
    0x200003d0        -       0x00000400   Zero   RW            1    STACK               startup_stm32l011xx.o


==============================================================================

Image component sizes


      Code (inc. data)   RO Data    RW Data    ZI Data      Debug   Object Name

       208         22          0          1          0     284559   hs300x.o
      1230         74          0         64        248       8547   main.o
       116         56        192          0       1536        684   startup_stm32l011xx.o
       172         28          0         12          0       7981   stm32l0xx_hal.o
       156         24          0          0          0      10954   stm32l0xx_hal_cortex.o
       170          0          0          0          0       1755   stm32l0xx_hal_dma.o
       436         54          0          0         24       8718   stm32l0xx_hal_flash.o
       164         24          0          0          0       2558   stm32l0xx_hal_flash_ex.o
       416         22          0          0          0       2064   stm32l0xx_hal_gpio.o
      1504         40          0          0          0      11078   stm32l0xx_hal_i2c.o
       146          0          0          0          0       1863   stm32l0xx_hal_i2c_ex.o
       224         24          0          0          0       2019   stm32l0xx_hal_msp.o
      1718         90          0          0          0       5536   stm32l0xx_hal_rcc.o
       344         14          0          0          0       1396   stm32l0xx_hal_rcc_ex.o
      2656         96          0          0          0      17429   stm32l0xx_hal_uart.o
         2          0          0          0          0        972   stm32l0xx_hal_uart_ex.o
        36          6          0          0          0       2711   stm32l0xx_it.o
         2          0         33          4          0       1135   system_stm32l0xx.o
       264         10          0          0          0     278343   user_modbus_rtu.o
       136         10          0         12          0       2705   user_uart.o

    ----------------------------------------------------------------------
     10116        594        257         96       1808     653007   Object Totals
         0          0         32          0          0          0   (incl. Generated)
        16          0          0          3          0          0   (incl. Padding)

    ----------------------------------------------------------------------

      Code (inc. data)   RO Data    RW Data    ZI Data      Debug   Library Member Name

         8          0          0          0          0         68   __main.o
         0          0          0          0          0          0   __rtentry.o
        12          0          0          0          0          0   __rtentry2.o
         6          0          0          0          0          0   __rtentry4.o
        60          8          0          0          0          0   __scatter.o
        26          0          0          0          0          0   __scatter_copy.o
        28          0          0          0          0          0   __scatter_zi.o
       346          0          0          0          0         92   aeabi_sdiv.o
        16          0          0          0          0         68   exit.o
         6          0          0          0          0        136   heapauxi.o
         0          0          0          0          0          0   indicate_semi.o
         2          0          0          0          0          0   libinit.o
         2          0          0          0          0          0   libinit2.o
         2          0          0          0          0          0   libshutdown.o
         2          0          0          0          0          0   libshutdown2.o
         8          4          0          0         96         68   libspace.o
       258          0          0          0          0         88   lludiv.o
        64          0          0          0          0        108   rt_memclr.o
         2          0          0          0          0          0   rtexit.o
        10          0          0          0          0          0   rtexit2.o
        12          4          0          0          0         60   sys_exit.o
        62          0          0          0          0         80   sys_stackheap_outer.o
         2          0          0          0          0         68   use_no_semi.o
       856         20          0          0          0        208   daddsub.o
      1096         26        128          0          0        112   ddiv.o
       108         10          0          0          0         72   dfixi.o
        88          0          0          0          0         92   dflti.o
       584         26          0          0          0         84   dmul.o
         0          0          0          0          0          0   usenofp.o

    ----------------------------------------------------------------------
      3676         98        131          0         96       1404   Library Totals
        10          0          3          0          0          0   (incl. Padding)

    ----------------------------------------------------------------------

      Code (inc. data)   RO Data    RW Data    ZI Data      Debug   Library Name

       934         16          0          0         96        836   c_p.l
      2732         82        128          0          0        568   fz_ps.l

    ----------------------------------------------------------------------
      3676         98        131          0         96       1404   Library Totals

    ----------------------------------------------------------------------

==============================================================================


      Code (inc. data)   RO Data    RW Data    ZI Data      Debug   

     13792        692        388         96       1904     650395   Grand Totals
     13792        692        388         96       1904     650395   ELF Image Totals
     13792        692        388         96          0          0   ROM Totals

==============================================================================

    Total RO  Size (Code + RO Data)                14180 (  13.85kB)
    Total RW  Size (RW Data + ZI Data)              2000 (   1.95kB)
    Total ROM Size (Code + RO Data + RW Data)      14276 (  13.94kB)

==============================================================================

