Component: ARM Compiler 5.06 update 6 (build 750) Tool: armlink [4d35ed]

==============================================================================

Section Cross References

    startup_stm32l011xx.o(STACK) refers (Special) to heapauxi.o(.text) for __use_two_region_memory
    startup_stm32l011xx.o(HEAP) refers (Special) to heapauxi.o(.text) for __use_two_region_memory
    startup_stm32l011xx.o(RESET) refers (Special) to heapauxi.o(.text) for __use_two_region_memory
    startup_stm32l011xx.o(RESET) refers to startup_stm32l011xx.o(STACK) for __initial_sp
    startup_stm32l011xx.o(RESET) refers to startup_stm32l011xx.o(.text) for Reset_Handler
    startup_stm32l011xx.o(RESET) refers to stm32l0xx_it.o(i.NMI_Handler) for NMI_Handler
    startup_stm32l011xx.o(RESET) refers to stm32l0xx_it.o(i.HardFault_Handler) for HardFault_Handler
    startup_stm32l011xx.o(RESET) refers to stm32l0xx_it.o(i.SVC_Handler) for SVC_Handler
    startup_stm32l011xx.o(RESET) refers to stm32l0xx_it.o(i.PendSV_Handler) for PendSV_Handler
    startup_stm32l011xx.o(RESET) refers to stm32l0xx_it.o(i.SysTick_Handler) for SysTick_Handler
    startup_stm32l011xx.o(RESET) refers to stm32l0xx_it.o(i.USART2_IRQHandler) for USART2_IRQHandler
    startup_stm32l011xx.o(.text) refers (Special) to heapauxi.o(.text) for __use_two_region_memory
    startup_stm32l011xx.o(.text) refers to startup_stm32l011xx.o(STACK) for __initial_sp
    startup_stm32l011xx.o(.text) refers to system_stm32l0xx.o(i.SystemInit) for SystemInit
    startup_stm32l011xx.o(.text) refers to __main.o(!!!main) for __main
    startup_stm32l011xx.o(.text) refers to startup_stm32l011xx.o(HEAP) for Heap_Mem
    hs300x.o(i.HS300X_Init) refers to stm32l0xx_hal_i2c.o(i.HAL_I2C_Mem_Write) for HAL_I2C_Mem_Write
    hs300x.o(i.HS300X_Init) refers to stm32l0xx_hal.o(i.HAL_Delay) for HAL_Delay
    hs300x.o(i.HS300X_Init) refers to stm32l0xx_hal_i2c.o(i.HAL_I2C_Master_Transmit) for HAL_I2C_Master_Transmit
    hs300x.o(i.HS300X_Init) refers to stm32l0xx_hal_i2c.o(i.HAL_I2C_Master_Receive) for HAL_I2C_Master_Receive
    hs300x.o(i.HS300X_Start_Measurement) refers to stm32l0xx_hal_i2c.o(i.HAL_I2C_Master_Transmit) for HAL_I2C_Master_Transmit
    hs300x.o(i.HS300X_Start_Measurement) refers to stm32l0xx_hal.o(i.HAL_Delay) for HAL_Delay
    hs300x.o(i.HS300X_Start_Measurement) refers to stm32l0xx_hal_i2c.o(i.HAL_I2C_Master_Receive) for HAL_I2C_Master_Receive
    hs300x.o(i.HS300X_Start_Measurement) refers to fflti.o(.text) for __aeabi_ui2f
    hs300x.o(i.HS300X_Start_Measurement) refers to fdiv.o(.text) for __aeabi_fdiv
    hs300x.o(i.HS300X_Start_Measurement) refers to fmul.o(x$fpl$fmul) for __aeabi_fmul
    hs300x.o(i.HS300X_Start_Measurement) refers to ffixi.o(.text) for __aeabi_f2iz
    hs300x.o(i.HS300X_Start_Measurement) refers to faddsub.o(x$fpl$fsub) for __aeabi_fsub
    hs300x.o(i.HS300X_Start_Measurement) refers to hs300x.o(.data) for .data
    user_modbus_rtu.o(i.ModRTU_Master_Read_Frame) refers to user_modbus_rtu.o(i.ModRTU_CRC) for ModRTU_CRC
    user_modbus_rtu.o(i.ModRTU_Master_Write_Frame) refers to user_modbus_rtu.o(i.ModRTU_CRC) for ModRTU_CRC
    user_modbus_rtu.o(i.ModRTU_Slave_ACK_Read_Frame) refers to user_modbus_rtu.o(i.ModRTU_CRC) for ModRTU_CRC
    user_modbus_rtu.o(i.ModRTU_Slave_ACK_Write_Frame) refers to user_modbus_rtu.o(i.ModRTU_CRC) for ModRTU_CRC
    user_modbus_rtu.o(i.Response_Error) refers to user_modbus_rtu.o(i.ModRTU_CRC) for ModRTU_CRC
    user_uart.o(i.Check_CountBuffer_Complete_Uart) refers to stm32l0xx_hal.o(i.HAL_GetTick) for HAL_GetTick
    user_uart.o(i.Check_CountBuffer_Complete_Uart) refers to user_uart.o(.data) for .data
    user_uart.o(i.Transmit_Data_Uart) refers to strlen.o(.text) for strlen
    user_uart.o(i.Transmit_Data_Uart) refers to stm32l0xx_hal_uart.o(i.HAL_UART_Transmit) for HAL_UART_Transmit
    user_uart.o(i.Transmit_Data_Uart_Length) refers to stm32l0xx_hal_uart.o(i.HAL_UART_Transmit) for HAL_UART_Transmit
    uart_modbus_rtu.o(i.AT_Command_IF) refers to uart_modbus_rtu.o(i.Get_Length_Variable) for Get_Length_Variable
    uart_modbus_rtu.o(i.AT_Command_IF) refers to aeabi_sdiv.o(.text) for __aeabi_uidivmod
    uart_modbus_rtu.o(i.AT_Command_IF) refers to uart_modbus_rtu.o(i.Send_Data_Terminal) for Send_Data_Terminal
    uart_modbus_rtu.o(i.AT_Command_IF) refers to uart_modbus_rtu.o(.bss) for .bss
    uart_modbus_rtu.o(i.AT_Command_IF) refers to uart_modbus_rtu.o(.data) for .data
    uart_modbus_rtu.o(i.Change_Baudrate_AddrSlave_Calib) refers to uart_modbus_rtu.o(i.Terminal_Receive) for Terminal_Receive
    uart_modbus_rtu.o(i.Change_Baudrate_AddrSlave_Calib) refers to uart_modbus_rtu.o(i.Send_Data_Terminal) for Send_Data_Terminal
    uart_modbus_rtu.o(i.Change_Baudrate_AddrSlave_Calib) refers to uart_modbus_rtu.o(i.Uart2_Init) for Uart2_Init
    uart_modbus_rtu.o(i.Change_Baudrate_AddrSlave_Calib) refers to stm32l0xx_hal_uart.o(i.HAL_UART_Receive_IT) for HAL_UART_Receive_IT
[...]
    Removing stm32l0xx_hal_uart.o(.revsh_text), (4 bytes).
    Removing stm32l0xx_hal_uart.o(i.HAL_HalfDuplex_EnableReceiver), (78 bytes).
    Removing stm32l0xx_hal_uart.o(i.HAL_HalfDuplex_EnableTransmitter), (78 bytes).
    Removing stm32l0xx_hal_uart.o(i.HAL_HalfDuplex_Init), (116 bytes).
    Removing stm32l0xx_hal_uart.o(i.HAL_LIN_Init), (146 bytes).
    Removing stm32l0xx_hal_uart.o(i.HAL_LIN_SendBreak), (44 bytes).
    Removing stm32l0xx_hal_uart.o(i.HAL_MultiProcessor_DisableMuteMode), (58 bytes).
    Removing stm32l0xx_hal_uart.o(i.HAL_MultiProcessor_EnableMuteMode), (58 bytes).
    Removing stm32l0xx_hal_uart.o(i.HAL_MultiProcessor_EnterMuteMode), (12 bytes).
    Removing stm32l0xx_hal_uart.o(i.HAL_MultiProcessor_Init), (142 bytes).
    Removing stm32l0xx_hal_uart.o(i.HAL_UART_Abort), (250 bytes).
    Removing stm32l0xx_hal_uart.o(i.HAL_UART_AbortCpltCallback), (2 bytes).
    Removing stm32l0xx_hal_uart.o(i.HAL_UART_AbortReceive), (184 bytes).
    Removing stm32l0xx_hal_uart.o(i.HAL_UART_AbortReceiveCpltCallback), (2 bytes).
    Removing stm32l0xx_hal_uart.o(i.HAL_UART_AbortReceive_IT), (204 bytes).
    Removing stm32l0xx_hal_uart.o(i.HAL_UART_AbortTransmit), (112 bytes).
    Removing stm32l0xx_hal_uart.o(i.HAL_UART_AbortTransmitCpltCallback), (2 bytes).
    Removing stm32l0xx_hal_uart.o(i.HAL_UART_AbortTransmit_IT), (116 bytes).
    Removing stm32l0xx_hal_uart.o(i.HAL_UART_Abort_IT), (292 bytes).
    Removing stm32l0xx_hal_uart.o(i.HAL_UART_DMAPause), (130 bytes).
    Removing stm32l0xx_hal_uart.o(i.HAL_UART_DMAResume), (128 bytes).
    Removing stm32l0xx_hal_uart.o(i.HAL_UART_DMAStop), (154 bytes).
    Removing stm32l0xx_hal_uart.o(i.HAL_UART_DeInit), (66 bytes).
    Removing stm32l0xx_hal_uart.o(i.HAL_UART_DisableReceiverTimeout), (68 bytes).
    Removing stm32l0xx_hal_uart.o(i.HAL_UART_EnableReceiverTimeout), (68 bytes).
    Removing stm32l0xx_hal_uart.o(i.HAL_UART_GetError), (6 bytes).
    Removing stm32l0xx_hal_uart.o(i.HAL_UART_GetState), (10 bytes).
    Removing stm32l0xx_hal_uart.o(i.HAL_UART_MspDeInit), (2 bytes).
    Removing stm32l0xx_hal_uart.o(i.HAL_UART_MspInit), (2 bytes).
    Removing stm32l0xx_hal_uart.o(i.HAL_UART_Receive), (256 bytes).
    Removing stm32l0xx_hal_uart.o(i.HAL_UART_Receive_DMA), (100 bytes).
    Removing stm32l0xx_hal_uart.o(i.HAL_UART_ReceiverTimeout_Config), (24 bytes).
    Removing stm32l0xx_hal_uart.o(i.HAL_UART_RxCpltCallback), (2 bytes).
    Removing stm32l0xx_hal_uart.o(i.HAL_UART_RxHalfCpltCallback), (2 bytes).
    Removing stm32l0xx_hal_uart.o(i.HAL_UART_Transmit_DMA), (172 bytes).
    Removing stm32l0xx_hal_uart.o(i.HAL_UART_Transmit_IT), (120 bytes).
    Removing stm32l0xx_hal_uart.o(i.HAL_UART_TxHalfCpltCallback), (2 bytes).
    Removing stm32l0xx_hal_uart.o(i.UART_DMAError), (76 bytes).
    Removing stm32l0xx_hal_uart.o(i.UART_DMAReceiveCplt), (154 bytes).
    Removing stm32l0xx_hal_uart.o(i.UART_DMARxAbortCallback), (66 bytes).
    Removing stm32l0xx_hal_uart.o(i.UART_DMARxHalfCplt), (32 bytes).
    Removing stm32l0xx_hal_uart.o(i.UART_DMARxOnlyAbortCallback), (40 bytes).
    Removing stm32l0xx_hal_uart.o(i.UART_DMATransmitCplt), (76 bytes).
    Removing stm32l0xx_hal_uart.o(i.UART_DMATxAbortCallback), (54 bytes).
    Removing stm32l0xx_hal_uart.o(i.UART_DMATxHalfCplt), (10 bytes).
    Removing stm32l0xx_hal_uart.o(i.UART_DMATxOnlyAbortCallback), (20 bytes).
    Removing stm32l0xx_hal_uart.o(i.UART_EndTxTransfer), (32 bytes).
    Removing stm32l0xx_hal_uart.o(i.UART_Start_Receive_DMA), (176 bytes).
    Removing stm32l0xx_hal_uart.o(i.UART_TxISR_16BIT), (94 bytes).
    Removing stm32l0xx_hal_uart.o(i.UART_TxISR_8BIT), (90 bytes).
    Removing stm32l0xx_hal_uart_ex.o(.rev16_text), (4 bytes).
    Removing stm32l0xx_hal_uart_ex.o(.revsh_text), (4 bytes).
    Removing stm32l0xx_hal_uart_ex.o(i.HAL_MultiProcessorEx_AddressLength_Set), (52 bytes).
    Removing stm32l0xx_hal_uart_ex.o(i.HAL_RS485Ex_Init), (136 bytes).
    Removing stm32l0xx_hal_uart_ex.o(i.HAL_UARTEx_DisableClockStopMode), (50 bytes).
    Removing stm32l0xx_hal_uart_ex.o(i.HAL_UARTEx_DisableStopMode), (48 bytes).
    Removing stm32l0xx_hal_uart_ex.o(i.HAL_UARTEx_EnableClockStopMode), (50 bytes).
    Removing stm32l0xx_hal_uart_ex.o(i.HAL_UARTEx_EnableStopMode), (48 bytes).
    Removing stm32l0xx_hal_uart_ex.o(i.HAL_UARTEx_GetRxEventType), (4 bytes).
    Removing stm32l0xx_hal_uart_ex.o(i.HAL_UARTEx_ReceiveToIdle), (320 bytes).
    Removing stm32l0xx_hal_uart_ex.o(i.HAL_UARTEx_ReceiveToIdle_DMA), (102 bytes).
    Removing stm32l0xx_hal_uart_ex.o(i.HAL_UARTEx_ReceiveToIdle_IT), (102 bytes).
    Removing stm32l0xx_hal_uart_ex.o(i.HAL_UARTEx_StopModeWakeUpSourceConfig), (152 bytes).
    Removing system_stm32l0xx.o(.rev16_text), (4 bytes).
    Removing system_stm32l0xx.o(.revsh_text), (4 bytes).
    Removing system_stm32l0xx.o(i.SystemCoreClockUpdate), (156 bytes).

322 unused section(s) (total 22470 bytes) removed from the image.

==============================================================================

Image Symbol Table

    Local Symbols

    Symbol Name                              Value     Ov Type        Size  Object(Section)

    ../Core/Src/main.c                       0x00000000   Number         0  main.o ABSOLUTE
    ../Core/Src/stm32l0xx_hal_msp.c          0x00000000   Number         0  stm32l0xx_hal_msp.o ABSOLUTE
    ../Core/Src/stm32l0xx_it.c               0x00000000   Number         0  stm32l0xx_it.o ABSOLUTE
    ../Core/Src/system_stm32l0xx.c           0x00000000   Number         0  system_stm32l0xx.o ABSOLUTE
    ../Drivers/STM32L0xx_HAL_Driver/Src/stm32l0xx_hal.c 0x00000000   Number         0  stm32l0xx_hal.o ABSOLUTE
    ../Drivers/STM32L0xx_HAL_Driver/Src/stm32l0xx_hal_cortex.c 0x00000000   Number         0  stm32l0xx_hal_cortex.o ABSOLUTE
    ../Drivers/STM32L0xx_HAL_Driver/Src/stm32l0xx_hal_dma.c 0x00000000   Number         0  stm32l0xx_hal_dma.o ABSOLUTE
    ../Drivers/STM32L0xx_HAL_Driver/Src/stm32l0xx_hal_exti.c 0x00000000   Number         0  stm32l0xx_hal_exti.o ABSOLUTE
    ../Drivers/STM32L0xx_HAL_Driver/Src/stm32l0xx_hal_flash.c 0x00000000   Number         0  stm32l0xx_hal_flash.o ABSOLUTE
    ../Drivers/STM32L0xx_HAL_Driver/Src/stm32l0xx_hal_flash_ex.c 0x00000000   Number         0  stm32l0xx_hal_flash_ex.o ABSOLUTE
    ../Drivers/STM32L0xx_HAL_Driver/Src/stm32l0xx_hal_flash_ramfunc.c 0x00000000   Number         0  stm32l0xx_hal_flash_ramfunc.o ABSOLUTE
    ../Drivers/STM32L0xx_HAL_Driver/Src/stm32l0xx_hal_gpio.c 0x00000000   Number         0  stm32l0xx_hal_gpio.o ABSOLUTE
    ../Drivers/STM32L0xx_HAL_Driver/Src/stm32l0xx_hal_i2c.c 0x00000000   Number         0  stm32l0xx_hal_i2c.o ABSOLUTE
    ../Drivers/STM32L0xx_HAL_Driver/Src/stm32l0xx_hal_i2c_ex.c 0x00000000   Number         0  stm32l0xx_hal_i2c_ex.o ABSOLUTE
    ../Drivers/STM32L0xx_HAL_Driver/Src/stm32l0xx_hal_iwdg.c 0x00000000   Number         0  stm32l0xx_hal_iwdg.o ABSOLUTE
    ../Drivers/STM32L0xx_HAL_Driver/Src/stm32l0xx_hal_pwr.c 0x00000000   Number         0  stm32l0xx_hal_pwr.o ABSOLUTE
    ../Drivers/STM32L0xx_HAL_Driver/Src/stm32l0xx_hal_pwr_ex.c 0x00000000   Number         0  stm32l0xx_hal_pwr_ex.o ABSOLUTE
    ../Drivers/STM32L0xx_HAL_Driver/Src/stm32l0xx_hal_rcc.c 0x00000000   Number         0  stm32l0xx_hal_rcc.o ABSOLUTE
    ../Drivers/STM32L0xx_HAL_Driver/Src/stm32l0xx_hal_rcc_ex.c 0x00000000   Number         0  stm32l0xx_hal_rcc_ex.o ABSOLUTE
    ../Drivers/STM32L0xx_HAL_Driver/Src/stm32l0xx_hal_tim.c 0x00000000   Number         0  stm32l0xx_hal_tim.o ABSOLUTE
    ../Drivers/STM32L0xx_HAL_Driver/Src/stm32l0xx_hal_tim_ex.c 0x00000000   Number         0  stm32l0xx_hal_tim_ex.o ABSOLUTE
    ../Drivers/STM32L0xx_HAL_Driver/Src/stm32l0xx_hal_uart.c 0x00000000   Number         0  stm32l0xx_hal_uart.o ABSOLUTE
    ../Drivers/STM32L0xx_HAL_Driver/Src/stm32l0xx_hal_uart_ex.c 0x00000000   Number         0  stm32l0xx_hal_uart_ex.o ABSOLUTE
    ../clib/angel/boardlib.s                 0x00000000   Number         0  boardinit3.o ABSOLUTE
    ../clib/angel/boardlib.s                 0x00000000   Number         0  boardinit2.o ABSOLUTE
    ../clib/angel/boardlib.s                 0x00000000   Number         0  boardinit1.o ABSOLUTE
    ../clib/angel/boardlib.s                 0x00000000   Number         0  boardshut.o ABSOLUTE
    ../clib/angel/handlers.s                 0x00000000   Number         0  __scatter_copy.o ABSOLUTE
    ../clib/angel/handlers.s                 0x00000000   Number         0  __scatter_zi.o ABSOLUTE
    ../clib/angel/kernel.s                   0x00000000   Number         0  __rtentry4.o ABSOLUTE
    ../clib/angel/kernel.s                   0x00000000   Number         0  rtexit.o ABSOLUTE
    ../clib/angel/kernel.s                   0x00000000   Number         0  __rtentry.o ABSOLUTE
    ../clib/angel/kernel.s                   0x00000000   Number         0  rtexit2.o ABSOLUTE
    ../clib/angel/kernel.s                   0x00000000   Number         0  __rtentry2.o ABSOLUTE
    ../clib/angel/rt.s                       0x00000000   Number         0  rt_div0.o ABSOLUTE
    ../clib/angel/rt.s                       0x00000000   Number         0  aeabi_ldiv0_sigfpe.o ABSOLUTE
    ../clib/angel/rt.s                       0x00000000   Number         0  rt_raise.o ABSOLUTE
    ../clib/angel/rt.s                       0x00000000   Number         0  aeabi_idiv0_sigfpe.o ABSOLUTE
    ../clib/angel/rt.s                       0x00000000   Number         0  aeabi_ldiv0.o ABSOLUTE
    ../clib/angel/rt.s                       0x00000000   Number         0  aeabi_idiv0.o ABSOLUTE
    ../clib/angel/scatterp.s                 0x00000000   Number         0  __scatter.o ABSOLUTE
    ../clib/angel/startup.s                  0x00000000   Number         0  __main.o ABSOLUTE
    ../clib/angel/sys.s                      0x00000000   Number         0  libspace.o ABSOLUTE
    ../clib/angel/sys.s                      0x00000000   Number         0  sys_stackheap_outer.o ABSOLUTE
    ../clib/angel/sys.s                      0x00000000   Number         0  tempstk.o ABSOLUTE
    ../clib/angel/sys.s                      0x00000000   Number         0  use_no_semi.o ABSOLUTE
    ../clib/angel/sys.s                      0x00000000   Number         0  indicate_semi.o ABSOLUTE
    ../clib/angel/sysapp.c                   0x00000000   Number         0  sys_wrch.o ABSOLUTE
    ../clib/angel/sysapp.c                   0x00000000   Number         0  sys_command.o ABSOLUTE
    ../clib/angel/sysapp.c                   0x00000000   Number         0  sys_exit.o ABSOLUTE
    ../clib/armsys.c                         0x00000000   Number         0  argv_veneer.o ABSOLUTE
    ../clib/armsys.c                         0x00000000   Number         0  no_argv.o ABSOLUTE
    ../clib/armsys.c                         0x00000000   Number         0  _get_argv_nomalloc.o ABSOLUTE
    ../clib/division.c                       0x00000000   Number         0  lludiv.o ABSOLUTE
    ../clib/division.s                       0x00000000   Number         0  aeabi_sdiv.o ABSOLUTE
    ../clib/division.s                       0x00000000   Number         0  aeabi_sdiv_div0.o ABSOLUTE
    ../clib/heapalloc.c                      0x00000000   Number         0  hrguard.o ABSOLUTE
    ../clib/heapaux.c                        0x00000000   Number         0  heapauxi.o ABSOLUTE
    ../clib/libinit.s                        0x00000000   Number         0  libinit2.o ABSOLUTE
    ../clib/libinit.s                        0x00000000   Number         0  libinit.o ABSOLUTE
    ../clib/libinit.s                        0x00000000   Number         0  libshutdown2.o ABSOLUTE
    ../clib/libinit.s                        0x00000000   Number         0  libshutdown.o ABSOLUTE
    ../clib/memcpset.c                       0x00000000   Number         0  rt_memclr.o ABSOLUTE
    ../clib/signal.c                         0x00000000   Number         0  defsig_general.o ABSOLUTE
    ../clib/signal.c                         0x00000000   Number         0  defsig_exit.o ABSOLUTE
    ../clib/signal.c                         0x00000000   Number         0  __raise.o ABSOLUTE
    ../clib/signal.c                         0x00000000   Number         0  defsig_rtmem_inner.o ABSOLUTE
    ../clib/signal.c                         0x00000000   Number         0  defsig_abrt_inner.o ABSOLUTE
    ../clib/signal.c                         0x00000000   Number         0  defsig_fpe_inner.o ABSOLUTE
    ../clib/signal.c                         0x00000000   Number         0  defsig_rtred_inner.o ABSOLUTE
    ../clib/signal.c                         0x00000000   Number         0  defsig_pvfn_inner.o ABSOLUTE
    ../clib/signal.c                         0x00000000   Number         0  defsig_rtmem_outer.o ABSOLUTE
    ../clib/signal.c                         0x00000000   Number         0  defsig_rtmem_formal.o ABSOLUTE
    ../clib/signal.c                         0x00000000   Number         0  defsig_stak_inner.o ABSOLUTE
    ../clib/signal.c                         0x00000000   Number         0  defsig_fpe_outer.o ABSOLUTE
    ../clib/signal.c                         0x00000000   Number         0  defsig_cppl_inner.o ABSOLUTE
    ../clib/signal.c                         0x00000000   Number         0  defsig_segv_inner.o ABSOLUTE
    ../clib/signal.c                         0x00000000   Number         0  defsig_other.o ABSOLUTE
    ../clib/signal.c                         0x00000000   Number         0  defsig_fpe_formal.o ABSOLUTE
    ../clib/signal.s                         0x00000000   Number         0  defsig.o ABSOLUTE
    ../clib/stdlib.c                         0x00000000   Number         0  exit.o ABSOLUTE
    ../clib/string.c                         0x00000000   Number         0  strlen.o ABSOLUTE
    ../fplib/cfplib/fdiv.c                   0x00000000   Number         0  fdiv.o ABSOLUTE
    ../fplib/cfplib/ffix.c                   0x00000000   Number         0  ffixi.o ABSOLUTE
    ../fplib/cfplib/fflt.c                   0x00000000   Number         0  fflti.o ABSOLUTE
    ../fplib/cfplib/fpinit.c                 0x00000000   Number         0  fpinit.o ABSOLUTE
    ../fplib/faddsub6m.s                     0x00000000   Number         0  faddsub.o ABSOLUTE
    ../fplib/fmul6m.s                        0x00000000   Number         0  fmul.o ABSOLUTE
    ../fplib/usenofp.s                       0x00000000   Number         0  usenofp.o ABSOLUTE
    ..\Core\Src\main.c                       0x00000000   Number         0  main.o ABSOLUTE
    ..\Core\Src\stm32l0xx_hal_msp.c          0x00000000   Number         0  stm32l0xx_hal_msp.o ABSOLUTE
    ..\Core\Src\stm32l0xx_it.c               0x00000000   Number         0  stm32l0xx_it.o ABSOLUTE
    ..\Core\Src\system_stm32l0xx.c           0x00000000   Number         0  system_stm32l0xx.o ABSOLUTE
    ..\Core\Src\uart_modbus_rtu.c            0x00000000   Number         0  uart_modbus_rtu.o ABSOLUTE
    ..\Drivers\Mylib\Src\HS300x.c            0x00000000   Number         0  hs300x.o ABSOLUTE
    ..\Drivers\Mylib\Src\user_modbus_rtu.c   0x00000000   Number         0  user_modbus_rtu.o ABSOLUTE
    ..\Drivers\Mylib\Src\user_uart.c         0x00000000   Number         0  user_uart.o ABSOLUTE
    ..\Drivers\STM32L0xx_HAL_Driver\Src\stm32l0xx_hal.c 0x00000000   Number         0  stm32l0xx_hal.o ABSOLUTE
    ..\Drivers\STM32L0xx_HAL_Driver\Src\stm32l0xx_hal_cortex.c 0x00000000   Number         0  stm32l0xx_hal_cortex.o ABSOLUTE
    ..\Drivers\STM32L0xx_HAL_Driver\Src\stm32l0xx_hal_dma.c 0x00000000   Number         0  stm32l0xx_hal_dma.o ABSOLUTE
    ..\Drivers\STM32L0xx_HAL_Driver\Src\stm32l0xx_hal_exti.c 0x00000000   Number         0  stm32l0xx_hal_exti.o ABSOLUTE
    ..\Drivers\STM32L0xx_HAL_Driver\Src\stm32l0xx_hal_flash.c 0x00000000   Number         0  stm32l0xx_hal_flash.o ABSOLUTE
    ..\Drivers\STM32L0xx_HAL_Driver\Src\stm32l0xx_hal_flash_ex.c 0x00000000   Number         0  stm32l0xx_hal_flash_ex.o ABSOLUTE
    ..\Drivers\STM32L0xx_HAL_Driver\Src\stm32l0xx_hal_flash_ramfunc.c 0x00000000   Number         0  stm32l0xx_hal_flash_ramfunc.o ABSOLUTE
    ..\Drivers\STM32L0xx_HAL_Driver\Src\stm32l0xx_hal_gpio.c 0x00000000   Number         0  stm32l0xx_hal_gpio.o ABSOLUTE
    ..\Drivers\STM32L0xx_HAL_Driver\Src\stm32l0xx_hal_i2c.c 0x00000000   Number         0  stm32l0xx_hal_i2c.o ABSOLUTE
    ..\Drivers\STM32L0xx_HAL_Driver\Src\stm32l0xx_hal_i2c_ex.c 0x00000000   Number         0  stm32l0xx_hal_i2c_ex.o ABSOLUTE
    ..\Drivers\STM32L0xx_HAL_Driver\Src\stm32l0xx_hal_iwdg.c 0x00000000   Number         0  stm32l0xx_hal_iwdg.o ABSOLUTE
    ..\Drivers\STM32L0xx_HAL_Driver\Src\stm32l0xx_hal_pwr.c 0x00000000   Number         0  stm32l0xx_hal_pwr.o ABSOLUTE
    ..\Drivers\STM32L0xx_HAL_Driver\Src\stm32l0xx_hal_pwr_ex.c 0x00000000   Number         0  stm32l0xx_hal_pwr_ex.o ABSOLUTE
    ..\Drivers\STM32L0xx_HAL_Driver\Src\stm32l0xx_hal_rcc.c 0x00000000   Number         0  stm32l0xx_hal_rcc.o ABSOLUTE
    ..\Drivers\STM32L0xx_HAL_Driver\Src\stm32l0xx_hal_rcc_ex.c 0x00000000   Number         0  stm32l0xx_hal_rcc_ex.o ABSOLUTE
    ..\Drivers\STM32L0xx_HAL_Driver\Src\stm32l0xx_hal_tim.c 0x00000000   Number         0  stm32l0xx_hal_tim.o ABSOLUTE
    ..\Drivers\STM32L0xx_HAL_Driver\Src\stm32l0xx_hal_tim_ex.c 0x00000000   Number         0  stm32l0xx_hal_tim_ex.o ABSOLUTE
    ..\Drivers\STM32L0xx_HAL_Driver\Src\stm32l0xx_hal_uart.c 0x00000000   Number         0  stm32l0xx_hal_uart.o ABSOLUTE
    ..\Drivers\STM32L0xx_HAL_Driver\Src\stm32l0xx_hal_uart_ex.c 0x00000000   Number         0  stm32l0xx_hal_uart_ex.o ABSOLUTE
    ..\\Core\\Src\\uart_modbus_rtu.c         0x00000000   Number         0  uart_modbus_rtu.o ABSOLUTE
    ..\\Drivers\\Mylib\\Src\\HS300x.c        0x00000000   Number         0  hs300x.o ABSOLUTE
    ..\\Drivers\\Mylib\\Src\\user_modbus_rtu.c 0x00000000   Number         0  user_modbus_rtu.o ABSOLUTE
    ..\\Drivers\\Mylib\\Src\\user_uart.c     0x00000000   Number         0  user_uart.o ABSOLUTE
    dc.s                                     0x00000000   Number         0  dc.o ABSOLUTE
    startup_stm32l011xx.s                    0x00000000   Number         0  startup_stm32l011xx.o ABSOLUTE
    RESET                                    0x08000000   Section      192  startup_stm32l011xx.o(RESET)
    !!!main                                  0x080000c0   Section        8  __main.o(!!!main)
    !!!scatter                               0x080000c8   Section       60  __scatter.o(!!!scatter)
    !!handler_copy                           0x08000104   Section       26  __scatter_copy.o(!!handler_copy)
    !!handler_zi                             0x08000120   Section       28  __scatter_zi.o(!!handler_zi)
    .ARM.Collect$$libinit$$00000000          0x0800013c   Section        2  libinit.o(.ARM.Collect$$libinit$$00000000)
    .ARM.Collect$$libinit$$00000002          0x0800013e   Section        0  libinit2.o(.ARM.Collect$$libinit$$00000002)
    .ARM.Collect$$libinit$$00000004          0x0800013e   Section        0  libinit2.o(.ARM.Collect$$libinit$$00000004)
    .ARM.Collect$$libinit$$0000000A          0x0800013e   Section        0  libinit2.o(.ARM.Collect$$libinit$$0000000A)
    .ARM.Collect$$libinit$$0000000C          0x0800013e   Section        0  libinit2.o(.ARM.Collect$$libinit$$0000000C)
    .ARM.Collect$$libinit$$0000000E          0x0800013e   Section        0  libinit2.o(.ARM.Collect$$libinit$$0000000E)
    .ARM.Collect$$libinit$$00000011          0x0800013e   Section        0  libinit2.o(.ARM.Collect$$libinit$$00000011)
    .ARM.Collect$$libinit$$00000013          0x0800013e   Section        0  libinit2.o(.ARM.Collect$$libinit$$00000013)
    .ARM.Collect$$libinit$$00000015          0x0800013e   Section        0  libinit2.o(.ARM.Collect$$libinit$$00000015)
    .ARM.Collect$$libinit$$00000017          0x0800013e   Section        0  libinit2.o(.ARM.Collect$$libinit$$00000017)
    .ARM.Collect$$libinit$$00000019          0x0800013e   Section        0  libinit2.o(.ARM.Collect$$libinit$$00000019)
    .ARM.Collect$$libinit$$0000001B          0x0800013e   Section        0  libinit2.o(.ARM.Collect$$libinit$$0000001B)
    .ARM.Collect$$libinit$$0000001D          0x0800013e   Section        0  libinit2.o(.ARM.Collect$$libinit$$0000001D)
    .ARM.Collect$$libinit$$0000001F          0x0800013e   Section        0  libinit2.o(.ARM.Collect$$libinit$$0000001F)
    .ARM.Collect$$libinit$$00000021          0x0800013e   Section        0  libinit2.o(.ARM.Collect$$libinit$$00000021)
    .ARM.Collect$$libinit$$00000023          0x0800013e   Section        0  libinit2.o(.ARM.Collect$$libinit$$00000023)
    .ARM.Collect$$libinit$$00000025          0x0800013e   Section        0  libinit2.o(.ARM.Collect$$libinit$$00000025)
    .ARM.Collect$$libinit$$0000002C          0x0800013e   Section        0  libinit2.o(.ARM.Collect$$libinit$$0000002C)
    .ARM.Collect$$libinit$$0000002E          0x0800013e   Section        0  libinit2.o(.ARM.Collect$$libinit$$0000002E)
    .ARM.Collect$$libinit$$00000030          0x0800013e   Section        0  libinit2.o(.ARM.Collect$$libinit$$00000030)
    .ARM.Collect$$libinit$$00000032          0x0800013e   Section        0  libinit2.o(.ARM.Collect$$libinit$$00000032)
    .ARM.Collect$$libinit$$00000033          0x0800013e   Section        2  libinit2.o(.ARM.Collect$$libinit$$00000033)
    .ARM.Collect$$libshutdown$$00000000      0x08000140   Section        2  libshutdown.o(.ARM.Collect$$libshutdown$$00000000)
    .ARM.Collect$$libshutdown$$00000002      0x08000142   Section        0  libshutdown2.o(.ARM.Collect$$libshutdown$$00000002)
    .ARM.Collect$$libshutdown$$00000004      0x08000142   Section        0  libshutdown2.o(.ARM.Collect$$libshutdown$$00000004)
    .ARM.Collect$$libshutdown$$00000007      0x08000142   Section        0  libshutdown2.o(.ARM.Collect$$libshutdown$$00000007)
    .ARM.Collect$$libshutdown$$0000000A      0x08000142   Section        0  libshutdown2.o(.ARM.Collect$$libshutdown$$0000000A)
    .ARM.Collect$$libshutdown$$0000000C      0x08000142   Section        0  libshutdown2.o(.ARM.Collect$$libshutdown$$0000000C)
    .ARM.Collect$$libshutdown$$0000000F      0x08000142   Section        0  libshutdown2.o(.ARM.Collect$$libshutdown$$0000000F)
    .ARM.Collect$$libshutdown$$00000010      0x08000142   Section        2  libshutdown2.o(.ARM.Collect$$libshutdown$$00000010)
    .ARM.Collect$$rtentry$$00000000          0x08000144   Section        0  __rtentry.o(.ARM.Collect$$rtentry$$00000000)
    .ARM.Collect$$rtentry$$00000002          0x08000144   Section        0  __rtentry2.o(.ARM.Collect$$rtentry$$00000002)
    .ARM.Collect$$rtentry$$00000004          0x08000144   Section        6  __rtentry4.o(.ARM.Collect$$rtentry$$00000004)
    .ARM.Collect$$rtentry$$00000009          0x0800014a   Section        0  __rtentry2.o(.ARM.Collect$$rtentry$$00000009)
    .ARM.Collect$$rtentry$$0000000A          0x0800014a   Section        4  __rtentry2.o(.ARM.Collect$$rtentry$$0000000A)
    .ARM.Collect$$rtentry$$0000000C          0x0800014e   Section        0  __rtentry2.o(.ARM.Collect$$rtentry$$0000000C)
    .ARM.Collect$$rtentry$$0000000D          0x0800014e   Section        8  __rtentry2.o(.ARM.Collect$$rtentry$$0000000D)
    .ARM.Collect$$rtexit$$00000000           0x08000156   Section        2  rtexit.o(.ARM.Collect$$rtexit$$00000000)
    .ARM.Collect$$rtexit$$00000002           0x08000158   Section        0  rtexit2.o(.ARM.Collect$$rtexit$$00000002)
    .ARM.Collect$$rtexit$$00000003           0x08000158   Section        4  rtexit2.o(.ARM.Collect$$rtexit$$00000003)
    .ARM.Collect$$rtexit$$00000004           0x0800015c   Section        6  rtexit2.o(.ARM.Collect$$rtexit$$00000004)
    .text                                    0x08000164   Section      116  startup_stm32l011xx.o(.text)
    .text                                    0x080001d8   Section        0  lludiv.o(.text)
    .text                                    0x080002dc   Section        0  strlen.o(.text)
    .text                                    0x08000320   Section        0  rt_memclr.o(.text)
    .text                                    0x08000360   Section      346  aeabi_sdiv.o(.text)
    .text                                    0x080004ba   Section        0  heapauxi.o(.text)
    .text                                    0x080004c0   Section        0  fdiv.o(.text)
    .text                                    0x08000620   Section        0  ffixi.o(.text)
    .text                                    0x0800066c   Section        0  fflti.o(.text)
    .text                                    0x080006ca   Section       62  sys_stackheap_outer.o(.text)
    .text                                    0x08000708   Section        0  exit.o(.text)
    .text                                    0x08000718   Section        8  libspace.o(.text)
    .text                                    0x08000720   Section        0  sys_exit.o(.text)
    .text                                    0x0800072c   Section        2  use_no_semi.o(.text)
    .text                                    0x0800072e   Section        0  indicate_semi.o(.text)
    i.AT_Command_IF                          0x08000730   Section        0  uart_modbus_rtu.o(i.AT_Command_IF)
    i.Change_Baudrate_AddrSlave_Calib        0x080008cc   Section        0  uart_modbus_rtu.o(i.Change_Baudrate_AddrSlave_Calib)
    i.Check_CountBuffer_Complete_Uart        0x08000ba4   Section        0  user_uart.o(i.Check_CountBuffer_Complete_Uart)
    i.Delete_Buffer                          0x08000bf8   Section        0  user_uart.o(i.Delete_Buffer)
    i.FLASH_PageErase                        0x08000c10   Section        0  stm32l0xx_hal_flash_ex.o(i.FLASH_PageErase)
    i.FLASH_ReadData32                       0x08000c3c   Section        0  uart_modbus_rtu.o(i.FLASH_ReadData32)
    i.FLASH_SetErrorCode                     0x08000c40   Section        0  stm32l0xx_hal_flash.o(i.FLASH_SetErrorCode)
    FLASH_SetErrorCode                       0x08000c41   Thumb Code   134  stm32l0xx_hal_flash.o(i.FLASH_SetErrorCode)
    i.FLASH_WaitForLastOperation             0x08000cd0   Section        0  stm32l0xx_hal_flash.o(i.FLASH_WaitForLastOperation)
    i.FLASH_WritePage                        0x08000d40   Section        0  uart_modbus_rtu.o(i.FLASH_WritePage)
    i.Get_Length_Variable                    0x08000da8   Section        0  uart_modbus_rtu.o(i.Get_Length_Variable)
    i.HAL_DMA_Abort                          0x08000dc6   Section        0  stm32l0xx_hal_dma.o(i.HAL_DMA_Abort)
    i.HAL_DMA_Abort_IT                       0x08000e0a   Section        0  stm32l0xx_hal_dma.o(i.HAL_DMA_Abort_IT)
    i.HAL_Delay                              0x08000e58   Section        0  stm32l0xx_hal.o(i.HAL_Delay)
    i.HAL_FLASHEx_Erase                      0x08000e7c   Section        0  stm32l0xx_hal_flash_ex.o(i.HAL_FLASHEx_Erase)
    i.HAL_FLASH_Lock                         0x08000ef0   Section        0  stm32l0xx_hal_flash.o(i.HAL_FLASH_Lock)
    i.HAL_FLASH_Program                      0x08000f0c   Section        0  stm32l0xx_hal_flash.o(i.HAL_FLASH_Program)
    i.HAL_FLASH_Unlock                       0x08000f48   Section        0  stm32l0xx_hal_flash.o(i.HAL_FLASH_Unlock)
    i.HAL_GPIO_Init                          0x08000fa4   Section        0  stm32l0xx_hal_gpio.o(i.HAL_GPIO_Init)
    i.HAL_GPIO_WritePin                      0x080010e4   Section        0  stm32l0xx_hal_gpio.o(i.HAL_GPIO_WritePin)
    i.HAL_GetTick                            0x080010f0   Section        0  stm32l0xx_hal.o(i.HAL_GetTick)
    i.HAL_I2CEx_ConfigAnalogFilter           0x080010fc   Section        0  stm32l0xx_hal_i2c_ex.o(i.HAL_I2CEx_ConfigAnalogFilter)
    i.HAL_I2CEx_ConfigDigitalFilter          0x08001146   Section        0  stm32l0xx_hal_i2c_ex.o(i.HAL_I2CEx_ConfigDigitalFilter)
    i.HAL_I2C_Init                           0x08001190   Section        0  stm32l0xx_hal_i2c.o(i.HAL_I2C_Init)
    i.HAL_I2C_Master_Receive                 0x08001244   Section        0  stm32l0xx_hal_i2c.o(i.HAL_I2C_Master_Receive)
    i.HAL_I2C_Master_Transmit                0x08001354   Section        0  stm32l0xx_hal_i2c.o(i.HAL_I2C_Master_Transmit)
    i.HAL_I2C_MspInit                        0x08001464   Section        0  stm32l0xx_hal_msp.o(i.HAL_I2C_MspInit)
    i.HAL_IWDG_Init                          0x080014c0   Section        0  stm32l0xx_hal_iwdg.o(i.HAL_IWDG_Init)
    i.HAL_IWDG_Refresh                       0x0800152c   Section        0  stm32l0xx_hal_iwdg.o(i.HAL_IWDG_Refresh)
    i.HAL_IncTick                            0x0800153c   Section        0  stm32l0xx_hal.o(i.HAL_IncTick)
    i.HAL_Init                               0x0800154c   Section        0  stm32l0xx_hal.o(i.HAL_Init)
    i.HAL_InitTick                           0x08001574   Section        0  stm32l0xx_hal.o(i.HAL_InitTick)
    i.HAL_MspInit                            0x080015b8   Section        0  stm32l0xx_hal_msp.o(i.HAL_MspInit)
    i.HAL_NVIC_EnableIRQ                     0x080015d0   Section        0  stm32l0xx_hal_cortex.o(i.HAL_NVIC_EnableIRQ)
    i.HAL_NVIC_SetPriority                   0x080015e8   Section        0  stm32l0xx_hal_cortex.o(i.HAL_NVIC_SetPriority)
    i.HAL_RCCEx_PeriphCLKConfig              0x080015f0   Section        0  stm32l0xx_hal_rcc_ex.o(i.HAL_RCCEx_PeriphCLKConfig)
    i.HAL_RCC_ClockConfig                    0x08001758   Section        0  stm32l0xx_hal_rcc.o(i.HAL_RCC_ClockConfig)
    i.HAL_RCC_GetPCLK1Freq                   0x080018f4   Section        0  stm32l0xx_hal_rcc.o(i.HAL_RCC_GetPCLK1Freq)
    i.HAL_RCC_GetPCLK2Freq                   0x08001914   Section        0  stm32l0xx_hal_rcc.o(i.HAL_RCC_GetPCLK2Freq)
    i.HAL_RCC_GetSysClockFreq                0x08001934   Section        0  stm32l0xx_hal_rcc.o(i.HAL_RCC_GetSysClockFreq)
    i.HAL_RCC_OscConfig                      0x080019b0   Section        0  stm32l0xx_hal_rcc.o(i.HAL_RCC_OscConfig)
    i.HAL_SYSTICK_Callback                   0x08001de4   Section        0  stm32l0xx_hal_cortex.o(i.HAL_SYSTICK_Callback)
    i.HAL_SYSTICK_Config                     0x08001de8   Section        0  stm32l0xx_hal_cortex.o(i.HAL_SYSTICK_Config)
    i.HAL_SYSTICK_IRQHandler                 0x08001e18   Section        0  stm32l0xx_hal_cortex.o(i.HAL_SYSTICK_IRQHandler)
    i.HAL_UARTEx_RxEventCallback             0x08001e20   Section        0  stm32l0xx_hal_uart.o(i.HAL_UARTEx_RxEventCallback)
    i.HAL_UARTEx_WakeupCallback              0x08001e22   Section        0  stm32l0xx_hal_uart_ex.o(i.HAL_UARTEx_WakeupCallback)
    i.HAL_UART_ErrorCallback                 0x08001e24   Section        0  stm32l0xx_hal_uart.o(i.HAL_UART_ErrorCallback)
    i.HAL_UART_IRQHandler                    0x08001e28   Section        0  stm32l0xx_hal_uart.o(i.HAL_UART_IRQHandler)
    i.HAL_UART_Init                          0x080020d4   Section        0  stm32l0xx_hal_uart.o(i.HAL_UART_Init)
    i.HAL_UART_MspInit                       0x08002140   Section        0  stm32l0xx_hal_msp.o(i.HAL_UART_MspInit)
    i.HAL_UART_Receive_IT                    0x080021ac   Section        0  stm32l0xx_hal_uart.o(i.HAL_UART_Receive_IT)
    i.HAL_UART_RxCpltCallback                0x08002210   Section        0  main.o(i.HAL_UART_RxCpltCallback)
    i.HAL_UART_Transmit                      0x08002258   Section        0  stm32l0xx_hal_uart.o(i.HAL_UART_Transmit)
    i.HAL_UART_TxCpltCallback                0x08002318   Section        0  stm32l0xx_hal_uart.o(i.HAL_UART_TxCpltCallback)
    i.HS300X_Start_Measurement               0x0800231c   Section        0  hs300x.o(i.HS300X_Start_Measurement)
    i.HardFault_Handler                      0x080023e4   Section        0  stm32l0xx_it.o(i.HardFault_Handler)
    i.I2C_Flush_TXDR                         0x080023e6   Section        0  stm32l0xx_hal_i2c.o(i.I2C_Flush_TXDR)
    I2C_Flush_TXDR                           0x080023e7   Thumb Code    34  stm32l0xx_hal_i2c.o(i.I2C_Flush_TXDR)
    i.I2C_IsErrorOccurred                    0x08002408   Section        0  stm32l0xx_hal_i2c.o(i.I2C_IsErrorOccurred)
    I2C_IsErrorOccurred                      0x08002409   Thumb Code   258  stm32l0xx_hal_i2c.o(i.I2C_IsErrorOccurred)
    i.I2C_TransferConfig                     0x08002510   Section        0  stm32l0xx_hal_i2c.o(i.I2C_TransferConfig)
    I2C_TransferConfig                       0x08002511   Thumb Code    38  stm32l0xx_hal_i2c.o(i.I2C_TransferConfig)
    i.I2C_WaitOnFlagUntilTimeout             0x0800253c   Section        0  stm32l0xx_hal_i2c.o(i.I2C_WaitOnFlagUntilTimeout)
    I2C_WaitOnFlagUntilTimeout               0x0800253d   Thumb Code    98  stm32l0xx_hal_i2c.o(i.I2C_WaitOnFlagUntilTimeout)
    i.I2C_WaitOnRXNEFlagUntilTimeout         0x080025a0   Section        0  stm32l0xx_hal_i2c.o(i.I2C_WaitOnRXNEFlagUntilTimeout)
    I2C_WaitOnRXNEFlagUntilTimeout           0x080025a1   Thumb Code   154  stm32l0xx_hal_i2c.o(i.I2C_WaitOnRXNEFlagUntilTimeout)
    i.I2C_WaitOnSTOPFlagUntilTimeout         0x08002640   Section        0  stm32l0xx_hal_i2c.o(i.I2C_WaitOnSTOPFlagUntilTimeout)
    I2C_WaitOnSTOPFlagUntilTimeout           0x08002641   Thumb Code    86  stm32l0xx_hal_i2c.o(i.I2C_WaitOnSTOPFlagUntilTimeout)
    i.I2C_WaitOnTXISFlagUntilTimeout         0x08002696   Section        0  stm32l0xx_hal_i2c.o(i.I2C_WaitOnTXISFlagUntilTimeout)
    I2C_WaitOnTXISFlagUntilTimeout           0x08002697   Thumb Code    90  stm32l0xx_hal_i2c.o(i.I2C_WaitOnTXISFlagUntilTimeout)
    i.MX_I2C1_Init                           0x080026f0   Section        0  main.o(i.MX_I2C1_Init)
    MX_I2C1_Init                             0x080026f1   Thumb Code    76  main.o(i.MX_I2C1_Init)
    i.MX_USART2_UART_Init                    0x08002748   Section        0  main.o(i.MX_USART2_UART_Init)
    MX_USART2_UART_Init                      0x08002749   Thumb Code    48  main.o(i.MX_USART2_UART_Init)
    i.ModRTU_CRC                             0x08002780   Section        0  user_modbus_rtu.o(i.ModRTU_CRC)
    i.ModRTU_Slave_ACK_Read_Frame            0x080027b4   Section        0  user_modbus_rtu.o(i.ModRTU_Slave_ACK_Read_Frame)
    i.ModRTU_Slave_ACK_Write_Frame           0x08002800   Section        0  user_modbus_rtu.o(i.ModRTU_Slave_ACK_Write_Frame)
    i.ModbusRTU_Slave                        0x08002874   Section        0  uart_modbus_rtu.o(i.ModbusRTU_Slave)
    i.NMI_Handler                            0x08002a28   Section        0  stm32l0xx_it.o(i.NMI_Handler)
    i.Packing_Frame                          0x08002a2c   Section        0  uart_modbus_rtu.o(i.Packing_Frame)
    i.PendSV_Handler                         0x08002ae8   Section        0  stm32l0xx_it.o(i.PendSV_Handler)
    i.Response_Error                         0x08002aea   Section        0  user_modbus_rtu.o(i.Response_Error)
    i.SVC_Handler                            0x08002b12   Section        0  stm32l0xx_it.o(i.SVC_Handler)
    i.Send_Data_Terminal                     0x08002b14   Section        0  uart_modbus_rtu.o(i.Send_Data_Terminal)
    i.SysTick_Handler                        0x08002b68   Section        0  stm32l0xx_it.o(i.SysTick_Handler)
    i.SystemClock_Config                     0x08002b74   Section        0  main.o(i.SystemClock_Config)
    i.SystemInit                             0x08002c04   Section        0  system_stm32l0xx.o(i.SystemInit)
    i.Terminal_Receive                       0x08002c06   Section        0  uart_modbus_rtu.o(i.Terminal_Receive)
    i.UART_AdvFeatureConfig                  0x08002d06   Section        0  stm32l0xx_hal_uart.o(i.UART_AdvFeatureConfig)
    i.UART_CheckIdleState                    0x08002dd0   Section        0  stm32l0xx_hal_uart.o(i.UART_CheckIdleState)
    i.UART_DMAAbortOnError                   0x08002e94   Section        0  stm32l0xx_hal_uart.o(i.UART_DMAAbortOnError)
    UART_DMAAbortOnError                     0x08002e95   Thumb Code    20  stm32l0xx_hal_uart.o(i.UART_DMAAbortOnError)
    i.UART_EndRxTransfer                     0x08002ea8   Section        0  stm32l0xx_hal_uart.o(i.UART_EndRxTransfer)
    UART_EndRxTransfer                       0x08002ea9   Thumb Code    94  stm32l0xx_hal_uart.o(i.UART_EndRxTransfer)
    i.UART_RxISR_16BIT                       0x08002f08   Section        0  stm32l0xx_hal_uart.o(i.UART_RxISR_16BIT)
    UART_RxISR_16BIT                         0x08002f09   Thumb Code   214  stm32l0xx_hal_uart.o(i.UART_RxISR_16BIT)
    i.UART_RxISR_8BIT                        0x08002fe4   Section        0  stm32l0xx_hal_uart.o(i.UART_RxISR_8BIT)
    UART_RxISR_8BIT                          0x08002fe5   Thumb Code   214  stm32l0xx_hal_uart.o(i.UART_RxISR_8BIT)
    i.UART_SetConfig                         0x080030c0   Section        0  stm32l0xx_hal_uart.o(i.UART_SetConfig)
    i.UART_Start_Receive_IT                  0x080032a4   Section        0  stm32l0xx_hal_uart.o(i.UART_Start_Receive_IT)
    i.UART_WaitOnFlagUntilTimeout            0x0800336c   Section        0  stm32l0xx_hal_uart.o(i.UART_WaitOnFlagUntilTimeout)
    i.USART2_IRQHandler                      0x080033f8   Section        0  stm32l0xx_it.o(i.USART2_IRQHandler)
    i.Uart2_Init                             0x08003408   Section        0  uart_modbus_rtu.o(i.Uart2_Init)
    i.__ARM_common_ll_muluu                  0x0800344c   Section        0  stm32l0xx_hal_rcc.o(i.__ARM_common_ll_muluu)
    i.__ARM_common_switch8                   0x0800347c   Section        0  stm32l0xx_hal_dma.o(i.__ARM_common_switch8)
    i.__NVIC_SetPriority                     0x08003498   Section        0  stm32l0xx_hal_cortex.o(i.__NVIC_SetPriority)
    __NVIC_SetPriority                       0x08003499   Thumb Code    60  stm32l0xx_hal_cortex.o(i.__NVIC_SetPriority)
    i.main                                   0x080034dc   Section        0  main.o(i.main)
    x$fpl$fadd                               0x08003690   Section      140  faddsub.o(x$fpl$fadd)
    _fadd1                                   0x0800369d   Thumb Code     0  faddsub.o(x$fpl$fadd)
    x$fpl$fmul                               0x0800371c   Section      176  fmul.o(x$fpl$fmul)
    x$fpl$fsub                               0x080037cc   Section      208  faddsub.o(x$fpl$fsub)
    _fsub1                                   0x080037d9   Thumb Code     0  faddsub.o(x$fpl$fsub)
    .constdata                               0x0800389c   Section       25  system_stm32l0xx.o(.constdata)
    x$fpl$usenofp                            0x0800389c   Section        0  usenofp.o(x$fpl$usenofp)
    .constdata                               0x080038b5   Section        8  system_stm32l0xx.o(.constdata)
    .constdata                               0x080038bd   Section       64  fdiv.o(.constdata)
    fdiv_tab                                 0x080038bd   Data          64  fdiv.o(.constdata)
    .data                                    0x20000000   Section        1  hs300x.o(.data)
    .data                                    0x20000004   Section        8  user_uart.o(.data)
    .data                                    0x2000000c   Section       48  uart_modbus_rtu.o(.data)
    .data                                    0x2000003c   Section       52  main.o(.data)
    .data                                    0x20000070   Section       12  stm32l0xx_hal.o(.data)
    .data                                    0x2000007c   Section        4  system_stm32l0xx.o(.data)
    .bss                                     0x20000080   Section       21  uart_modbus_rtu.o(.bss)
    .bss                                     0x20000098   Section      236  main.o(.bss)
    .bss                                     0x20000184   Section       24  stm32l0xx_hal_flash.o(.bss)
    .bss                                     0x2000019c   Section       96  libspace.o(.bss)
    HEAP                                     0x20000200   Section      512  startup_stm32l011xx.o(HEAP)
    Heap_Mem                                 0x20000200   Data         512  startup_stm32l011xx.o(HEAP)
    STACK                                    0x20000400   Section     1024  startup_stm32l011xx.o(STACK)
    Stack_Mem                                0x20000400   Data        1024  startup_stm32l011xx.o(STACK)
    __initial_sp                             0x20000800   Data           0  startup_stm32l011xx.o(STACK)

    Global Symbols

    Symbol Name                              Value     Ov Type        Size  Object(Section)

    BuildAttributes$$THM_ISAv3M$S$PE$A:L22$X:L11$S22$IEEE1$IW$USESV6$~STKCKD$USESV7$~SHL$OSPACE$ROPI$EBA8$UX$STANDARDLIB$REQ8$PRES8$EABIv2 0x00000000   Number         0  anon$$obj.o ABSOLUTE
    __ARM_use_no_argv                        0x00000000   Number         0  main.o ABSOLUTE
    __ARM_exceptions_init                     - Undefined Weak Reference
    __alloca_initialize                       - Undefined Weak Reference
    __arm_preinit_                            - Undefined Weak Reference
    __cpp_initialize__aeabi_                  - Undefined Weak Reference
    __cxa_finalize                            - Undefined Weak Reference
    __rt_locale                               - Undefined Weak Reference
    __sigvec_lookup                           - Undefined Weak Reference
    _atexit_init                              - Undefined Weak Reference
    _call_atexit_fns                          - Undefined Weak Reference
    _clock_init                               - Undefined Weak Reference
    _fp_trap_init                             - Undefined Weak Reference
    _fp_trap_shutdown                         - Undefined Weak Reference
    _get_lc_collate                           - Undefined Weak Reference
    _get_lc_ctype                             - Undefined Weak Reference
    _get_lc_monetary                          - Undefined Weak Reference
    _get_lc_numeric                           - Undefined Weak Reference
    _get_lc_time                              - Undefined Weak Reference
    _getenv_init                              - Undefined Weak Reference
    _handle_redirection                       - Undefined Weak Reference
    _init_alloc                               - Undefined Weak Reference
    _init_user_alloc                          - Undefined Weak Reference
    _initio                                   - Undefined Weak Reference
    _rand_init                                - Undefined Weak Reference
    _signal_finish                            - Undefined Weak Reference
    _signal_init                              - Undefined Weak Reference
    _terminate_alloc                          - Undefined Weak Reference
    _terminate_user_alloc                     - Undefined Weak Reference
    _terminateio                              - Undefined Weak Reference
    __Vectors_Size                           0x000000c0   Number         0  startup_stm32l011xx.o ABSOLUTE
    __Vectors                                0x08000000   Data           4  startup_stm32l011xx.o(RESET)
    __Vectors_End                            0x080000c0   Data           0  startup_stm32l011xx.o(RESET)
    __main                                   0x080000c1   Thumb Code     8  __main.o(!!!main)
    __scatterload                            0x080000c9   Thumb Code     0  __scatter.o(!!!scatter)
    __scatterload_rt2                        0x080000c9   Thumb Code    52  __scatter.o(!!!scatter)
    __scatterload_rt2_thumb_only             0x080000c9   Thumb Code     0  __scatter.o(!!!scatter)
    __scatterload_null                       0x080000d9   Thumb Code     0  __scatter.o(!!!scatter)
    __scatterload_copy                       0x08000105   Thumb Code    26  __scatter_copy.o(!!handler_copy)
    __scatterload_zeroinit                   0x08000121   Thumb Code    28  __scatter_zi.o(!!handler_zi)
    __rt_lib_init                            0x0800013d   Thumb Code     0  libinit.o(.ARM.Collect$$libinit$$00000000)
    __rt_lib_init_alloca_1                   0x0800013f   Thumb Code     0  libinit2.o(.ARM.Collect$$libinit$$0000002E)
    __rt_lib_init_argv_1                     0x0800013f   Thumb Code     0  libinit2.o(.ARM.Collect$$libinit$$0000002C)
    __rt_lib_init_atexit_1                   0x0800013f   Thumb Code     0  libinit2.o(.ARM.Collect$$libinit$$0000001B)
    __rt_lib_init_clock_1                    0x0800013f   Thumb Code     0  libinit2.o(.ARM.Collect$$libinit$$00000021)
    __rt_lib_init_cpp_1                      0x0800013f   Thumb Code     0  libinit2.o(.ARM.Collect$$libinit$$00000032)
    __rt_lib_init_exceptions_1               0x0800013f   Thumb Code     0  libinit2.o(.ARM.Collect$$libinit$$00000030)
    __rt_lib_init_fp_1                       0x0800013f   Thumb Code     0  libinit2.o(.ARM.Collect$$libinit$$00000002)
    __rt_lib_init_fp_trap_1                  0x0800013f   Thumb Code     0  libinit2.o(.ARM.Collect$$libinit$$0000001F)
    __rt_lib_init_getenv_1                   0x0800013f   Thumb Code     0  libinit2.o(.ARM.Collect$$libinit$$00000023)
    __rt_lib_init_heap_1                     0x0800013f   Thumb Code     0  libinit2.o(.ARM.Collect$$libinit$$0000000A)
    __rt_lib_init_lc_collate_1               0x0800013f   Thumb Code     0  libinit2.o(.ARM.Collect$$libinit$$00000011)
    __rt_lib_init_lc_ctype_1                 0x0800013f   Thumb Code     0  libinit2.o(.ARM.Collect$$libinit$$00000013)
    __rt_lib_init_lc_monetary_1              0x0800013f   Thumb Code     0  libinit2.o(.ARM.Collect$$libinit$$00000015)
    __rt_lib_init_lc_numeric_1               0x0800013f   Thumb Code     0  libinit2.o(.ARM.Collect$$libinit$$00000017)
    __rt_lib_init_lc_time_1                  0x0800013f   Thumb Code     0  libinit2.o(.ARM.Collect$$libinit$$00000019)
    __rt_lib_init_preinit_1                  0x0800013f   Thumb Code     0  libinit2.o(.ARM.Collect$$libinit$$00000004)
    __rt_lib_init_rand_1                     0x0800013f   Thumb Code     0  libinit2.o(.ARM.Collect$$libinit$$0000000E)
    __rt_lib_init_return                     0x0800013f   Thumb Code     0  libinit2.o(.ARM.Collect$$libinit$$00000033)
    __rt_lib_init_signal_1                   0x0800013f   Thumb Code     0  libinit2.o(.ARM.Collect$$libinit$$0000001D)
    __rt_lib_init_stdio_1                    0x0800013f   Thumb Code     0  libinit2.o(.ARM.Collect$$libinit$$00000025)
    __rt_lib_init_user_alloc_1               0x0800013f   Thumb Code     0  libinit2.o(.ARM.Collect$$libinit$$0000000C)
    __rt_lib_shutdown                        0x08000141   Thumb Code     0  libshutdown.o(.ARM.Collect$$libshutdown$$00000000)
    __rt_lib_shutdown_cpp_1                  0x08000143   Thumb Code     0  libshutdown2.o(.ARM.Collect$$libshutdown$$00000002)
    __rt_lib_shutdown_fp_trap_1              0x08000143   Thumb Code     0  libshutdown2.o(.ARM.Collect$$libshutdown$$00000007)
    __rt_lib_shutdown_heap_1                 0x08000143   Thumb Code     0  libshutdown2.o(.ARM.Collect$$libshutdown$$0000000F)
    __rt_lib_shutdown_return                 0x08000143   Thumb Code     0  libshutdown2.o(.ARM.Collect$$libshutdown$$00000010)
    __rt_lib_shutdown_signal_1               0x08000143   Thumb Code     0  libshutdown2.o(.ARM.Collect$$libshutdown$$0000000A)
    __rt_lib_shutdown_stdio_1                0x08000143   Thumb Code     0  libshutdown2.o(.ARM.Collect$$libshutdown$$00000004)
    __rt_lib_shutdown_user_alloc_1           0x08000143   Thumb Code     0  libshutdown2.o(.ARM.Collect$$libshutdown$$0000000C)
    __rt_entry                               0x08000145   Thumb Code     0  __rtentry.o(.ARM.Collect$$rtentry$$00000000)
    __rt_entry_presh_1                       0x08000145   Thumb Code     0  __rtentry2.o(.ARM.Collect$$rtentry$$00000002)
    __rt_entry_sh                            0x08000145   Thumb Code     0  __rtentry4.o(.ARM.Collect$$rtentry$$00000004)
    __rt_entry_li                            0x0800014b   Thumb Code     0  __rtentry2.o(.ARM.Collect$$rtentry$$0000000A)
    __rt_entry_postsh_1                      0x0800014b   Thumb Code     0  __rtentry2.o(.ARM.Collect$$rtentry$$00000009)
    __rt_entry_main                          0x0800014f   Thumb Code     0  __rtentry2.o(.ARM.Collect$$rtentry$$0000000D)
    __rt_entry_postli_1                      0x0800014f   Thumb Code     0  __rtentry2.o(.ARM.Collect$$rtentry$$0000000C)
    __rt_exit                                0x08000157   Thumb Code     0  rtexit.o(.ARM.Collect$$rtexit$$00000000)
    __rt_exit_ls                             0x08000159   Thumb Code     0  rtexit2.o(.ARM.Collect$$rtexit$$00000003)
    __rt_exit_prels_1                        0x08000159   Thumb Code     0  rtexit2.o(.ARM.Collect$$rtexit$$00000002)
    __rt_exit_exit                           0x0800015d   Thumb Code     0  rtexit2.o(.ARM.Collect$$rtexit$$00000004)
    Reset_Handler                            0x08000165   Thumb Code    38  startup_stm32l011xx.o(.text)
    ADC1_COMP_IRQHandler                     0x08000195   Thumb Code     0  startup_stm32l011xx.o(.text)
    DMA1_Channel1_IRQHandler                 0x08000195   Thumb Code     0  startup_stm32l011xx.o(.text)
    DMA1_Channel2_3_IRQHandler               0x08000195   Thumb Code     0  startup_stm32l011xx.o(.text)
    DMA1_Channel4_5_IRQHandler               0x08000195   Thumb Code     0  startup_stm32l011xx.o(.text)
    EXTI0_1_IRQHandler                       0x08000195   Thumb Code     0  startup_stm32l011xx.o(.text)
    EXTI2_3_IRQHandler                       0x08000195   Thumb Code     0  startup_stm32l011xx.o(.text)
    EXTI4_15_IRQHandler                      0x08000195   Thumb Code     0  startup_stm32l011xx.o(.text)
    FLASH_IRQHandler                         0x08000195   Thumb Code     0  startup_stm32l011xx.o(.text)
    I2C1_IRQHandler                          0x08000195   Thumb Code     0  startup_stm32l011xx.o(.text)
    LPTIM1_IRQHandler                        0x08000195   Thumb Code     0  startup_stm32l011xx.o(.text)
    LPUART1_IRQHandler                       0x08000195   Thumb Code     0  startup_stm32l011xx.o(.text)
    PVD_IRQHandler                           0x08000195   Thumb Code     0  startup_stm32l011xx.o(.text)
    RCC_IRQHandler                           0x08000195   Thumb Code     0  startup_stm32l011xx.o(.text)
    RTC_IRQHandler                           0x08000195   Thumb Code     0  startup_stm32l011xx.o(.text)
    SPI1_IRQHandler                          0x08000195   Thumb Code     0  startup_stm32l011xx.o(.text)
    TIM21_IRQHandler                         0x08000195   Thumb Code     0  startup_stm32l011xx.o(.text)
    TIM2_IRQHandler                          0x08000195   Thumb Code     0  startup_stm32l011xx.o(.text)
    WWDG_IRQHandler                          0x08000195   Thumb Code     0  startup_stm32l011xx.o(.text)
    __user_initial_stackheap                 0x08000199   Thumb Code     0  startup_stm32l011xx.o(.text)
    __aeabi_uldivmod                         0x080001d9   Thumb Code   258  lludiv.o(.text)
    _ll_udiv                                 0x080001d9   Thumb Code     0  lludiv.o(.text)
    strlen                                   0x080002dd   Thumb Code    62  strlen.o(.text)
    _memset_w                                0x08000321   Thumb Code    26  rt_memclr.o(.text)
    _memset                                  0x0800033b   Thumb Code    30  rt_memclr.o(.text)
    __aeabi_memclr                           0x08000359   Thumb Code     4  rt_memclr.o(.text)
    __rt_memclr                              0x08000359   Thumb Code     0  rt_memclr.o(.text)
    __aeabi_memclr4                          0x0800035d   Thumb Code     0  rt_memclr.o(.text)
    __aeabi_memclr8                          0x0800035d   Thumb Code     0  rt_memclr.o(.text)
    __rt_memclr_w                            0x0800035d   Thumb Code     4  rt_memclr.o(.text)
    __aeabi_uidiv                            0x08000361   Thumb Code     0  aeabi_sdiv.o(.text)
    __aeabi_uidivmod                         0x08000361   Thumb Code    20  aeabi_sdiv.o(.text)
    __aeabi_idiv                             0x08000375   Thumb Code     0  aeabi_sdiv.o(.text)
    __aeabi_idivmod                          0x08000375   Thumb Code   326  aeabi_sdiv.o(.text)
    __use_two_region_memory                  0x080004bb   Thumb Code     2  heapauxi.o(.text)
    __rt_heap_escrow$2region                 0x080004bd   Thumb Code     2  heapauxi.o(.text)
    __rt_heap_expand$2region                 0x080004bf   Thumb Code     2  heapauxi.o(.text)
    __aeabi_fdiv                             0x080004c1   Thumb Code     0  fdiv.o(.text)
    _fdiv                                    0x080004c1   Thumb Code   334  fdiv.o(.text)
    _frdiv                                   0x0800060f   Thumb Code     8  fdiv.o(.text)
    __aeabi_f2iz                             0x08000621   Thumb Code     0  ffixi.o(.text)
    _ffix                                    0x08000621   Thumb Code    76  ffixi.o(.text)
    __aeabi_i2f_normalise                    0x0800066d   Thumb Code    72  fflti.o(.text)
    __aeabi_i2f                              0x080006b5   Thumb Code    16  fflti.o(.text)
    _fflt                                    0x080006b5   Thumb Code     0  fflti.o(.text)
    __aeabi_ui2f                             0x080006c5   Thumb Code     6  fflti.o(.text)
    _ffltu                                   0x080006c5   Thumb Code     0  fflti.o(.text)
    __user_setup_stackheap                   0x080006cb   Thumb Code    62  sys_stackheap_outer.o(.text)
    exit                                     0x08000709   Thumb Code    16  exit.o(.text)
    __user_libspace                          0x08000719   Thumb Code     8  libspace.o(.text)
    __user_perproc_libspace                  0x08000719   Thumb Code     0  libspace.o(.text)
    __user_perthread_libspace                0x08000719   Thumb Code     0  libspace.o(.text)
    _sys_exit                                0x08000721   Thumb Code     8  sys_exit.o(.text)
    __I$use$semihosting                      0x0800072d   Thumb Code     0  use_no_semi.o(.text)
    __use_no_semihosting_swi                 0x0800072d   Thumb Code     2  use_no_semi.o(.text)
    __semihosting_library_function           0x0800072f   Thumb Code     0  indicate_semi.o(.text)
    AT_Command_IF                            0x08000731   Thumb Code   402  uart_modbus_rtu.o(i.AT_Command_IF)
    Change_Baudrate_AddrSlave_Calib          0x080008cd   Thumb Code   720  uart_modbus_rtu.o(i.Change_Baudrate_AddrSlave_Calib)
    Check_CountBuffer_Complete_Uart          0x08000ba5   Thumb Code    78  user_uart.o(i.Check_CountBuffer_Complete_Uart)
    Delete_Buffer                            0x08000bf9   Thumb Code    22  user_uart.o(i.Delete_Buffer)
    FLASH_PageErase                          0x08000c11   Thumb Code    34  stm32l0xx_hal_flash_ex.o(i.FLASH_PageErase)
    FLASH_ReadData32                         0x08000c3d   Thumb Code     4  uart_modbus_rtu.o(i.FLASH_ReadData32)
    FLASH_WaitForLastOperation               0x08000cd1   Thumb Code   106  stm32l0xx_hal_flash.o(i.FLASH_WaitForLastOperation)
    FLASH_WritePage                          0x08000d41   Thumb Code   100  uart_modbus_rtu.o(i.FLASH_WritePage)
    Get_Length_Variable                      0x08000da9   Thumb Code    30  uart_modbus_rtu.o(i.Get_Length_Variable)
    HAL_DMA_Abort                            0x08000dc7   Thumb Code    68  stm32l0xx_hal_dma.o(i.HAL_DMA_Abort)
    HAL_DMA_Abort_IT                         0x08000e0b   Thumb Code    76  stm32l0xx_hal_dma.o(i.HAL_DMA_Abort_IT)
    HAL_Delay                                0x08000e59   Thumb Code    32  stm32l0xx_hal.o(i.HAL_Delay)
    HAL_FLASHEx_Erase                        0x08000e7d   Thumb Code   102  stm32l0xx_hal_flash_ex.o(i.HAL_FLASHEx_Erase)
    HAL_FLASH_Lock                           0x08000ef1   Thumb Code    22  stm32l0xx_hal_flash.o(i.HAL_FLASH_Lock)
    HAL_FLASH_Program                        0x08000f0d   Thumb Code    50  stm32l0xx_hal_flash.o(i.HAL_FLASH_Program)
    HAL_FLASH_Unlock                         0x08000f49   Thumb Code    70  stm32l0xx_hal_flash.o(i.HAL_FLASH_Unlock)
    HAL_GPIO_Init                            0x08000fa5   Thumb Code   300  stm32l0xx_hal_gpio.o(i.HAL_GPIO_Init)
    HAL_GPIO_WritePin                        0x080010e5   Thumb Code    12  stm32l0xx_hal_gpio.o(i.HAL_GPIO_WritePin)
    HAL_GetTick                              0x080010f1   Thumb Code     6  stm32l0xx_hal.o(i.HAL_GetTick)
    HAL_I2CEx_ConfigAnalogFilter             0x080010fd   Thumb Code    74  stm32l0xx_hal_i2c_ex.o(i.HAL_I2CEx_ConfigAnalogFilter)
    HAL_I2CEx_ConfigDigitalFilter            0x08001147   Thumb Code    72  stm32l0xx_hal_i2c_ex.o(i.HAL_I2CEx_ConfigDigitalFilter)
    HAL_I2C_Init                             0x08001191   Thumb Code   176  stm32l0xx_hal_i2c.o(i.HAL_I2C_Init)
    HAL_I2C_Master_Receive                   0x08001245   Thumb Code   262  stm32l0xx_hal_i2c.o(i.HAL_I2C_Master_Receive)
    HAL_I2C_Master_Transmit                  0x08001355   Thumb Code   262  stm32l0xx_hal_i2c.o(i.HAL_I2C_Master_Transmit)
    HAL_I2C_MspInit                          0x08001465   Thumb Code    82  stm32l0xx_hal_msp.o(i.HAL_I2C_MspInit)
    HAL_IWDG_Init                            0x080014c1   Thumb Code    94  stm32l0xx_hal_iwdg.o(i.HAL_IWDG_Init)
    HAL_IWDG_Refresh                         0x0800152d   Thumb Code    10  stm32l0xx_hal_iwdg.o(i.HAL_IWDG_Refresh)
    HAL_IncTick                              0x0800153d   Thumb Code    12  stm32l0xx_hal.o(i.HAL_IncTick)
    HAL_Init                                 0x0800154d   Thumb Code    36  stm32l0xx_hal.o(i.HAL_Init)
    HAL_InitTick                             0x08001575   Thumb Code    58  stm32l0xx_hal.o(i.HAL_InitTick)
    HAL_MspInit                              0x080015b9   Thumb Code    20  stm32l0xx_hal_msp.o(i.HAL_MspInit)
    HAL_NVIC_EnableIRQ                       0x080015d1   Thumb Code    18  stm32l0xx_hal_cortex.o(i.HAL_NVIC_EnableIRQ)
    HAL_NVIC_SetPriority                     0x080015e9   Thumb Code     8  stm32l0xx_hal_cortex.o(i.HAL_NVIC_SetPriority)
    HAL_RCCEx_PeriphCLKConfig                0x080015f1   Thumb Code   346  stm32l0xx_hal_rcc_ex.o(i.HAL_RCCEx_PeriphCLKConfig)
    HAL_RCC_ClockConfig                      0x08001759   Thumb Code   386  stm32l0xx_hal_rcc.o(i.HAL_RCC_ClockConfig)
    HAL_RCC_GetPCLK1Freq                     0x080018f5   Thumb Code    20  stm32l0xx_hal_rcc.o(i.HAL_RCC_GetPCLK1Freq)
    HAL_RCC_GetPCLK2Freq                     0x08001915   Thumb Code    20  stm32l0xx_hal_rcc.o(i.HAL_RCC_GetPCLK2Freq)
    HAL_RCC_GetSysClockFreq                  0x08001935   Thumb Code   110  stm32l0xx_hal_rcc.o(i.HAL_RCC_GetSysClockFreq)
    HAL_RCC_OscConfig                        0x080019b1   Thumb Code  1076  stm32l0xx_hal_rcc.o(i.HAL_RCC_OscConfig)
    HAL_SYSTICK_Callback                     0x08001de5   Thumb Code     2  stm32l0xx_hal_cortex.o(i.HAL_SYSTICK_Callback)
    HAL_SYSTICK_Config                       0x08001de9   Thumb Code    38  stm32l0xx_hal_cortex.o(i.HAL_SYSTICK_Config)
    HAL_SYSTICK_IRQHandler                   0x08001e19   Thumb Code     8  stm32l0xx_hal_cortex.o(i.HAL_SYSTICK_IRQHandler)
    HAL_UARTEx_RxEventCallback               0x08001e21   Thumb Code     2  stm32l0xx_hal_uart.o(i.HAL_UARTEx_RxEventCallback)
    HAL_UARTEx_WakeupCallback                0x08001e23   Thumb Code     2  stm32l0xx_hal_uart_ex.o(i.HAL_UARTEx_WakeupCallback)
    HAL_UART_ErrorCallback                   0x08001e25   Thumb Code     2  stm32l0xx_hal_uart.o(i.HAL_UART_ErrorCallback)
    HAL_UART_IRQHandler                      0x08001e29   Thumb Code   672  stm32l0xx_hal_uart.o(i.HAL_UART_IRQHandler)
    HAL_UART_Init                            0x080020d5   Thumb Code   106  stm32l0xx_hal_uart.o(i.HAL_UART_Init)
    HAL_UART_MspInit                         0x08002141   Thumb Code    98  stm32l0xx_hal_msp.o(i.HAL_UART_MspInit)
    HAL_UART_Receive_IT                      0x080021ad   Thumb Code    94  stm32l0xx_hal_uart.o(i.HAL_UART_Receive_IT)
    HAL_UART_RxCpltCallback                  0x08002211   Thumb Code    64  main.o(i.HAL_UART_RxCpltCallback)
    HAL_UART_Transmit                        0x08002259   Thumb Code   192  stm32l0xx_hal_uart.o(i.HAL_UART_Transmit)
    HAL_UART_TxCpltCallback                  0x08002319   Thumb Code     2  stm32l0xx_hal_uart.o(i.HAL_UART_TxCpltCallback)
    HS300X_Start_Measurement                 0x0800231d   Thumb Code   176  hs300x.o(i.HS300X_Start_Measurement)
    HardFault_Handler                        0x080023e5   Thumb Code     2  stm32l0xx_it.o(i.HardFault_Handler)
    ModRTU_CRC                               0x08002781   Thumb Code    42  user_modbus_rtu.o(i.ModRTU_CRC)
    ModRTU_Slave_ACK_Read_Frame              0x080027b5   Thumb Code    76  user_modbus_rtu.o(i.ModRTU_Slave_ACK_Read_Frame)
    ModRTU_Slave_ACK_Write_Frame             0x08002801   Thumb Code   116  user_modbus_rtu.o(i.ModRTU_Slave_ACK_Write_Frame)
    ModbusRTU_Slave                          0x08002875   Thumb Code   428  uart_modbus_rtu.o(i.ModbusRTU_Slave)
    NMI_Handler                              0x08002a29   Thumb Code     2  stm32l0xx_it.o(i.NMI_Handler)
    Packing_Frame                            0x08002a2d   Thumb Code   184  uart_modbus_rtu.o(i.Packing_Frame)
    PendSV_Handler                           0x08002ae9   Thumb Code     2  stm32l0xx_it.o(i.PendSV_Handler)
    Response_Error                           0x08002aeb   Thumb Code    40  user_modbus_rtu.o(i.Response_Error)
    SVC_Handler                              0x08002b13   Thumb Code     2  stm32l0xx_it.o(i.SVC_Handler)
    Send_Data_Terminal                       0x08002b15   Thumb Code    78  uart_modbus_rtu.o(i.Send_Data_Terminal)
    SysTick_Handler                          0x08002b69   Thumb Code    12  stm32l0xx_it.o(i.SysTick_Handler)
    SystemClock_Config                       0x08002b75   Thumb Code   140  main.o(i.SystemClock_Config)
    SystemInit                               0x08002c05   Thumb Code     2  system_stm32l0xx.o(i.SystemInit)
    Terminal_Receive                         0x08002c07   Thumb Code   256  uart_modbus_rtu.o(i.Terminal_Receive)
    UART_AdvFeatureConfig                    0x08002d07   Thumb Code   202  stm32l0xx_hal_uart.o(i.UART_AdvFeatureConfig)
    UART_CheckIdleState                      0x08002dd1   Thumb Code   190  stm32l0xx_hal_uart.o(i.UART_CheckIdleState)
    UART_SetConfig                           0x080030c1   Thumb Code   454  stm32l0xx_hal_uart.o(i.UART_SetConfig)
    UART_Start_Receive_IT                    0x080032a5   Thumb Code   188  stm32l0xx_hal_uart.o(i.UART_Start_Receive_IT)
    UART_WaitOnFlagUntilTimeout              0x0800336d   Thumb Code   138  stm32l0xx_hal_uart.o(i.UART_WaitOnFlagUntilTimeout)
    USART2_IRQHandler                        0x080033f9   Thumb Code    10  stm32l0xx_it.o(i.USART2_IRQHandler)
    Uart2_Init                               0x08003409   Thumb Code    64  uart_modbus_rtu.o(i.Uart2_Init)
    __ARM_common_ll_muluu                    0x0800344d   Thumb Code    48  stm32l0xx_hal_rcc.o(i.__ARM_common_ll_muluu)
    __ARM_common_switch8                     0x0800347d   Thumb Code    26  stm32l0xx_hal_dma.o(i.__ARM_common_switch8)
    main                                     0x080034dd   Thumb Code   400  main.o(i.main)
    __aeabi_fadd                             0x08003691   Thumb Code     0  faddsub.o(x$fpl$fadd)
    _fadd                                    0x08003691   Thumb Code   134  faddsub.o(x$fpl$fadd)
    __aeabi_fmul                             0x0800371d   Thumb Code     0  fmul.o(x$fpl$fmul)
    _fmul                                    0x0800371d   Thumb Code   172  fmul.o(x$fpl$fmul)
    __aeabi_fsub                             0x080037cd   Thumb Code     0  faddsub.o(x$fpl$fsub)
    _fsub                                    0x080037cd   Thumb Code   204  faddsub.o(x$fpl$fsub)
    AHBPrescTable                            0x0800389c   Data          16  system_stm32l0xx.o(.constdata)
    __I$use$fp                               0x0800389c   Number         0  usenofp.o(x$fpl$usenofp)
    PLLMulTable                              0x080038ac   Data           9  system_stm32l0xx.o(.constdata)
    APBPrescTable                            0x080038b5   Data           8  system_stm32l0xx.o(.constdata)
    Region$$Table$$Base                      0x08003900   Number         0  anon$$obj.o(Region$$Table)
    Region$$Table$$Limit                     0x08003920   Number         0  anon$$obj.o(Region$$Table)
    Number_Error_HS300X_u8                   0x20000000   Data           1  hs300x.o(.data)
    check_countBuffer_uart                   0x20000004   Data           2  user_uart.o(.data)
    State_systick_countBuffer_uart           0x20000006   Data           2  user_uart.o(.data)
    Get_systick_countBuffer_uart             0x20000008   Data           4  user_uart.o(.data)
    error                                    0x2000000c   Data           6  uart_modbus_rtu.o(.data)
    success                                  0x20000012   Data           8  uart_modbus_rtu.o(.data)
    baud_rate_value                          0x2000001c   Data          32  uart_modbus_rtu.o(.data)
    check_flash                              0x2000003c   Data           1  main.o(.data)
    addr_stm32l0xx                           0x2000003d   Data           1  main.o(.data)
    check_complete_read_sensor               0x2000003e   Data           1  main.o(.data)
    tem                                      0x20000040   Data           2  main.o(.data)
    humi                                     0x20000042   Data           2  main.o(.data)
    drop_tem                                 0x20000044   Data           2  main.o(.data)
    drop_humi                                0x20000046   Data           2  main.o(.data)
    GetTick_Ms                               0x20000048   Data           4  main.o(.data)
    baud_rate                                0x2000004c   Data           4  main.o(.data)
    gettick_reset                            0x20000050   Data           4  main.o(.data)
    sUart2                                   0x20000054   Data          28  main.o(.data)
    uwTickFreq                               0x20000070   Data           1  stm32l0xx_hal.o(.data)
    uwTickPrio                               0x20000074   Data           4  stm32l0xx_hal.o(.data)
    uwTick                                   0x20000078   Data           4  stm32l0xx_hal.o(.data)
    SystemCoreClock                          0x2000007c   Data           4  system_stm32l0xx.o(.data)
    Slave_IF                                 0x20000080   Data          21  uart_modbus_rtu.o(.bss)
    hi2c1                                    0x20000098   Data          84  main.o(.bss)
    hiwdg                                    0x200000ec   Data          16  main.o(.bss)
    huart2                                   0x200000fc   Data         136  main.o(.bss)
    pFlash                                   0x20000184   Data          24  stm32l0xx_hal_flash.o(.bss)
    __libspace_start                         0x2000019c   Data          96  libspace.o(.bss)
    __temporary_stack_top$libspace           0x200001fc   Data           0  libspace.o(.bss)



==============================================================================

Memory Map of the image

  Image Entry point : 0x080000c1

  Load Region LR_IROM1 (Base: 0x08000000, Size: 0x000039a0, Max: 0x00004000, ABSOLUTE)

    Execution Region ER_IROM1 (Exec base: 0x08000000, Load base: 0x08000000, Size: 0x00003920, Max: 0x00004000, ABSOLUTE)

    Exec Addr    Load Addr    Size         Type   Attr      Idx    E Section Name        Object

    0x08000000   0x08000000   0x000000c0   Data   RO            3    RESET               startup_stm32l011xx.o
    0x080000c0   0x080000c0   0x00000008   Code   RO         2663  * !!!main             c_p.l(__main.o)
    0x080000c8   0x080000c8   0x0000003c   Code   RO         2852    !!!scatter          c_p.l(__scatter.o)
    0x08000104   0x08000104   0x0000001a   Code   RO         2854    !!handler_copy      c_p.l(__scatter_copy.o)
    0x0800011e   0x0800011e   0x00000002   PAD
    0x08000120   0x08000120   0x0000001c   Code   RO         2856    !!handler_zi        c_p.l(__scatter_zi.o)
    0x0800013c   0x0800013c   0x00000002   Code   RO         2721    .ARM.Collect$$libinit$$00000000  c_p.l(libinit.o)
    0x0800013e   0x0800013e   0x00000000   Code   RO         2735    .ARM.Collect$$libinit$$00000002  c_p.l(libinit2.o)
    0x0800013e   0x0800013e   0x00000000   Code   RO         2737    .ARM.Collect$$libinit$$00000004  c_p.l(libinit2.o)
    0x0800013e   0x0800013e   0x00000000   Code   RO         2740    .ARM.Collect$$libinit$$0000000A  c_p.l(libinit2.o)
    0x0800013e   0x0800013e   0x00000000   Code   RO         2742    .ARM.Collect$$libinit$$0000000C  c_p.l(libinit2.o)
    0x0800013e   0x0800013e   0x00000000   Code   RO         2744    .ARM.Collect$$libinit$$0000000E  c_p.l(libinit2.o)
    0x0800013e   0x0800013e   0x00000000   Code   RO         2747    .ARM.Collect$$libinit$$00000011  c_p.l(libinit2.o)
    0x0800013e   0x0800013e   0x00000000   Code   RO         2749    .ARM.Collect$$libinit$$00000013  c_p.l(libinit2.o)
    0x0800013e   0x0800013e   0x00000000   Code   RO         2751    .ARM.Collect$$libinit$$00000015  c_p.l(libinit2.o)
    0x0800013e   0x0800013e   0x00000000   Code   RO         2753    .ARM.Collect$$libinit$$00000017  c_p.l(libinit2.o)
    0x0800013e   0x0800013e   0x00000000   Code   RO         2755    .ARM.Collect$$libinit$$00000019  c_p.l(libinit2.o)
    0x0800013e   0x0800013e   0x00000000   Code   RO         2757    .ARM.Collect$$libinit$$0000001B  c_p.l(libinit2.o)
    0x0800013e   0x0800013e   0x00000000   Code   RO         2759    .ARM.Collect$$libinit$$0000001D  c_p.l(libinit2.o)
    0x0800013e   0x0800013e   0x00000000   Code   RO         2761    .ARM.Collect$$libinit$$0000001F  c_p.l(libinit2.o)
    0x0800013e   0x0800013e   0x00000000   Code   RO         2763    .ARM.Collect$$libinit$$00000021  c_p.l(libinit2.o)
    0x0800013e   0x0800013e   0x00000000   Code   RO         2765    .ARM.Collect$$libinit$$00000023  c_p.l(libinit2.o)
    0x0800013e   0x0800013e   0x00000000   Code   RO         2767    .ARM.Collect$$libinit$$00000025  c_p.l(libinit2.o)
    0x0800013e   0x0800013e   0x00000000   Code   RO         2771    .ARM.Collect$$libinit$$0000002C  c_p.l(libinit2.o)
    0x0800013e   0x0800013e   0x00000000   Code   RO         2773    .ARM.Collect$$libinit$$0000002E  c_p.l(libinit2.o)
    0x0800013e   0x0800013e   0x00000000   Code   RO         2775    .ARM.Collect$$libinit$$00000030  c_p.l(libinit2.o)
    0x0800013e   0x0800013e   0x00000000   Code   RO         2777    .ARM.Collect$$libinit$$00000032  c_p.l(libinit2.o)
    0x0800013e   0x0800013e   0x00000002   Code   RO         2778    .ARM.Collect$$libinit$$00000033  c_p.l(libinit2.o)
    0x08000140   0x08000140   0x00000002   Code   RO         2809    .ARM.Collect$$libshutdown$$00000000  c_p.l(libshutdown.o)
    0x08000142   0x08000142   0x00000000   Code   RO         2835    .ARM.Collect$$libshutdown$$00000002  c_p.l(libshutdown2.o)
    0x08000142   0x08000142   0x00000000   Code   RO         2837    .ARM.Collect$$libshutdown$$00000004  c_p.l(libshutdown2.o)
    0x08000142   0x08000142   0x00000000   Code   RO         2840    .ARM.Collect$$libshutdown$$00000007  c_p.l(libshutdown2.o)
    0x08000142   0x08000142   0x00000000   Code   RO         2843    .ARM.Collect$$libshutdown$$0000000A  c_p.l(libshutdown2.o)
    0x08000142   0x08000142   0x00000000   Code   RO         2845    .ARM.Collect$$libshutdown$$0000000C  c_p.l(libshutdown2.o)
    0x08000142   0x08000142   0x00000000   Code   RO         2848    .ARM.Collect$$libshutdown$$0000000F  c_p.l(libshutdown2.o)
    0x08000142   0x08000142   0x00000002   Code   RO         2849    .ARM.Collect$$libshutdown$$00000010  c_p.l(libshutdown2.o)
    0x08000144   0x08000144   0x00000000   Code   RO         2680    .ARM.Collect$$rtentry$$00000000  c_p.l(__rtentry.o)
    0x08000144   0x08000144   0x00000000   Code   RO         2691    .ARM.Collect$$rtentry$$00000002  c_p.l(__rtentry2.o)
    0x08000144   0x08000144   0x00000006   Code   RO         2703    .ARM.Collect$$rtentry$$00000004  c_p.l(__rtentry4.o)
    0x0800014a   0x0800014a   0x00000000   Code   RO         2693    .ARM.Collect$$rtentry$$00000009  c_p.l(__rtentry2.o)
    0x0800014a   0x0800014a   0x00000004   Code   RO         2694    .ARM.Collect$$rtentry$$0000000A  c_p.l(__rtentry2.o)
    0x0800014e   0x0800014e   0x00000000   Code   RO         2696    .ARM.Collect$$rtentry$$0000000C  c_p.l(__rtentry2.o)
    0x0800014e   0x0800014e   0x00000008   Code   RO         2697    .ARM.Collect$$rtentry$$0000000D  c_p.l(__rtentry2.o)
    0x08000156   0x08000156   0x00000002   Code   RO         2726    .ARM.Collect$$rtexit$$00000000  c_p.l(rtexit.o)
    0x08000158   0x08000158   0x00000000   Code   RO         2782    .ARM.Collect$$rtexit$$00000002  c_p.l(rtexit2.o)
    0x08000158   0x08000158   0x00000004   Code   RO         2783    .ARM.Collect$$rtexit$$00000003  c_p.l(rtexit2.o)
    0x0800015c   0x0800015c   0x00000006   Code   RO         2784    .ARM.Collect$$rtexit$$00000004  c_p.l(rtexit2.o)
    0x08000162   0x08000162   0x00000002   PAD
    0x08000164   0x08000164   0x00000074   Code   RO            4    .text               startup_stm32l011xx.o
    0x080001d8   0x080001d8   0x00000102   Code   RO         2651    .text               c_p.l(lludiv.o)
    0x080002da   0x080002da   0x00000002   PAD
    0x080002dc   0x080002dc   0x00000044   Code   RO         2653    .text               c_p.l(strlen.o)
    0x08000320   0x08000320   0x00000040   Code   RO         2655    .text               c_p.l(rt_memclr.o)
    0x08000360   0x08000360   0x0000015a   Code   RO         2657    .text               c_p.l(aeabi_sdiv.o)
    0x080004ba   0x080004ba   0x00000006   Code   RO         2661    .text               c_p.l(heapauxi.o)
    0x080004c0   0x080004c0   0x00000160   Code   RO         2671    .text               fz_ps.l(fdiv.o)
    0x08000620   0x08000620   0x0000004c   Code   RO         2674    .text               fz_ps.l(ffixi.o)
    0x0800066c   0x0800066c   0x0000005e   Code   RO         2676    .text               fz_ps.l(fflti.o)
    0x080006ca   0x080006ca   0x0000003e   Code   RO         2707    .text               c_p.l(sys_stackheap_outer.o)
    0x08000708   0x08000708   0x00000010   Code   RO         2710    .text               c_p.l(exit.o)
    0x08000718   0x08000718   0x00000008   Code   RO         2722    .text               c_p.l(libspace.o)
    0x08000720   0x08000720   0x0000000c   Code   RO         2779    .text               c_p.l(sys_exit.o)
    0x0800072c   0x0800072c   0x00000002   Code   RO         2798    .text               c_p.l(use_no_semi.o)
    0x0800072e   0x0800072e   0x00000000   Code   RO         2800    .text               c_p.l(indicate_semi.o)
    0x0800072e   0x0800072e   0x00000002   PAD
    0x08000730   0x08000730   0x0000019c   Code   RO          244    i.AT_Command_IF     uart_modbus_rtu.o
    0x080008cc   0x080008cc   0x000002d8   Code   RO          245    i.Change_Baudrate_AddrSlave_Calib  uart_modbus_rtu.o
    0x08000ba4   0x08000ba4   0x00000054   Code   RO          197    i.Check_CountBuffer_Complete_Uart  user_uart.o
    0x08000bf8   0x08000bf8   0x00000016   Code   RO          198    i.Delete_Buffer     user_uart.o
    0x08000c0e   0x08000c0e   0x00000002   PAD
    0x08000c10   0x08000c10   0x0000002c   Code   RO         1492    i.FLASH_PageErase   stm32l0xx_hal_flash_ex.o
    0x08000c3c   0x08000c3c   0x00000004   Code   RO          246    i.FLASH_ReadData32  uart_modbus_rtu.o
    0x08000c40   0x08000c40   0x00000090   Code   RO         1391    i.FLASH_SetErrorCode  stm32l0xx_hal_flash.o
    0x08000cd0   0x08000cd0   0x00000070   Code   RO         1392    i.FLASH_WaitForLastOperation  stm32l0xx_hal_flash.o
    0x08000d40   0x08000d40   0x00000068   Code   RO          247    i.FLASH_WritePage   uart_modbus_rtu.o
    0x08000da8   0x08000da8   0x0000001e   Code   RO          248    i.Get_Length_Variable  uart_modbus_rtu.o
    0x08000dc6   0x08000dc6   0x00000044   Code   RO         1663    i.HAL_DMA_Abort     stm32l0xx_hal_dma.o
    0x08000e0a   0x08000e0a   0x0000004c   Code   RO         1664    i.HAL_DMA_Abort_IT  stm32l0xx_hal_dma.o
    0x08000e56   0x08000e56   0x00000002   PAD
    0x08000e58   0x08000e58   0x00000024   Code   RO         1008    i.HAL_Delay         stm32l0xx_hal.o
    0x08000e7c   0x08000e7c   0x00000074   Code   RO         1501    i.HAL_FLASHEx_Erase  stm32l0xx_hal_flash_ex.o
    0x08000ef0   0x08000ef0   0x0000001c   Code   RO         1396    i.HAL_FLASH_Lock    stm32l0xx_hal_flash.o
    0x08000f0c   0x08000f0c   0x0000003c   Code   RO         1401    i.HAL_FLASH_Program  stm32l0xx_hal_flash.o
    0x08000f48   0x08000f48   0x0000005c   Code   RO         1403    i.HAL_FLASH_Unlock  stm32l0xx_hal_flash.o
    0x08000fa4   0x08000fa4   0x00000140   Code   RO         1603    i.HAL_GPIO_Init     stm32l0xx_hal_gpio.o
    0x080010e4   0x080010e4   0x0000000c   Code   RO         1607    i.HAL_GPIO_WritePin  stm32l0xx_hal_gpio.o
    0x080010f0   0x080010f0   0x0000000c   Code   RO         1012    i.HAL_GetTick       stm32l0xx_hal.o
    0x080010fc   0x080010fc   0x0000004a   Code   RO          949    i.HAL_I2CEx_ConfigAnalogFilter  stm32l0xx_hal_i2c_ex.o
    0x08001146   0x08001146   0x00000048   Code   RO          950    i.HAL_I2CEx_ConfigDigitalFilter  stm32l0xx_hal_i2c_ex.o
    0x0800118e   0x0800118e   0x00000002   PAD
    0x08001190   0x08001190   0x000000b4   Code   RO          492    i.HAL_I2C_Init      stm32l0xx_hal_i2c.o
    0x08001244   0x08001244   0x00000110   Code   RO          498    i.HAL_I2C_Master_Receive  stm32l0xx_hal_i2c.o
    0x08001354   0x08001354   0x00000110   Code   RO          505    i.HAL_I2C_Master_Transmit  stm32l0xx_hal_i2c.o
    0x08001464   0x08001464   0x0000005c   Code   RO          438    i.HAL_I2C_MspInit   stm32l0xx_hal_msp.o
    0x080014c0   0x080014c0   0x0000006c   Code   RO         2089    i.HAL_IWDG_Init     stm32l0xx_hal_iwdg.o
    0x0800152c   0x0800152c   0x00000010   Code   RO         2090    i.HAL_IWDG_Refresh  stm32l0xx_hal_iwdg.o
    0x0800153c   0x0800153c   0x00000010   Code   RO         1018    i.HAL_IncTick       stm32l0xx_hal.o
    0x0800154c   0x0800154c   0x00000028   Code   RO         1019    i.HAL_Init          stm32l0xx_hal.o
    0x08001574   0x08001574   0x00000044   Code   RO         1020    i.HAL_InitTick      stm32l0xx_hal.o
    0x080015b8   0x080015b8   0x00000018   Code   RO          439    i.HAL_MspInit       stm32l0xx_hal_msp.o
    0x080015d0   0x080015d0   0x00000018   Code   RO         1929    i.HAL_NVIC_EnableIRQ  stm32l0xx_hal_cortex.o
    0x080015e8   0x080015e8   0x00000008   Code   RO         1933    i.HAL_NVIC_SetPriority  stm32l0xx_hal_cortex.o
    0x080015f0   0x080015f0   0x00000168   Code   RO         1288    i.HAL_RCCEx_PeriphCLKConfig  stm32l0xx_hal_rcc_ex.o
    0x08001758   0x08001758   0x0000019c   Code   RO         1205    i.HAL_RCC_ClockConfig  stm32l0xx_hal_rcc.o
    0x080018f4   0x080018f4   0x00000020   Code   RO         1210    i.HAL_RCC_GetPCLK1Freq  stm32l0xx_hal_rcc.o
    0x08001914   0x08001914   0x00000020   Code   RO         1211    i.HAL_RCC_GetPCLK2Freq  stm32l0xx_hal_rcc.o
    0x08001934   0x08001934   0x0000007c   Code   RO         1212    i.HAL_RCC_GetSysClockFreq  stm32l0xx_hal_rcc.o
    0x080019b0   0x080019b0   0x00000434   Code   RO         1214    i.HAL_RCC_OscConfig  stm32l0xx_hal_rcc.o
    0x08001de4   0x08001de4   0x00000002   Code   RO         1936    i.HAL_SYSTICK_Callback  stm32l0xx_hal_cortex.o
    0x08001de6   0x08001de6   0x00000002   PAD
    0x08001de8   0x08001de8   0x00000030   Code   RO         1937    i.HAL_SYSTICK_Config  stm32l0xx_hal_cortex.o
    0x08001e18   0x08001e18   0x00000008   Code   RO         1938    i.HAL_SYSTICK_IRQHandler  stm32l0xx_hal_cortex.o
    0x08001e20   0x08001e20   0x00000002   Code   RO         2152    i.HAL_UARTEx_RxEventCallback  stm32l0xx_hal_uart.o
    0x08001e22   0x08001e22   0x00000002   Code   RO         2542    i.HAL_UARTEx_WakeupCallback  stm32l0xx_hal_uart_ex.o
    0x08001e24   0x08001e24   0x00000002   Code   RO         2168    i.HAL_UART_ErrorCallback  stm32l0xx_hal_uart.o
    0x08001e26   0x08001e26   0x00000002   PAD
    0x08001e28   0x08001e28   0x000002ac   Code   RO         2171    i.HAL_UART_IRQHandler  stm32l0xx_hal_uart.o
    0x080020d4   0x080020d4   0x0000006a   Code   RO         2172    i.HAL_UART_Init     stm32l0xx_hal_uart.o
    0x0800213e   0x0800213e   0x00000002   PAD
    0x08002140   0x08002140   0x0000006c   Code   RO          441    i.HAL_UART_MspInit  stm32l0xx_hal_msp.o
    0x080021ac   0x080021ac   0x00000064   Code   RO         2177    i.HAL_UART_Receive_IT  stm32l0xx_hal_uart.o
    0x08002210   0x08002210   0x00000048   Code   RO          326    i.HAL_UART_RxCpltCallback  main.o
    0x08002258   0x08002258   0x000000c0   Code   RO         2181    i.HAL_UART_Transmit  stm32l0xx_hal_uart.o
    0x08002318   0x08002318   0x00000002   Code   RO         2184    i.HAL_UART_TxCpltCallback  stm32l0xx_hal_uart.o
    0x0800231a   0x0800231a   0x00000002   PAD
    0x0800231c   0x0800231c   0x000000c8   Code   RO           13    i.HS300X_Start_Measurement  hs300x.o
    0x080023e4   0x080023e4   0x00000002   Code   RO          383    i.HardFault_Handler  stm32l0xx_it.o
    0x080023e6   0x080023e6   0x00000022   Code   RO          539    i.I2C_Flush_TXDR    stm32l0xx_hal_i2c.o
    0x08002408   0x08002408   0x00000108   Code   RO          547    i.I2C_IsErrorOccurred  stm32l0xx_hal_i2c.o
    0x08002510   0x08002510   0x0000002c   Code   RO          556    i.I2C_TransferConfig  stm32l0xx_hal_i2c.o
    0x0800253c   0x0800253c   0x00000062   Code   RO          558    i.I2C_WaitOnFlagUntilTimeout  stm32l0xx_hal_i2c.o
    0x0800259e   0x0800259e   0x00000002   PAD
    0x080025a0   0x080025a0   0x000000a0   Code   RO          559    i.I2C_WaitOnRXNEFlagUntilTimeout  stm32l0xx_hal_i2c.o
    0x08002640   0x08002640   0x00000056   Code   RO          560    i.I2C_WaitOnSTOPFlagUntilTimeout  stm32l0xx_hal_i2c.o
    0x08002696   0x08002696   0x0000005a   Code   RO          561    i.I2C_WaitOnTXISFlagUntilTimeout  stm32l0xx_hal_i2c.o
    0x080026f0   0x080026f0   0x00000058   Code   RO          327    i.MX_I2C1_Init      main.o
    0x08002748   0x08002748   0x00000038   Code   RO          328    i.MX_USART2_UART_Init  main.o
    0x08002780   0x08002780   0x00000034   Code   RO          138    i.ModRTU_CRC        user_modbus_rtu.o
    0x080027b4   0x080027b4   0x0000004c   Code   RO          142    i.ModRTU_Slave_ACK_Read_Frame  user_modbus_rtu.o
    0x08002800   0x08002800   0x00000074   Code   RO          143    i.ModRTU_Slave_ACK_Write_Frame  user_modbus_rtu.o
    0x08002874   0x08002874   0x000001b4   Code   RO          249    i.ModbusRTU_Slave   uart_modbus_rtu.o
    0x08002a28   0x08002a28   0x00000002   Code   RO          384    i.NMI_Handler       stm32l0xx_it.o
    0x08002a2a   0x08002a2a   0x00000002   PAD
    0x08002a2c   0x08002a2c   0x000000bc   Code   RO          250    i.Packing_Frame     uart_modbus_rtu.o
    0x08002ae8   0x08002ae8   0x00000002   Code   RO          385    i.PendSV_Handler    stm32l0xx_it.o
    0x08002aea   0x08002aea   0x00000028   Code   RO          144    i.Response_Error    user_modbus_rtu.o
    0x08002b12   0x08002b12   0x00000002   Code   RO          386    i.SVC_Handler       stm32l0xx_it.o
    0x08002b14   0x08002b14   0x00000054   Code   RO          251    i.Send_Data_Terminal  uart_modbus_rtu.o
    0x08002b68   0x08002b68   0x0000000c   Code   RO          387    i.SysTick_Handler   stm32l0xx_it.o
    0x08002b74   0x08002b74   0x00000090   Code   RO          329    i.SystemClock_Config  main.o
    0x08002c04   0x08002c04   0x00000002   Code   RO         2618    i.SystemInit        system_stm32l0xx.o
    0x08002c06   0x08002c06   0x00000100   Code   RO          252    i.Terminal_Receive  uart_modbus_rtu.o
    0x08002d06   0x08002d06   0x000000ca   Code   RO         2186    i.UART_AdvFeatureConfig  stm32l0xx_hal_uart.o
    0x08002dd0   0x08002dd0   0x000000c4   Code   RO         2187    i.UART_CheckIdleState  stm32l0xx_hal_uart.o
    0x08002e94   0x08002e94   0x00000014   Code   RO         2188    i.UART_DMAAbortOnError  stm32l0xx_hal_uart.o
    0x08002ea8   0x08002ea8   0x0000005e   Code   RO         2198    i.UART_EndRxTransfer  stm32l0xx_hal_uart.o
    0x08002f06   0x08002f06   0x00000002   PAD
    0x08002f08   0x08002f08   0x000000dc   Code   RO         2200    i.UART_RxISR_16BIT  stm32l0xx_hal_uart.o
    0x08002fe4   0x08002fe4   0x000000dc   Code   RO         2201    i.UART_RxISR_8BIT   stm32l0xx_hal_uart.o
    0x080030c0   0x080030c0   0x000001e4   Code   RO         2202    i.UART_SetConfig    stm32l0xx_hal_uart.o
    0x080032a4   0x080032a4   0x000000c8   Code   RO         2204    i.UART_Start_Receive_IT  stm32l0xx_hal_uart.o
    0x0800336c   0x0800336c   0x0000008a   Code   RO         2207    i.UART_WaitOnFlagUntilTimeout  stm32l0xx_hal_uart.o
    0x080033f6   0x080033f6   0x00000002   PAD
    0x080033f8   0x080033f8   0x00000010   Code   RO          388    i.USART2_IRQHandler  stm32l0xx_it.o
    0x08003408   0x08003408   0x00000044   Code   RO          253    i.Uart2_Init        uart_modbus_rtu.o
    0x0800344c   0x0800344c   0x00000030   Code   RO         1273    i.__ARM_common_ll_muluu  stm32l0xx_hal_rcc.o
    0x0800347c   0x0800347c   0x0000001a   Code   RO         1748    i.__ARM_common_switch8  stm32l0xx_hal_dma.o
    0x08003496   0x08003496   0x00000002   PAD
    0x08003498   0x08003498   0x00000044   Code   RO         1939    i.__NVIC_SetPriority  stm32l0xx_hal_cortex.o
    0x080034dc   0x080034dc   0x000001b4   Code   RO          330    i.main              main.o
    0x08003690   0x08003690   0x0000008c   Code   RO         2665    x$fpl$fadd          fz_ps.l(faddsub.o)
    0x0800371c   0x0800371c   0x000000b0   Code   RO         2678    x$fpl$fmul          fz_ps.l(fmul.o)
    0x080037cc   0x080037cc   0x000000d0   Code   RO         2667    x$fpl$fsub          fz_ps.l(faddsub.o)
    0x0800389c   0x0800389c   0x00000000   Code   RO         2689    x$fpl$usenofp       fz_ps.l(usenofp.o)
    0x0800389c   0x0800389c   0x00000019   Data   RO         2619    .constdata          system_stm32l0xx.o
    0x080038b5   0x080038b5   0x00000008   Data   RO         2620    .constdata          system_stm32l0xx.o
    0x080038bd   0x080038bd   0x00000040   Data   RO         2672    .constdata          fz_ps.l(fdiv.o)
    0x080038fd   0x080038fd   0x00000003   PAD
    0x08003900   0x08003900   0x00000020   Data   RO         2850    Region$$Table       anon$$obj.o


    Execution Region RW_IRAM1 (Exec base: 0x20000000, Load base: 0x08003920, Size: 0x00000800, Max: 0x00000800, ABSOLUTE)

    Exec Addr    Load Addr    Size         Type   Attr      Idx    E Section Name        Object

    0x20000000   0x08003920   0x00000001   Data   RW           14    .data               hs300x.o
    0x20000001   0x08003921   0x00000003   PAD
    0x20000004   0x08003924   0x00000008   Data   RW          201    .data               user_uart.o
    0x2000000c   0x0800392c   0x00000030   Data   RW          255    .data               uart_modbus_rtu.o
    0x2000003c   0x0800395c   0x00000034   Data   RW          332    .data               main.o
    0x20000070   0x08003990   0x0000000c   Data   RW         1030    .data               stm32l0xx_hal.o
    0x2000007c   0x0800399c   0x00000004   Data   RW         2621    .data               system_stm32l0xx.o
    0x20000080        -       0x00000015   Zero   RW          254    .bss                uart_modbus_rtu.o
    0x20000095   0x080039a0   0x00000003   PAD
    0x20000098        -       0x000000ec   Zero   RW          331    .bss                main.o
    0x20000184        -       0x00000018   Zero   RW         1404    .bss                stm32l0xx_hal_flash.o
    0x2000019c        -       0x00000060   Zero   RW         2723    .bss                c_p.l(libspace.o)
    0x200001fc   0x080039a0   0x00000004   PAD
    0x20000200        -       0x00000200   Zero   RW            2    HEAP                startup_stm32l011xx.o
    0x20000400        -       0x00000400   Zero   RW            1    STACK               startup_stm32l011xx.o


==============================================================================

Image component sizes


      Code (inc. data)   RO Data    RW Data    ZI Data      Debug   Object Name

       200         24          0          1          0     286768   hs300x.o
       796         68          0         52        236      12351   main.o
       116         56        192          0       1536        684   startup_stm32l011xx.o
       172         28          0         12          0       8225   stm32l0xx_hal.o
       158         24          0          0          0      11673   stm32l0xx_hal_cortex.o
       170          0          0          0          0       1839   stm32l0xx_hal_dma.o
       436         54          0          0         24       9014   stm32l0xx_hal_flash.o
       160         24          0          0          0       2662   stm32l0xx_hal_flash_ex.o
       332         20          0          0          0       2092   stm32l0xx_hal_gpio.o
      1500         42          0          0          0      11386   stm32l0xx_hal_i2c.o
       146          0          0          0          0       1951   stm32l0xx_hal_i2c_ex.o
       124         20          0          0          0       1911   stm32l0xx_hal_iwdg.o
       224         24          0          0          0       2139   stm32l0xx_hal_msp.o
      1724         96          0          0          0       5796   stm32l0xx_hal_rcc.o
       360         14          0          0          0       1544   stm32l0xx_hal_rcc_ex.o
      2862        102          0          0          0      19469   stm32l0xx_hal_uart.o
         2          0          0          0          0       1056   stm32l0xx_hal_uart_ex.o
        36          6          0          0          0       2711   stm32l0xx_it.o
         2          0         33          4          0       1223   system_stm32l0xx.o
      2310         44          0         48         21      12497   uart_modbus_rtu.o
       284         10          0          0          0       4347   user_modbus_rtu.o
       106          6          0          8          0       2655   user_uart.o

    ----------------------------------------------------------------------
     12244        662        257        128       1820     403993   Object Totals
         0          0         32          0          0          0   (incl. Generated)
        24          0          0          3          3          0   (incl. Padding)

    ----------------------------------------------------------------------

      Code (inc. data)   RO Data    RW Data    ZI Data      Debug   Library Member Name

         8          0          0          0          0         68   __main.o
         0          0          0          0          0          0   __rtentry.o
        12          0          0          0          0          0   __rtentry2.o
         6          0          0          0          0          0   __rtentry4.o
        60          8          0          0          0          0   __scatter.o
        26          0          0          0          0          0   __scatter_copy.o
        28          0          0          0          0          0   __scatter_zi.o
       346          0          0          0          0         92   aeabi_sdiv.o
        16          0          0          0          0         68   exit.o
         6          0          0          0          0        136   heapauxi.o
         0          0          0          0          0          0   indicate_semi.o
         2          0          0          0          0          0   libinit.o
         2          0          0          0          0          0   libinit2.o
         2          0          0          0          0          0   libshutdown.o
         2          0          0          0          0          0   libshutdown2.o
         8          4          0          0         96         68   libspace.o
       258          0          0          0          0         88   lludiv.o
        64          0          0          0          0        108   rt_memclr.o
         2          0          0          0          0          0   rtexit.o
        10          0          0          0          0          0   rtexit2.o
        68          6          0          0          0         72   strlen.o
        12          4          0          0          0         60   sys_exit.o
        62          0          0          0          0         80   sys_stackheap_outer.o
         2          0          0          0          0         68   use_no_semi.o
       348          8          0          0          0        160   faddsub.o
       352         10         64          0          0         92   fdiv.o
        76          0          0          0          0         68   ffixi.o
        94          0          0          0          0         92   fflti.o
       176          4          0          0          0         80   fmul.o
         0          0          0          0          0          0   usenofp.o

    ----------------------------------------------------------------------
      2056         44         67          0        100       1400   Library Totals
         8          0          3          0          4          0   (incl. Padding)

    ----------------------------------------------------------------------

      Code (inc. data)   RO Data    RW Data    ZI Data      Debug   Library Name

      1002         22          0          0         96        908   c_p.l
      1046         22         64          0          0        492   fz_ps.l

    ----------------------------------------------------------------------
      2056         44         67          0        100       1400   Library Totals

    ----------------------------------------------------------------------

==============================================================================


      Code (inc. data)   RO Data    RW Data    ZI Data      Debug   

     14300        706        324        128       1920     400913   Grand Totals
     14300        706        324        128       1920     400913   ELF Image Totals
     14300        706        324        128          0          0   ROM Totals

==============================================================================

    Total RO  Size (Code + RO Data)                14624 (  14.28kB)
    Total RW  Size (RW Data + ZI Data)              2048 (   2.00kB)
    Total ROM Size (Code + RO Data + RW Data)      14752 (  14.41kB)

==============================================================================

